#
# There is insufficient memory for the Java Runtime Environment to continue.
# Native memory allocation (malloc) failed to allocate 1048576 bytes. Error detail: AllocateHeap
# Possible reasons:
#   The system is out of physical RAM or swap space
#   This process is running with CompressedOops enabled, and the Java Heap may be blocking the growth of the native heap
# Possible solutions:
#   Reduce memory load on the system
#   Increase physical memory or swap space
#   Check if swap backing store is full
#   Decrease Java heap size (-Xmx/-Xms)
#   Decrease number of Java threads
#   Decrease Java thread stack sizes (-Xss)
#   Set larger code cache with -XX:ReservedCodeCacheSize=
#   JVM is running with Unscaled Compressed Oops mode in which the Java heap is
#     placed in the first 4GB address space. The Java Heap base address is the
#     maximum limit for the native heap growth. Please use -XX:HeapBaseMinAddress
#     to set the Java Heap base and to place the Java Heap above 4GB virtual address.
# This output file may be truncated or incomplete.
#
#  Out of Memory Error (allocation.cpp:44), pid=13404, tid=19544
#
# JRE version: OpenJDK Runtime Environment Temurin-21.0.10+7 (21.0.10+7) (build 21.0.10+7-LTS)
# Java VM: OpenJDK 64-Bit Server VM Temurin-21.0.10+7 (21.0.10+7-LTS, mixed mode, sharing, tiered, compressed oops, compressed class ptrs, parallel gc, windows-amd64)
# No core dump will be written. Minidumps are not enabled by default on client versions of Windows
#

---------------  S U M M A R Y ------------

Command Line: --add-modules=ALL-SYSTEM --add-opens=java.base/java.util=ALL-UNNAMED --add-opens=java.base/java.lang=ALL-UNNAMED --add-opens=java.base/sun.nio.fs=ALL-UNNAMED -Declipse.application=org.eclipse.jdt.ls.core.id1 -Dosgi.bundles.defaultStartLevel=4 -Declipse.product=org.eclipse.jdt.ls.core.product -Djava.import.generatesMetadataFilesAtProjectRoot=false -DDetectVMInstallationsJob.disabled=true -Dfile.encoding=utf8 -XX:+UseParallelGC -XX:GCTimeRatio=4 -XX:AdaptiveSizePolicyWeight=90 -Dsun.zip.disableMemoryMapping=true -Xmx2G -Xms100m -Xlog:disable -javaagent:c:\Users\26738\.vscode\extensions\redhat.java-1.54.0-win32-x64\lombok\lombok-1.18.39-4050.jar -XX:+HeapDumpOnOutOfMemoryError -XX:HeapDumpPath=c:\Users\26738\AppData\Roaming\Code\User\workspaceStorage\aa6ddfe8fe14924d1cf1a656ad6f9cfc\redhat.java -Daether.dependencyCollector.impl=bf c:\Users\26738\.vscode\extensions\redhat.java-1.54.0-win32-x64\server\plugins\org.eclipse.equinox.launcher_1.7.100.v20251111-0406.jar -configuration c:\Users\26738\AppData\Roaming\Code\User\globalStorage\redhat.java\1.54.0\config_win -data c:\Users\26738\AppData\Roaming\Code\User\workspaceStorage\aa6ddfe8fe14924d1cf1a656ad6f9cfc\redhat.java\jdt_ws --pipe=\\.\pipe\lsp-0926e067ad8c95c41f64f4c49380a419-sock

Host: 13th Gen Intel(R) Core(TM) i7-13650HX, 20 cores, 15G,  Windows 11 , 64 bit Build 26100 (10.0.26100.8246)
Time: Sun May 17 00:24:00 2026 elapsed time: 35392.470511 seconds (0d 9h 49m 52s)

---------------  T H R E A D  ---------------

Current thread (0x000001ddf8f263a0):  JavaThread "Attach Listener" daemon [_thread_in_vm, id=19544, stack(0x0000002553400000,0x0000002553500000) (1024K)]

Stack: [0x0000002553400000,0x0000002553500000]
Native frames: (J=compiled Java code, j=interpreted, Vv=VM code, C=native code)
V  [jvm.dll+0x6d7a39]
V  [jvm.dll+0x8b4b26]
V  [jvm.dll+0x8b70de]
V  [jvm.dll+0x8b77c3]
V  [jvm.dll+0x284346]
V  [jvm.dll+0xc1277]
V  [jvm.dll+0x6d82e9]
V  [jvm.dll+0x1334a6]
V  [jvm.dll+0x3f857e]
V  [jvm.dll+0x85f59d]
V  [jvm.dll+0x6d626d]
C  [ucrtbase.dll+0x37b0]
C  [KERNEL32.DLL+0x2e8d7]
C  [ntdll.dll+0x8c3fc]


---------------  P R O C E S S  ---------------

Threads class SMR info:
_java_thread_list=0x000001dddca1cc60, length=46, elements={
0x000001ddf0171500, 0x000001ddf8f1dfc0, 0x000001ddf8f1ece0, 0x000001ddf8f235d0,
0x000001ddf8f263a0, 0x000001ddf8f27060, 0x000001ddf8f27d40, 0x000001ddf021f450,
0x000001ddf0222b60, 0x000001ddf91a9a70, 0x000001ddff0a37f0, 0x000001ddd0234920,
0x000001ddf91ef450, 0x000001ddd0397f20, 0x000001ddf91307c0, 0x000001ddf9007960,
0x000001ddd01f23c0, 0x000001ddd03e20b0, 0x000001ddd09674c0, 0x000001ddd096a940,
0x000001ddd09681e0, 0x000001ddd0969590, 0x000001ddd0969c20, 0x000001ddd2587090,
0x000001ddd2587720, 0x000001ddd2585ce0, 0x000001ddd2585650, 0x000001ddd2587db0,
0x000001ddd2588440, 0x000001ddd2588ad0, 0x000001ddd2589160, 0x000001ddd25897f0,
0x000001ddd2586370, 0x000001ddd2589e80, 0x000001ddd2586a00, 0x000001ddd258b8c0,
0x000001ddd258bf50, 0x000001ddd258c5e0, 0x000001ddd258cc70, 0x000001ddd258a510,
0x000001ddd258aba0, 0x000001ddd251e720, 0x000001ddd2521510, 0x000001ddd2522230,
0x000001ddd1d30ce0, 0x000001ddd3323d50
}

Java Threads: ( => current thread )
  0x000001ddf0171500 JavaThread "main"                              [_thread_blocked, id=17308, stack(0x0000002552d00000,0x0000002552e00000) (1024K)]
  0x000001ddf8f1dfc0 JavaThread "Reference Handler"          daemon [_thread_blocked, id=25704, stack(0x0000002553100000,0x0000002553200000) (1024K)]
  0x000001ddf8f1ece0 JavaThread "Finalizer"                  daemon [_thread_blocked, id=21940, stack(0x0000002553200000,0x0000002553300000) (1024K)]
  0x000001ddf8f235d0 JavaThread "Signal Dispatcher"          daemon [_thread_blocked, id=26184, stack(0x0000002553300000,0x0000002553400000) (1024K)]
=>0x000001ddf8f263a0 JavaThread "Attach Listener"            daemon [_thread_in_vm, id=19544, stack(0x0000002553400000,0x0000002553500000) (1024K)]
  0x000001ddf8f27060 JavaThread "Service Thread"             daemon [_thread_blocked, id=14708, stack(0x0000002553500000,0x0000002553600000) (1024K)]
  0x000001ddf8f27d40 JavaThread "Monitor Deflation Thread"   daemon [_thread_blocked, id=15580, stack(0x0000002553600000,0x0000002553700000) (1024K)]
  0x000001ddf021f450 JavaThread "C2 CompilerThread0"         daemon [_thread_blocked, id=14400, stack(0x0000002553700000,0x0000002553800000) (1024K)]
  0x000001ddf0222b60 JavaThread "C1 CompilerThread0"         daemon [_thread_blocked, id=10820, stack(0x0000002553800000,0x0000002553900000) (1024K)]
  0x000001ddf91a9a70 JavaThread "Common-Cleaner"             daemon [_thread_blocked, id=14148, stack(0x0000002553c00000,0x0000002553d00000) (1024K)]
  0x000001ddff0a37f0 JavaThread "Notification Thread"        daemon [_thread_blocked, id=33040, stack(0x0000002553e00000,0x0000002553f00000) (1024K)]
  0x000001ddd0234920 JavaThread "Active Thread: Equinox Container: ce5fae4b-f8d3-4613-9972-feba916502c5"        [_thread_blocked, id=3920, stack(0x0000002554500000,0x0000002554600000) (1024K)]
  0x000001ddf91ef450 JavaThread "Refresh Thread: Equinox Container: ce5fae4b-f8d3-4613-9972-feba916502c5" daemon [_thread_blocked, id=20620, stack(0x0000002553900000,0x0000002553a00000) (1024K)]
  0x000001ddd0397f20 JavaThread "Framework Event Dispatcher: Equinox Container: ce5fae4b-f8d3-4613-9972-feba916502c5" daemon [_thread_blocked, id=16912, stack(0x0000002553a00000,0x0000002553b00000) (1024K)]
  0x000001ddf91307c0 JavaThread "Start Level: Equinox Container: ce5fae4b-f8d3-4613-9972-feba916502c5" daemon [_thread_blocked, id=23664, stack(0x0000002553b00000,0x0000002553c00000) (1024K)]
  0x000001ddf9007960 JavaThread "Bundle File Closer"         daemon [_thread_blocked, id=16196, stack(0x0000002554900000,0x0000002554a00000) (1024K)]
  0x000001ddd01f23c0 JavaThread "SCR Component Actor"        daemon [_thread_blocked, id=34928, stack(0x0000002554c00000,0x0000002554d00000) (1024K)]
  0x000001ddd03e20b0 JavaThread "Worker-JM"                         [_thread_blocked, id=14388, stack(0x0000002554e00000,0x0000002554f00000) (1024K)]
  0x000001ddd09674c0 JavaThread "JNA Cleaner"                daemon [_thread_blocked, id=18448, stack(0x0000002554d00000,0x0000002554e00000) (1024K)]
  0x000001ddd096a940 JavaThread "Java indexing"              daemon [_thread_blocked, id=23508, stack(0x0000002555700000,0x0000002555800000) (1024K)]
  0x000001ddd09681e0 JavaThread "Thread-1"                   daemon [_thread_in_native, id=26504, stack(0x0000002555c00000,0x0000002555d00000) (1024K)]
  0x000001ddd0969590 JavaThread "Thread-2"                   daemon [_thread_in_native, id=34420, stack(0x0000002555d00000,0x0000002555e00000) (1024K)]
  0x000001ddd0969c20 JavaThread "Thread-3"                   daemon [_thread_in_native, id=17116, stack(0x0000002555e00000,0x0000002555f00000) (1024K)]
  0x000001ddd2587090 JavaThread "Thread-4"                   daemon [_thread_in_native, id=30436, stack(0x0000002555f00000,0x0000002556000000) (1024K)]
  0x000001ddd2587720 JavaThread "Thread-5"                   daemon [_thread_in_native, id=31696, stack(0x0000002556000000,0x0000002556100000) (1024K)]
  0x000001ddd2585ce0 JavaThread "Thread-6"                   daemon [_thread_in_native, id=31076, stack(0x0000002556100000,0x0000002556200000) (1024K)]
  0x000001ddd2585650 JavaThread "Thread-7"                   daemon [_thread_in_native, id=33204, stack(0x0000002556200000,0x0000002556300000) (1024K)]
  0x000001ddd2587db0 JavaThread "Thread-8"                   daemon [_thread_in_native, id=31080, stack(0x0000002556300000,0x0000002556400000) (1024K)]
  0x000001ddd2588440 JavaThread "Thread-9"                   daemon [_thread_in_native, id=4772, stack(0x0000002556400000,0x0000002556500000) (1024K)]
  0x000001ddd2588ad0 JavaThread "Thread-10"                  daemon [_thread_in_native, id=17840, stack(0x0000002556500000,0x0000002556600000) (1024K)]
  0x000001ddd2589160 JavaThread "Thread-11"                  daemon [_thread_in_native, id=36276, stack(0x0000002556600000,0x0000002556700000) (1024K)]
  0x000001ddd25897f0 JavaThread "Thread-12"                  daemon [_thread_in_native, id=17040, stack(0x0000002556700000,0x0000002556800000) (1024K)]
  0x000001ddd2586370 JavaThread "Thread-13"                  daemon [_thread_in_native, id=19492, stack(0x0000002556800000,0x0000002556900000) (1024K)]
  0x000001ddd2589e80 JavaThread "Thread-14"                  daemon [_thread_in_native, id=25344, stack(0x0000002556900000,0x0000002556a00000) (1024K)]
  0x000001ddd2586a00 JavaThread "Thread-15"                  daemon [_thread_in_native, id=11744, stack(0x0000002556a00000,0x0000002556b00000) (1024K)]
  0x000001ddd258b8c0 JavaThread "Thread-16"                  daemon [_thread_in_native, id=28540, stack(0x0000002556b00000,0x0000002556c00000) (1024K)]
  0x000001ddd258bf50 JavaThread "Thread-17"                  daemon [_thread_in_native, id=23076, stack(0x0000002556c00000,0x0000002556d00000) (1024K)]
  0x000001ddd258c5e0 JavaThread "Thread-18"                  daemon [_thread_in_native, id=25100, stack(0x0000002556d00000,0x0000002556e00000) (1024K)]
  0x000001ddd258cc70 JavaThread "Thread-19"                  daemon [_thread_in_native, id=25224, stack(0x0000002556e00000,0x0000002556f00000) (1024K)]
  0x000001ddd258a510 JavaThread "Thread-20"                  daemon [_thread_in_native, id=12856, stack(0x0000002556f00000,0x0000002557000000) (1024K)]
  0x000001ddd258aba0 JavaThread "Thread-21"                  daemon [_thread_in_native, id=29056, stack(0x0000002557000000,0x0000002557100000) (1024K)]
  0x000001ddd251e720 JavaThread "pool-2-thread-1"                   [_thread_blocked, id=18956, stack(0x0000002557200000,0x0000002557300000) (1024K)]
  0x000001ddd2521510 JavaThread "WorkspaceEventsHandler"            [_thread_blocked, id=15792, stack(0x0000002557300000,0x0000002557400000) (1024K)]
  0x000001ddd2522230 JavaThread "pool-1-thread-1"                   [_thread_blocked, id=17884, stack(0x0000002557400000,0x0000002557500000) (1024K)]
  0x000001ddd1d30ce0 JavaThread "Worker-7"                          [_thread_blocked, id=26824, stack(0x0000002552a00000,0x0000002552b00000) (1024K)]
  0x000001ddd3323d50 JavaThread "Worker-10"                         [_thread_blocked, id=32188, stack(0x0000002552c00000,0x0000002552d00000) (1024K)]
Total: 46

Other Threads:
  0x000001ddf01049b0 VMThread "VM Thread"                           [id=31944, stack(0x0000002553000000,0x0000002553100000) (1024K)]
  0x000001ddefffba00 WatcherThread "VM Periodic Task Thread"        [id=29328, stack(0x0000002552f00000,0x0000002553000000) (1024K)]
  0x000001ddf018fe40 WorkerThread "GC Thread#0"                     [id=29316, stack(0x0000002552e00000,0x0000002552f00000) (1024K)]
  0x000001ddff3bc5a0 WorkerThread "GC Thread#1"                     [id=26424, stack(0x0000002553f00000,0x0000002554000000) (1024K)]
  0x000001ddff3c1000 WorkerThread "GC Thread#2"                     [id=35592, stack(0x0000002554000000,0x0000002554100000) (1024K)]
  0x000001ddff3c13b0 WorkerThread "GC Thread#3"                     [id=3060, stack(0x0000002554100000,0x0000002554200000) (1024K)]
  0x000001ddff0e5fb0 WorkerThread "GC Thread#4"                     [id=34564, stack(0x0000002554200000,0x0000002554300000) (1024K)]
  0x000001ddff0e6360 WorkerThread "GC Thread#5"                     [id=524, stack(0x0000002554300000,0x0000002554400000) (1024K)]
  0x000001ddff0e6710 WorkerThread "GC Thread#6"                     [id=24948, stack(0x0000002554400000,0x0000002554500000) (1024K)]
  0x000001ddff6d10c0 WorkerThread "GC Thread#7"                     [id=7824, stack(0x0000002554600000,0x0000002554700000) (1024K)]
  0x000001ddff5a3470 WorkerThread "GC Thread#8"                     [id=10588, stack(0x0000002553d00000,0x0000002553e00000) (1024K)]
  0x000001ddff2bad80 WorkerThread "GC Thread#9"                     [id=29664, stack(0x0000002554700000,0x0000002554800000) (1024K)]
  0x000001ddd0231680 WorkerThread "GC Thread#10"                    [id=20688, stack(0x0000002554800000,0x0000002554900000) (1024K)]
  0x000001ddd041e160 WorkerThread "GC Thread#11"                    [id=16072, stack(0x0000002554a00000,0x0000002554b00000) (1024K)]
  0x000001ddd0658810 WorkerThread "GC Thread#12"                    [id=24844, stack(0x0000002554f00000,0x0000002555000000) (1024K)]
  0x000001ddd06596d0 WorkerThread "GC Thread#13"                    [id=11416, stack(0x0000002555000000,0x0000002555100000) (1024K)]
  0x000001ddd0659320 WorkerThread "GC Thread#14"                    [id=18240, stack(0x0000002555300000,0x0000002555400000) (1024K)]
Total: 17

Threads with active compile tasks:
Total: 0

VM state: not at safepoint (normal execution)

VM Mutex/Monitor currently owned by a thread: None

Heap address: 0x0000000080000000, size: 2048 MB, Compressed Oops mode: 32-bit

CDS archive(s) mapped at: [0x000001dd8f000000-0x000001dd8fba0000-0x000001dd8fba0000), size 12189696, SharedBaseAddress: 0x000001dd8f000000, ArchiveRelocationMode: 1.
Compressed class space mapped at: 0x000001dd90000000-0x000001ddd0000000, reserved size: 1073741824
Narrow klass base: 0x000001dd8f000000, Narrow klass shift: 0, Narrow klass range: 0x100000000

GC Precious Log:
 CardTable entry size: 512
 CPUs: 20 total, 20 available
 Memory: 16068M
 Large Page Support: Disabled
 NUMA Support: Disabled
 Compressed Oops: Enabled (32-bit)
 Alignments: Space 512K, Generation 512K, Heap 2M
 Heap Min Capacity: 100M
 Heap Initial Capacity: 100M
 Heap Max Capacity: 2G
 Pre-touch: Disabled
 Parallel Workers: 15

Heap:
 PSYoungGen      total 7680K, used 2812K [0x00000000d5580000, 0x00000000d5e00000, 0x0000000100000000)
  eden space 7168K, 35% used [0x00000000d5580000,0x00000000d57f72e8,0x00000000d5c80000)
  from space 512K, 56% used [0x00000000d5d80000,0x00000000d5dc8000,0x00000000d5e00000)
  to   space 512K, 0% used [0x00000000d5d00000,0x00000000d5d00000,0x00000000d5d80000)
 ParOldGen       total 392192K, used 390994K [0x0000000080000000, 0x0000000097f00000, 0x00000000d5580000)
  object space 392192K, 99% used [0x0000000080000000,0x0000000097dd4a80,0x0000000097f00000)
 Metaspace       used 74557K, committed 76032K, reserved 1179648K
  class space    used 7734K, committed 8384K, reserved 1048576K

Card table byte_map: [0x000001ddefb10000,0x000001ddeff20000] _byte_map_base: 0x000001ddef710000

Marking Bits: (ParMarkBitMap*) 0x00007ffc353c3450
 Begin Bits: [0x000001ddf3620000, 0x000001ddf5620000)
 End Bits:   [0x000001ddf5620000, 0x000001ddf7620000)

Polling page: 0x000001ddedda0000

Metaspace:

Usage:
  Non-class:     65.26 MB used.
      Class:      7.55 MB used.
       Both:     72.81 MB used.

Virtual space:
  Non-class space:      128.00 MB reserved,      66.06 MB ( 52%) committed,  2 nodes.
      Class space:        1.00 GB reserved,       8.19 MB ( <1%) committed,  1 nodes.
             Both:        1.12 GB reserved,      74.25 MB (  6%) committed. 

Chunk freelists:
   Non-Class:  13.42 MB
       Class:  7.66 MB
        Both:  21.08 MB

MaxMetaspaceSize: unlimited
CompressedClassSpaceSize: 1.00 GB
Initial GC threshold: 21.00 MB
Current GC threshold: 97.31 MB
CDS: on
 - commit_granule_bytes: 65536.
 - commit_granule_words: 8192.
 - virtual_space_node_default_size: 8388608.
 - enlarge_chunks_in_place: 1.
 - use_allocation_guard: 0.


Internal statistics:

num_allocs_failed_limit: 9.
num_arena_births: 1526.
num_arena_deaths: 406.
num_vsnodes_births: 3.
num_vsnodes_deaths: 0.
num_space_committed: 1187.
num_space_uncommitted: 0.
num_chunks_returned_to_freelist: 506.
num_chunks_taken_from_freelist: 5175.
num_chunk_merges: 149.
num_chunk_splits: 3008.
num_chunks_enlarged: 1740.
num_inconsistent_stats: 0.

CodeHeap 'non-profiled nmethods': size=119168Kb used=15371Kb max_used=15371Kb free=103796Kb
 bounds [0x000001dd87ba0000, 0x000001dd88ab0000, 0x000001dd8f000000]
CodeHeap 'profiled nmethods': size=119104Kb used=37227Kb max_used=37227Kb free=81876Kb
 bounds [0x000001dd80000000, 0x000001dd82460000, 0x000001dd87450000]
CodeHeap 'non-nmethods': size=7488Kb used=1473Kb max_used=3236Kb free=6014Kb
 bounds [0x000001dd87450000, 0x000001dd877c0000, 0x000001dd87ba0000]
CodeCache: size=245760Kb, used=54071Kb, max_used=55834Kb, free=191686Kb
 total_blobs=16857, nmethods=16071, adapters=690, full_count=0
Compilation: enabled, stopped_count=0, restarted_count=0

Compilation events (20 events):
Event: 35262.704 Thread 0x000001ddf0222b60 nmethod 16925 0x000001dd82456410 code [0x000001dd824566a0, 0x000001dd82457420]
Event: 35262.704 Thread 0x000001ddf0222b60 16926       3       java.lang.invoke.LambdaForm$MH/0x000001dd9082a400::invoke (42 bytes)
Event: 35262.705 Thread 0x000001ddf0222b60 nmethod 16926 0x000001dd82457890 code [0x000001dd82457ae0, 0x000001dd82458580]
Event: 35262.705 Thread 0x000001ddf0222b60 16927       3       java.lang.invoke.LambdaForm$MH/0x000001dd9082a800::invoke (42 bytes)
Event: 35262.705 Thread 0x000001ddf0222b60 nmethod 16927 0x000001dd82458890 code [0x000001dd82458b20, 0x000001dd824598a0]
Event: 35262.728 Thread 0x000001ddf021f450 nmethod 16923 0x000001dd88a9f410 code [0x000001dd88a9f680, 0x000001dd88aa07c8]
Event: 35262.728 Thread 0x000001ddf021f450 16928       4       org.eclipse.core.internal.localstore.UnifiedTree::addNodeChildrenToQueue (85 bytes)
Event: 35262.735 Thread 0x000001ddf021f450 nmethod 16928 0x000001dd88aa1290 code [0x000001dd88aa1460, 0x000001dd88aa17c8]
Event: 35262.737 Thread 0x000001ddf0222b60 16929       3       org.eclipse.jdt.ls.core.internal.ProjectUtils::isMavenProject (7 bytes)
Event: 35262.737 Thread 0x000001ddf0222b60 nmethod 16929 0x000001dd82459d10 code [0x000001dd82459ec0, 0x000001dd8245a120]
Event: 35262.847 Thread 0x000001ddf0222b60 16930       1       org.eclipse.core.internal.events.ResourceChangeEvent::setDelta (6 bytes)
Event: 35262.848 Thread 0x000001ddf0222b60 nmethod 16930 0x000001dd88aa1b10 code [0x000001dd88aa1ca0, 0x000001dd88aa1d80]
Event: 35262.851 Thread 0x000001ddf021f450 16931       4       sun.security.provider.HashDrbg::addBytes (130 bytes)
Event: 35262.852 Thread 0x000001ddf0222b60 16932       3       org.apache.maven.execution.DefaultMavenExecutionRequest::getActiveProfiles (23 bytes)
Event: 35262.852 Thread 0x000001ddf0222b60 nmethod 16932 0x000001dd8245a290 code [0x000001dd8245a460, 0x000001dd8245a7b8]
Event: 35262.852 Thread 0x000001ddf0222b60 16933       3       org.apache.maven.execution.DefaultMavenExecutionRequest::getProfiles (23 bytes)
Event: 35262.853 Thread 0x000001ddf0222b60 nmethod 16933 0x000001dd8245a910 code [0x000001dd8245aae0, 0x000001dd8245ae30]
Event: 35262.856 Thread 0x000001ddf021f450 nmethod 16931 0x000001dd88aa1e10 code [0x000001dd88aa1fa0, 0x000001dd88aa2370]
Event: 35284.089 Thread 0x000001ddf021f450 16934       4       java.util.concurrent.ConcurrentHashMap::containsKey (14 bytes)
Event: 35284.101 Thread 0x000001ddf021f450 nmethod 16934 0x000001dd88aa2510 code [0x000001dd88aa26c0, 0x000001dd88aa29e0]

GC Heap History (20 events):
Event: 34461.451 GC heap before
{Heap before GC invocations=508 (full 3):
 PSYoungGen      total 7680K, used 7648K [0x00000000d5580000, 0x00000000d5e00000, 0x0000000100000000)
  eden space 7168K, 100% used [0x00000000d5580000,0x00000000d5c80000,0x00000000d5c80000)
  from space 512K, 93% used [0x00000000d5d80000,0x00000000d5df8000,0x00000000d5e00000)
  to   space 512K, 0% used [0x00000000d5d00000,0x00000000d5d00000,0x00000000d5d80000)
 ParOldGen       total 384512K, used 384317K [0x0000000080000000, 0x0000000097780000, 0x00000000d5580000)
  object space 384512K, 99% used [0x0000000080000000,0x000000009774f5c8,0x0000000097780000)
 Metaspace       used 74459K, committed 75904K, reserved 1179648K
  class space    used 7734K, committed 8384K, reserved 1048576K
}
Event: 34461.451 GC heap after
{Heap after GC invocations=508 (full 3):
 PSYoungGen      total 7680K, used 448K [0x00000000d5580000, 0x00000000d5e00000, 0x0000000100000000)
  eden space 7168K, 0% used [0x00000000d5580000,0x00000000d5580000,0x00000000d5c80000)
  from space 512K, 87% used [0x00000000d5d00000,0x00000000d5d70000,0x00000000d5d80000)
  to   space 512K, 0% used [0x00000000d5d80000,0x00000000d5d80000,0x00000000d5e00000)
 ParOldGen       total 384512K, used 384397K [0x0000000080000000, 0x0000000097780000, 0x00000000d5580000)
  object space 384512K, 99% used [0x0000000080000000,0x00000000977635c8,0x0000000097780000)
 Metaspace       used 74459K, committed 75904K, reserved 1179648K
  class space    used 7734K, committed 8384K, reserved 1048576K
}
Event: 34785.152 GC heap before
{Heap before GC invocations=509 (full 3):
 PSYoungGen      total 7680K, used 7616K [0x00000000d5580000, 0x00000000d5e00000, 0x0000000100000000)
  eden space 7168K, 100% used [0x00000000d5580000,0x00000000d5c80000,0x00000000d5c80000)
  from space 512K, 87% used [0x00000000d5d00000,0x00000000d5d70000,0x00000000d5d80000)
  to   space 512K, 0% used [0x00000000d5d80000,0x00000000d5d80000,0x00000000d5e00000)
 ParOldGen       total 384512K, used 384397K [0x0000000080000000, 0x0000000097780000, 0x00000000d5580000)
  object space 384512K, 99% used [0x0000000080000000,0x00000000977635c8,0x0000000097780000)
 Metaspace       used 74492K, committed 75968K, reserved 1179648K
  class space    used 7734K, committed 8384K, reserved 1048576K
}
Event: 34785.154 GC heap after
{Heap after GC invocations=509 (full 3):
 PSYoungGen      total 7680K, used 416K [0x00000000d5580000, 0x00000000d5e00000, 0x0000000100000000)
  eden space 7168K, 0% used [0x00000000d5580000,0x00000000d5580000,0x00000000d5c80000)
  from space 512K, 81% used [0x00000000d5d80000,0x00000000d5de8000,0x00000000d5e00000)
  to   space 512K, 0% used [0x00000000d5d00000,0x00000000d5d00000,0x00000000d5d80000)
 ParOldGen       total 384512K, used 384477K [0x0000000080000000, 0x0000000097780000, 0x00000000d5580000)
  object space 384512K, 99% used [0x0000000080000000,0x00000000977775c8,0x0000000097780000)
 Metaspace       used 74492K, committed 75968K, reserved 1179648K
  class space    used 7734K, committed 8384K, reserved 1048576K
}
Event: 34811.203 GC heap before
{Heap before GC invocations=510 (full 3):
 PSYoungGen      total 7680K, used 5446K [0x00000000d5580000, 0x00000000d5e00000, 0x0000000100000000)
  eden space 7168K, 70% used [0x00000000d5580000,0x00000000d5a69860,0x00000000d5c80000)
  from space 512K, 81% used [0x00000000d5d80000,0x00000000d5de8000,0x00000000d5e00000)
  to   space 512K, 0% used [0x00000000d5d00000,0x00000000d5d00000,0x00000000d5d80000)
 ParOldGen       total 384512K, used 384477K [0x0000000080000000, 0x0000000097780000, 0x00000000d5580000)
  object space 384512K, 99% used [0x0000000080000000,0x00000000977775c8,0x0000000097780000)
 Metaspace       used 74493K, committed 75968K, reserved 1179648K
  class space    used 7734K, committed 8384K, reserved 1048576K
}
Event: 34811.204 GC heap after
{Heap after GC invocations=510 (full 3):
 PSYoungGen      total 7680K, used 416K [0x00000000d5580000, 0x00000000d5e00000, 0x0000000100000000)
  eden space 7168K, 0% used [0x00000000d5580000,0x00000000d5580000,0x00000000d5c80000)
  from space 512K, 81% used [0x00000000d5d00000,0x00000000d5d68000,0x00000000d5d80000)
  to   space 512K, 0% used [0x00000000d5d80000,0x00000000d5d80000,0x00000000d5e00000)
 ParOldGen       total 387584K, used 386853K [0x0000000080000000, 0x0000000097a80000, 0x00000000d5580000)
  object space 387584K, 99% used [0x0000000080000000,0x00000000979c95e8,0x0000000097a80000)
 Metaspace       used 74493K, committed 75968K, reserved 1179648K
  class space    used 7734K, committed 8384K, reserved 1048576K
}
Event: 34811.372 GC heap before
{Heap before GC invocations=511 (full 3):
 PSYoungGen      total 7680K, used 7584K [0x00000000d5580000, 0x00000000d5e00000, 0x0000000100000000)
  eden space 7168K, 100% used [0x00000000d5580000,0x00000000d5c80000,0x00000000d5c80000)
  from space 512K, 81% used [0x00000000d5d00000,0x00000000d5d68000,0x00000000d5d80000)
  to   space 512K, 0% used [0x00000000d5d80000,0x00000000d5d80000,0x00000000d5e00000)
 ParOldGen       total 387584K, used 386853K [0x0000000080000000, 0x0000000097a80000, 0x00000000d5580000)
  object space 387584K, 99% used [0x0000000080000000,0x00000000979c95e8,0x0000000097a80000)
 Metaspace       used 74496K, committed 75968K, reserved 1179648K
  class space    used 7734K, committed 8384K, reserved 1048576K
}
Event: 34811.373 GC heap after
{Heap after GC invocations=511 (full 3):
 PSYoungGen      total 7680K, used 352K [0x00000000d5580000, 0x00000000d5e00000, 0x0000000100000000)
  eden space 7168K, 0% used [0x00000000d5580000,0x00000000d5580000,0x00000000d5c80000)
  from space 512K, 68% used [0x00000000d5d80000,0x00000000d5dd8000,0x00000000d5e00000)
  to   space 512K, 0% used [0x00000000d5d00000,0x00000000d5d00000,0x00000000d5d80000)
 ParOldGen       total 387584K, used 386941K [0x0000000080000000, 0x0000000097a80000, 0x00000000d5580000)
  object space 387584K, 99% used [0x0000000080000000,0x00000000979df5e8,0x0000000097a80000)
 Metaspace       used 74496K, committed 75968K, reserved 1179648K
  class space    used 7734K, committed 8384K, reserved 1048576K
}
Event: 34811.398 GC heap before
{Heap before GC invocations=512 (full 3):
 PSYoungGen      total 7680K, used 5839K [0x00000000d5580000, 0x00000000d5e00000, 0x0000000100000000)
  eden space 7168K, 76% used [0x00000000d5580000,0x00000000d5adbdd0,0x00000000d5c80000)
  from space 512K, 68% used [0x00000000d5d80000,0x00000000d5dd8000,0x00000000d5e00000)
  to   space 512K, 0% used [0x00000000d5d00000,0x00000000d5d00000,0x00000000d5d80000)
 ParOldGen       total 387584K, used 386941K [0x0000000080000000, 0x0000000097a80000, 0x00000000d5580000)
  object space 387584K, 99% used [0x0000000080000000,0x00000000979df5e8,0x0000000097a80000)
 Metaspace       used 74505K, committed 75968K, reserved 1179648K
  class space    used 7734K, committed 8384K, reserved 1048576K
}
Event: 34811.399 GC heap after
{Heap after GC invocations=512 (full 3):
 PSYoungGen      total 7680K, used 416K [0x00000000d5580000, 0x00000000d5e00000, 0x0000000100000000)
  eden space 7168K, 0% used [0x00000000d5580000,0x00000000d5580000,0x00000000d5c80000)
  from space 512K, 81% used [0x00000000d5d00000,0x00000000d5d68000,0x00000000d5d80000)
  to   space 512K, 0% used [0x00000000d5d80000,0x00000000d5d80000,0x00000000d5e00000)
 ParOldGen       total 390656K, used 389309K [0x0000000080000000, 0x0000000097d80000, 0x00000000d5580000)
  object space 390656K, 99% used [0x0000000080000000,0x0000000097c2f608,0x0000000097d80000)
 Metaspace       used 74505K, committed 75968K, reserved 1179648K
  class space    used 7734K, committed 8384K, reserved 1048576K
}
Event: 34823.199 GC heap before
{Heap before GC invocations=513 (full 3):
 PSYoungGen      total 7680K, used 7584K [0x00000000d5580000, 0x00000000d5e00000, 0x0000000100000000)
  eden space 7168K, 100% used [0x00000000d5580000,0x00000000d5c80000,0x00000000d5c80000)
  from space 512K, 81% used [0x00000000d5d00000,0x00000000d5d68000,0x00000000d5d80000)
  to   space 512K, 0% used [0x00000000d5d80000,0x00000000d5d80000,0x00000000d5e00000)
 ParOldGen       total 390656K, used 389309K [0x0000000080000000, 0x0000000097d80000, 0x00000000d5580000)
  object space 390656K, 99% used [0x0000000080000000,0x0000000097c2f608,0x0000000097d80000)
 Metaspace       used 74505K, committed 75968K, reserved 1179648K
  class space    used 7734K, committed 8384K, reserved 1048576K
}
Event: 34823.201 GC heap after
{Heap after GC invocations=513 (full 3):
 PSYoungGen      total 7680K, used 288K [0x00000000d5580000, 0x00000000d5e00000, 0x0000000100000000)
  eden space 7168K, 0% used [0x00000000d5580000,0x00000000d5580000,0x00000000d5c80000)
  from space 512K, 56% used [0x00000000d5d80000,0x00000000d5dc8000,0x00000000d5e00000)
  to   space 512K, 0% used [0x00000000d5d00000,0x00000000d5d00000,0x00000000d5d80000)
 ParOldGen       total 390656K, used 389389K [0x0000000080000000, 0x0000000097d80000, 0x00000000d5580000)
  object space 390656K, 99% used [0x0000000080000000,0x0000000097c43608,0x0000000097d80000)
 Metaspace       used 74505K, committed 75968K, reserved 1179648K
  class space    used 7734K, committed 8384K, reserved 1048576K
}
Event: 34823.204 GC heap before
{Heap before GC invocations=514 (full 3):
 PSYoungGen      total 7680K, used 6404K [0x00000000d5580000, 0x00000000d5e00000, 0x0000000100000000)
  eden space 7168K, 85% used [0x00000000d5580000,0x00000000d5b79108,0x00000000d5c80000)
  from space 512K, 56% used [0x00000000d5d80000,0x00000000d5dc8000,0x00000000d5e00000)
  to   space 512K, 0% used [0x00000000d5d00000,0x00000000d5d00000,0x00000000d5d80000)
 ParOldGen       total 390656K, used 389389K [0x0000000080000000, 0x0000000097d80000, 0x00000000d5580000)
  object space 390656K, 99% used [0x0000000080000000,0x0000000097c43608,0x0000000097d80000)
 Metaspace       used 74505K, committed 75968K, reserved 1179648K
  class space    used 7734K, committed 8384K, reserved 1048576K
}
Event: 34823.206 GC heap after
{Heap after GC invocations=514 (full 3):
 PSYoungGen      total 7680K, used 96K [0x00000000d5580000, 0x00000000d5e00000, 0x0000000100000000)
  eden space 7168K, 0% used [0x00000000d5580000,0x00000000d5580000,0x00000000d5c80000)
  from space 512K, 18% used [0x00000000d5d00000,0x00000000d5d18000,0x00000000d5d80000)
  to   space 512K, 0% used [0x00000000d5d80000,0x00000000d5d80000,0x00000000d5e00000)
 ParOldGen       total 392192K, used 390762K [0x0000000080000000, 0x0000000097f00000, 0x00000000d5580000)
  object space 392192K, 99% used [0x0000000080000000,0x0000000097d9aa80,0x0000000097f00000)
 Metaspace       used 74505K, committed 75968K, reserved 1179648K
  class space    used 7734K, committed 8384K, reserved 1048576K
}
Event: 34842.872 GC heap before
{Heap before GC invocations=515 (full 3):
 PSYoungGen      total 7680K, used 7264K [0x00000000d5580000, 0x00000000d5e00000, 0x0000000100000000)
  eden space 7168K, 100% used [0x00000000d5580000,0x00000000d5c80000,0x00000000d5c80000)
  from space 512K, 18% used [0x00000000d5d00000,0x00000000d5d18000,0x00000000d5d80000)
  to   space 512K, 0% used [0x00000000d5d80000,0x00000000d5d80000,0x00000000d5e00000)
 ParOldGen       total 392192K, used 390762K [0x0000000080000000, 0x0000000097f00000, 0x00000000d5580000)
  object space 392192K, 99% used [0x0000000080000000,0x0000000097d9aa80,0x0000000097f00000)
 Metaspace       used 74510K, committed 75968K, reserved 1179648K
  class space    used 7734K, committed 8384K, reserved 1048576K
}
Event: 34842.873 GC heap after
{Heap after GC invocations=515 (full 3):
 PSYoungGen      total 7680K, used 448K [0x00000000d5580000, 0x00000000d5e00000, 0x0000000100000000)
  eden space 7168K, 0% used [0x00000000d5580000,0x00000000d5580000,0x00000000d5c80000)
  from space 512K, 87% used [0x00000000d5d80000,0x00000000d5df0000,0x00000000d5e00000)
  to   space 512K, 0% used [0x00000000d5d00000,0x00000000d5d00000,0x00000000d5d80000)
 ParOldGen       total 392192K, used 390826K [0x0000000080000000, 0x0000000097f00000, 0x00000000d5580000)
  object space 392192K, 99% used [0x0000000080000000,0x0000000097daaa80,0x0000000097f00000)
 Metaspace       used 74510K, committed 75968K, reserved 1179648K
  class space    used 7734K, committed 8384K, reserved 1048576K
}
Event: 34899.414 GC heap before
{Heap before GC invocations=516 (full 3):
 PSYoungGen      total 7680K, used 7616K [0x00000000d5580000, 0x00000000d5e00000, 0x0000000100000000)
  eden space 7168K, 100% used [0x00000000d5580000,0x00000000d5c80000,0x00000000d5c80000)
  from space 512K, 87% used [0x00000000d5d80000,0x00000000d5df0000,0x00000000d5e00000)
  to   space 512K, 0% used [0x00000000d5d00000,0x00000000d5d00000,0x00000000d5d80000)
 ParOldGen       total 392192K, used 390826K [0x0000000080000000, 0x0000000097f00000, 0x00000000d5580000)
  object space 392192K, 99% used [0x0000000080000000,0x0000000097daaa80,0x0000000097f00000)
 Metaspace       used 74523K, committed 75968K, reserved 1179648K
  class space    used 7734K, committed 8384K, reserved 1048576K
}
Event: 34899.415 GC heap after
{Heap after GC invocations=516 (full 3):
 PSYoungGen      total 7680K, used 448K [0x00000000d5580000, 0x00000000d5e00000, 0x0000000100000000)
  eden space 7168K, 0% used [0x00000000d5580000,0x00000000d5580000,0x00000000d5c80000)
  from space 512K, 87% used [0x00000000d5d00000,0x00000000d5d70000,0x00000000d5d80000)
  to   space 512K, 0% used [0x00000000d5d80000,0x00000000d5d80000,0x00000000d5e00000)
 ParOldGen       total 392192K, used 390898K [0x0000000080000000, 0x0000000097f00000, 0x00000000d5580000)
  object space 392192K, 99% used [0x0000000080000000,0x0000000097dbca80,0x0000000097f00000)
 Metaspace       used 74523K, committed 75968K, reserved 1179648K
  class space    used 7734K, committed 8384K, reserved 1048576K
}
Event: 35262.716 GC heap before
{Heap before GC invocations=517 (full 3):
 PSYoungGen      total 7680K, used 7616K [0x00000000d5580000, 0x00000000d5e00000, 0x0000000100000000)
  eden space 7168K, 100% used [0x00000000d5580000,0x00000000d5c80000,0x00000000d5c80000)
  from space 512K, 87% used [0x00000000d5d00000,0x00000000d5d70000,0x00000000d5d80000)
  to   space 512K, 0% used [0x00000000d5d80000,0x00000000d5d80000,0x00000000d5e00000)
 ParOldGen       total 392192K, used 390898K [0x0000000080000000, 0x0000000097f00000, 0x00000000d5580000)
  object space 392192K, 99% used [0x0000000080000000,0x0000000097dbca80,0x0000000097f00000)
 Metaspace       used 74556K, committed 76032K, reserved 1179648K
  class space    used 7734K, committed 8384K, reserved 1048576K
}
Event: 35262.718 GC heap after
{Heap after GC invocations=517 (full 3):
 PSYoungGen      total 7680K, used 288K [0x00000000d5580000, 0x00000000d5e00000, 0x0000000100000000)
  eden space 7168K, 0% used [0x00000000d5580000,0x00000000d5580000,0x00000000d5c80000)
  from space 512K, 56% used [0x00000000d5d80000,0x00000000d5dc8000,0x00000000d5e00000)
  to   space 512K, 0% used [0x00000000d5d00000,0x00000000d5d00000,0x00000000d5d80000)
 ParOldGen       total 392192K, used 390994K [0x0000000080000000, 0x0000000097f00000, 0x00000000d5580000)
  object space 392192K, 99% used [0x0000000080000000,0x0000000097dd4a80,0x0000000097f00000)
 Metaspace       used 74556K, committed 76032K, reserved 1179648K
  class space    used 7734K, committed 8384K, reserved 1048576K
}

Dll operation events (12 events):
Event: 0.005 Loaded shared library c:\Users\26738\.vscode\extensions\redhat.java-1.54.0-win32-x64\jre\21.0.10-win32-x86_64\bin\java.dll
Event: 0.023 Loaded shared library c:\Users\26738\.vscode\extensions\redhat.java-1.54.0-win32-x64\jre\21.0.10-win32-x86_64\bin\zip.dll
Event: 0.058 Loaded shared library C:\Users\26738\.vscode\extensions\redhat.java-1.54.0-win32-x64\jre\21.0.10-win32-x86_64\bin\instrument.dll
Event: 0.060 Loaded shared library C:\Users\26738\.vscode\extensions\redhat.java-1.54.0-win32-x64\jre\21.0.10-win32-x86_64\bin\net.dll
Event: 0.061 Loaded shared library C:\Users\26738\.vscode\extensions\redhat.java-1.54.0-win32-x64\jre\21.0.10-win32-x86_64\bin\nio.dll
Event: 0.063 Loaded shared library C:\Users\26738\.vscode\extensions\redhat.java-1.54.0-win32-x64\jre\21.0.10-win32-x86_64\bin\zip.dll
Event: 0.072 Loaded shared library C:\Users\26738\.vscode\extensions\redhat.java-1.54.0-win32-x64\jre\21.0.10-win32-x86_64\bin\jimage.dll
Event: 0.109 Loaded shared library c:\Users\26738\.vscode\extensions\redhat.java-1.54.0-win32-x64\jre\21.0.10-win32-x86_64\bin\verify.dll
Event: 8.947 Loaded shared library C:\Users\26738\AppData\Roaming\Code\User\globalStorage\redhat.java\1.54.0\config_win\org.eclipse.equinox.launcher\org.eclipse.equinox.launcher.win32.win32.x86_64_1.3.0.v20260203-2149\eclipse_11919.dll
Event: 21.900 Loaded shared library C:\Users\26738\AppData\Local\Temp\jna-47839256\jna4200512782864740527.dll
Event: 32409.111 Loaded shared library C:\Users\26738\.vscode\extensions\redhat.java-1.54.0-win32-x64\jre\21.0.10-win32-x86_64\bin\extnet.dll
Event: 32409.233 Loaded shared library C:\Users\26738\.vscode\extensions\redhat.java-1.54.0-win32-x64\jre\21.0.10-win32-x86_64\bin\sunmscapi.dll

Deoptimization events (20 events):
Event: 35349.262 Thread 0x000001ddd2521510 Uncommon trap: trap_request=0xffffff45 fr.pc=0x000001dd88a53f2c relative=0x000000000000010c
Event: 35349.262 Thread 0x000001ddd2521510 Uncommon trap: reason=unstable_if action=reinterpret pc=0x000001dd88a53f2c method=org.eclipse.core.runtime.Path.setDevice(Ljava/lang/String;)Lorg/eclipse/core/runtime/IPath; @ 1 c2
Event: 35349.262 Thread 0x000001ddd2521510 DEOPT PACKING pc=0x000001dd88a53f2c sp=0x00000025573ff190
Event: 35349.262 Thread 0x000001ddd2521510 DEOPT UNPACKING pc=0x000001dd874a3aa2 sp=0x00000025573ff130 mode 2
Event: 35349.262 Thread 0x000001ddd2521510 Uncommon trap: trap_request=0xffffff45 fr.pc=0x000001dd8892010c relative=0x000000000000156c
Event: 35349.262 Thread 0x000001ddd2521510 Uncommon trap: reason=unstable_if action=reinterpret pc=0x000001dd8892010c method=org.eclipse.jdt.ls.core.internal.filesystem.JLSFsUtils.isProjectMetadataFile(Lorg/eclipse/core/runtime/IPath;)Z @ 11 c2
Event: 35349.262 Thread 0x000001ddd2521510 DEOPT PACKING pc=0x000001dd8892010c sp=0x00000025573ff110
Event: 35349.262 Thread 0x000001ddd2521510 DEOPT UNPACKING pc=0x000001dd874a3aa2 sp=0x00000025573ff060 mode 2
Event: 35349.262 Thread 0x000001ddd2521510 Uncommon trap: trap_request=0xffffff45 fr.pc=0x000001dd8891a4e0 relative=0x0000000000000aa0
Event: 35349.262 Thread 0x000001ddd2521510 Uncommon trap: reason=unstable_if action=reinterpret pc=0x000001dd8891a4e0 method=org.eclipse.jdt.ls.core.internal.filesystem.JLSFsUtils.isProjectMetadataFile(Lorg/eclipse/core/runtime/IPath;)Z @ 11 c2
Event: 35349.262 Thread 0x000001ddd2521510 DEOPT PACKING pc=0x000001dd8891a4e0 sp=0x00000025573fefe0
Event: 35349.262 Thread 0x000001ddd2521510 DEOPT UNPACKING pc=0x000001dd874a3aa2 sp=0x00000025573fef88 mode 2
Event: 35349.262 Thread 0x000001ddd2521510 Uncommon trap: trap_request=0xffffff45 fr.pc=0x000001dd889b6ae8 relative=0x00000000000002a8
Event: 35349.262 Thread 0x000001ddd2521510 Uncommon trap: reason=unstable_if action=reinterpret pc=0x000001dd889b6ae8 method=org.eclipse.core.runtime.Path.equals(Ljava/lang/Object;)Z @ 120 c2
Event: 35349.262 Thread 0x000001ddd2521510 DEOPT PACKING pc=0x000001dd889b6ae8 sp=0x00000025573ff180
Event: 35349.262 Thread 0x000001ddd2521510 DEOPT UNPACKING pc=0x000001dd874a3aa2 sp=0x00000025573ff110 mode 2
Event: 35349.262 Thread 0x000001ddd2521510 Uncommon trap: trap_request=0xffffff45 fr.pc=0x000001dd887d7510 relative=0x00000000000002b0
Event: 35349.262 Thread 0x000001ddd2521510 Uncommon trap: reason=unstable_if action=reinterpret pc=0x000001dd887d7510 method=java.net.URI.equal(Ljava/lang/String;Ljava/lang/String;)Z @ 10 c2
Event: 35349.262 Thread 0x000001ddd2521510 DEOPT PACKING pc=0x000001dd887d7510 sp=0x00000025573ff260
Event: 35349.262 Thread 0x000001ddd2521510 DEOPT UNPACKING pc=0x000001dd874a3aa2 sp=0x00000025573ff1f0 mode 2

Classes loaded (20 events):
Event: 32427.352 Loading class java/util/stream/Nodes$IntFixedNodeBuilder
Event: 32427.358 Loading class java/util/stream/Node$Builder$OfInt
Event: 32427.358 Loading class java/util/stream/Node$Builder$OfInt done
Event: 32427.358 Loading class java/util/stream/Nodes$IntArrayNode
Event: 32427.358 Loading class java/util/stream/Nodes$IntArrayNode done
Event: 32427.358 Loading class java/util/stream/Nodes$IntFixedNodeBuilder done
Event: 32427.359 Loading class java/util/stream/ReferencePipeline$4$1
Event: 32427.359 Loading class java/util/stream/ReferencePipeline$4$1 done
Event: 32427.536 Loading class sun/nio/fs/WindowsFileCopy
Event: 32427.542 Loading class sun/nio/fs/WindowsFileCopy done
Event: 32692.887 Loading class java/util/stream/Nodes$CollectorTask$OfRef
Event: 32692.888 Loading class java/util/stream/Nodes$CollectorTask
Event: 32692.888 Loading class java/util/stream/Nodes$CollectorTask done
Event: 32692.888 Loading class java/util/stream/Nodes$CollectorTask$OfRef done
Event: 32692.888 Loading class java/util/function/LongFunction
Event: 32692.893 Loading class java/util/function/LongFunction done
Event: 32692.893 Loading class java/util/stream/Nodes$ConcNode
Event: 32692.894 Loading class java/util/stream/Nodes$AbstractConcNode
Event: 32692.894 Loading class java/util/stream/Nodes$AbstractConcNode done
Event: 32692.894 Loading class java/util/stream/Nodes$ConcNode done

Classes unloaded (20 events):
Event: 32408.830 Thread 0x000001ddf01049b0 Unloading class 0x000001dd90014800 'java/lang/invoke/LambdaForm$MH+0x000001dd90014800'
Event: 32408.830 Thread 0x000001ddf01049b0 Unloading class 0x000001dd9000d800 'java/lang/invoke/LambdaForm$MH+0x000001dd9000d800'
Event: 32408.830 Thread 0x000001ddf01049b0 Unloading class 0x000001dd9000d400 'java/lang/invoke/LambdaForm$MH+0x000001dd9000d400'
Event: 32408.830 Thread 0x000001ddf01049b0 Unloading class 0x000001dd9000d000 'java/lang/invoke/LambdaForm$MH+0x000001dd9000d000'
Event: 32408.830 Thread 0x000001ddf01049b0 Unloading class 0x000001dd9000cc00 'java/lang/invoke/LambdaForm$MH+0x000001dd9000cc00'
Event: 32408.830 Thread 0x000001ddf01049b0 Unloading class 0x000001dd9000c800 'java/lang/invoke/LambdaForm$BMH+0x000001dd9000c800'
Event: 32408.830 Thread 0x000001ddf01049b0 Unloading class 0x000001dd9000c000 'java/lang/invoke/LambdaForm$DMH+0x000001dd9000c000'
Event: 32408.830 Thread 0x000001ddf01049b0 Unloading class 0x000001dd90008c00 'java/lang/invoke/LambdaForm$MH+0x000001dd90008c00'
Event: 32408.830 Thread 0x000001ddf01049b0 Unloading class 0x000001dd90008800 'java/lang/invoke/LambdaForm$MH+0x000001dd90008800'
Event: 32408.830 Thread 0x000001ddf01049b0 Unloading class 0x000001dd90008400 'java/lang/invoke/LambdaForm$MH+0x000001dd90008400'
Event: 32408.830 Thread 0x000001ddf01049b0 Unloading class 0x000001dd90007000 'java/lang/invoke/LambdaForm$MH+0x000001dd90007000'
Event: 32408.830 Thread 0x000001ddf01049b0 Unloading class 0x000001dd90006c00 'java/lang/invoke/LambdaForm$MH+0x000001dd90006c00'
Event: 32408.830 Thread 0x000001ddf01049b0 Unloading class 0x000001dd90006800 'java/lang/invoke/LambdaForm$MH+0x000001dd90006800'
Event: 32408.830 Thread 0x000001ddf01049b0 Unloading class 0x000001dd90006400 'java/lang/invoke/LambdaForm$MH+0x000001dd90006400'
Event: 32408.830 Thread 0x000001ddf01049b0 Unloading class 0x000001dd90005c00 'java/lang/invoke/LambdaForm$BMH+0x000001dd90005c00'
Event: 32408.830 Thread 0x000001ddf01049b0 Unloading class 0x000001dd90004800 'java/lang/invoke/LambdaForm$DMH+0x000001dd90004800'
Event: 32408.830 Thread 0x000001ddf01049b0 Unloading class 0x000001dd90002800 'java/lang/invoke/LambdaForm$MH+0x000001dd90002800'
Event: 32408.830 Thread 0x000001ddf01049b0 Unloading class 0x000001dd90002400 'java/lang/invoke/LambdaForm$MH+0x000001dd90002400'
Event: 32408.830 Thread 0x000001ddf01049b0 Unloading class 0x000001dd90002000 'java/lang/invoke/LambdaForm$MH+0x000001dd90002000'
Event: 32408.830 Thread 0x000001ddf01049b0 Unloading class 0x000001dd90001800 'java/lang/invoke/LambdaForm$MH+0x000001dd90001800'

Classes redefined (0 events):
No events

Internal exceptions (20 events):
Event: 32692.924 Thread 0x000001ddd251f440 Exception <a 'java/lang/NoSuchMethodError'{0x00000000d57545e0}: static Lorg/eclipse/m2e/core/internal/project/registry/MavenProjectFacade$MavenProjectConfiguration;.<clinit>()V> (0x00000000d57545e0) 
thrown [s\src\hotspot\share\prims\jni.cpp, line 1111]
Event: 32692.925 Thread 0x000001ddd251f440 Exception <a 'java/lang/NoSuchMethodError'{0x00000000d5770e58}: static [J.<clinit>()V> (0x00000000d5770e58) 
thrown [s\src\hotspot\share\prims\jni.cpp, line 1111]
Event: 33435.525 Thread 0x000001ddd251f440 Exception <a 'sun/nio/fs/WindowsException'{0x00000000d57674b0}> (0x00000000d57674b0) 
thrown [s\src\hotspot\share\prims\jni.cpp, line 520]
Event: 33435.525 Thread 0x000001ddd251f440 Exception <a 'sun/nio/fs/WindowsException'{0x00000000d5767d10}> (0x00000000d5767d10) 
thrown [s\src\hotspot\share\prims\jni.cpp, line 520]
Event: 33606.861 Thread 0x000001ddd2522230 Exception <a 'java/lang/IncompatibleClassChangeError'{0x00000000d574fb78}: Found class java.lang.Object, but interface was expected> (0x00000000d574fb78) 
thrown [s\src\hotspot\share\interpreter\linkResolver.cpp, line 840]
Event: 33606.892 Thread 0x000001ddd2522230 Exception <a 'java/lang/IncompatibleClassChangeError'{0x00000000d5b579f0}: Found class java.lang.Object, but interface was expected> (0x00000000d5b579f0) 
thrown [s\src\hotspot\share\interpreter\linkResolver.cpp, line 840]
Event: 33606.902 Thread 0x000001ddd2522230 Exception <a 'java/lang/IncompatibleClassChangeError'{0x00000000d5be86d0}: Found class java.lang.Object, but interface was expected> (0x00000000d5be86d0) 
thrown [s\src\hotspot\share\interpreter\linkResolver.cpp, line 840]
Event: 33606.958 Thread 0x000001ddd2522230 Exception <a 'java/lang/IncompatibleClassChangeError'{0x00000000d5c6d388}: Found class java.lang.Object, but interface was expected> (0x00000000d5c6d388) 
thrown [s\src\hotspot\share\interpreter\linkResolver.cpp, line 840]
Event: 33607.053 Thread 0x000001ddd2522230 Exception <a 'java/lang/IncompatibleClassChangeError'{0x00000000d5602650}: Found class java.lang.Object, but interface was expected> (0x00000000d5602650) 
thrown [s\src\hotspot\share\interpreter\linkResolver.cpp, line 840]
Event: 33607.156 Thread 0x000001ddd2522230 Exception <a 'java/lang/IncompatibleClassChangeError'{0x00000000d5664538}: Found class java.lang.Object, but interface was expected> (0x00000000d5664538) 
thrown [s\src\hotspot\share\interpreter\linkResolver.cpp, line 840]
Event: 33607.161 Thread 0x000001ddd33229a0 Implicit null exception at 0x000001dd884d2a01 to 0x000001dd884d2cbc
Event: 33776.912 Thread 0x000001ddd1d30ce0 Exception <a 'sun/nio/fs/WindowsException'{0x00000000d57bf150}> (0x00000000d57bf150) 
thrown [s\src\hotspot\share\prims\jni.cpp, line 520]
Event: 33776.913 Thread 0x000001ddd1d30ce0 Exception <a 'sun/nio/fs/WindowsException'{0x00000000d57bf9d0}> (0x00000000d57bf9d0) 
thrown [s\src\hotspot\share\prims\jni.cpp, line 520]
Event: 34146.643 Thread 0x000001ddd33236c0 Implicit null exception at 0x000001dd88a4b14f to 0x000001dd88a4bb68
Event: 34182.395 Thread 0x000001ddd1d30ce0 Exception <a 'sun/nio/fs/WindowsException'{0x00000000d5b720f0}> (0x00000000d5b720f0) 
thrown [s\src\hotspot\share\prims\jni.cpp, line 520]
Event: 34182.395 Thread 0x000001ddd1d30ce0 Exception <a 'sun/nio/fs/WindowsException'{0x00000000d5b72950}> (0x00000000d5b72950) 
thrown [s\src\hotspot\share\prims\jni.cpp, line 520]
Event: 34492.912 Thread 0x000001ddd33236c0 Exception <a 'sun/nio/fs/WindowsException'{0x00000000d5679278}> (0x00000000d5679278) 
thrown [s\src\hotspot\share\prims\jni.cpp, line 520]
Event: 34492.912 Thread 0x000001ddd33236c0 Exception <a 'sun/nio/fs/WindowsException'{0x00000000d5679af8}> (0x00000000d5679af8) 
thrown [s\src\hotspot\share\prims\jni.cpp, line 520]
Event: 35085.093 Thread 0x000001ddd33236c0 Exception <a 'sun/nio/fs/WindowsException'{0x00000000d5958230}> (0x00000000d5958230) 
thrown [s\src\hotspot\share\prims\jni.cpp, line 520]
Event: 35085.093 Thread 0x000001ddd33236c0 Exception <a 'sun/nio/fs/WindowsException'{0x00000000d5958a90}> (0x00000000d5958a90) 
thrown [s\src\hotspot\share\prims\jni.cpp, line 520]

ZGC Phase Switch (0 events):
No events

VM Operations (20 events):
Event: 35053.529 Executing non-safepoint VM operation: HandshakeAllThreads (HandshakeForDeflation)
Event: 35053.529 Executing non-safepoint VM operation: HandshakeAllThreads (HandshakeForDeflation) done
Event: 35053.529 Executing non-safepoint VM operation: RendezvousGCThreads
Event: 35053.529 Executing non-safepoint VM operation: RendezvousGCThreads done
Event: 35085.810 Executing safepoint VM operation: Cleanup
Event: 35085.810 Executing safepoint VM operation: Cleanup done
Event: 35113.603 Executing non-safepoint VM operation: HandshakeAllThreads (HandshakeForDeflation)
Event: 35113.603 Executing non-safepoint VM operation: HandshakeAllThreads (HandshakeForDeflation) done
Event: 35113.603 Executing non-safepoint VM operation: RendezvousGCThreads
Event: 35113.603 Executing non-safepoint VM operation: RendezvousGCThreads done
Event: 35262.716 Executing safepoint VM operation: ParallelGCFailedAllocation (Allocation Failure)
Event: 35262.718 Executing safepoint VM operation: ParallelGCFailedAllocation (Allocation Failure) done
Event: 35263.725 Executing safepoint VM operation: Cleanup
Event: 35263.725 Executing safepoint VM operation: Cleanup done
Event: 35349.595 Executing safepoint VM operation: Cleanup
Event: 35349.595 Executing safepoint VM operation: Cleanup done
Event: 35354.038 Executing non-safepoint VM operation: HandshakeAllThreads (HandshakeForDeflation)
Event: 35354.038 Executing non-safepoint VM operation: HandshakeAllThreads (HandshakeForDeflation) done
Event: 35354.038 Executing non-safepoint VM operation: RendezvousGCThreads
Event: 35354.038 Executing non-safepoint VM operation: RendezvousGCThreads done

Memory protections (0 events):
No events

Nmethod flushes (20 events):
Event: 32408.858 Thread 0x000001ddf01049b0 flushing  nmethod 0x000001dd80a2bb90
Event: 32408.858 Thread 0x000001ddf01049b0 flushing  nmethod 0x000001dd80a2c190
Event: 32408.858 Thread 0x000001ddf01049b0 flushing  nmethod 0x000001dd80a2d010
Event: 32408.858 Thread 0x000001ddf01049b0 flushing  nmethod 0x000001dd80a30210
Event: 32408.858 Thread 0x000001ddf01049b0 flushing  nmethod 0x000001dd80a3e110
Event: 32408.858 Thread 0x000001ddf01049b0 flushing  nmethod 0x000001dd80a42210
Event: 32408.858 Thread 0x000001ddf01049b0 flushing  nmethod 0x000001dd80a4a190
Event: 32408.858 Thread 0x000001ddf01049b0 flushing  nmethod 0x000001dd80ab5090
Event: 32408.858 Thread 0x000001ddf01049b0 flushing  nmethod 0x000001dd80ab6210
Event: 32408.858 Thread 0x000001ddf01049b0 flushing  nmethod 0x000001dd80ab7810
Event: 32408.858 Thread 0x000001ddf01049b0 flushing  nmethod 0x000001dd80acd190
Event: 32408.858 Thread 0x000001ddf01049b0 flushing  nmethod 0x000001dd80b02810
Event: 32408.858 Thread 0x000001ddf01049b0 flushing  nmethod 0x000001dd80b04110
Event: 32408.858 Thread 0x000001ddf01049b0 flushing  nmethod 0x000001dd80b05c10
Event: 32408.858 Thread 0x000001ddf01049b0 flushing  nmethod 0x000001dd80b06090
Event: 32408.858 Thread 0x000001ddf01049b0 flushing  nmethod 0x000001dd80b06e90
Event: 32408.858 Thread 0x000001ddf01049b0 flushing  nmethod 0x000001dd80b15990
Event: 32408.858 Thread 0x000001ddf01049b0 flushing  nmethod 0x000001dd815c1e90
Event: 32408.858 Thread 0x000001ddf01049b0 flushing  nmethod 0x000001dd815ecd90
Event: 32408.858 Thread 0x000001ddf01049b0 flushing  nmethod 0x000001dd815ee990

Events (20 events):
Event: 34182.394 Thread 0x000001ddd1d30ce0 Thread added: 0x000001ddd3321c80
Event: 34182.394 Thread 0x000001ddd3321c80 Thread exited: 0x000001ddd3321c80
Event: 34182.396 Thread 0x000001ddd1d30ce0 Thread added: 0x000001ddd3323d50
Event: 34182.396 Thread 0x000001ddd3323d50 Thread exited: 0x000001ddd3323d50
Event: 34182.405 Thread 0x000001ddf0222b60 Thread added: 0x000001ddd09b7cf0
Event: 34182.521 Thread 0x000001ddd1d30ce0 Thread added: 0x000001ddd3323d50
Event: 34182.522 Thread 0x000001ddd09b7cf0 Thread exited: 0x000001ddd09b7cf0
Event: 34251.385 Thread 0x000001ddd3323d50 Thread exited: 0x000001ddd3323d50
Event: 34492.911 Thread 0x000001ddd33236c0 Thread added: 0x000001ddd3321c80
Event: 34492.911 Thread 0x000001ddd3321c80 Thread exited: 0x000001ddd3321c80
Event: 34492.912 Thread 0x000001ddd33236c0 Thread added: 0x000001ddd3324a70
Event: 34492.912 Thread 0x000001ddd3324a70 Thread exited: 0x000001ddd3324a70
Event: 34899.522 Thread 0x000001ddf0222b60 Thread added: 0x000001ddd09b83c0
Event: 34905.534 Thread 0x000001ddd09b83c0 Thread exited: 0x000001ddd09b83c0
Event: 35085.092 Thread 0x000001ddd33236c0 Thread added: 0x000001ddd33229a0
Event: 35085.093 Thread 0x000001ddd33229a0 Thread exited: 0x000001ddd33229a0
Event: 35085.094 Thread 0x000001ddd33236c0 Thread added: 0x000001ddd3323d50
Event: 35085.094 Thread 0x000001ddd3323d50 Thread exited: 0x000001ddd3323d50
Event: 35262.846 Thread 0x000001ddd1d30ce0 Thread added: 0x000001ddd3323d50
Event: 35264.364 Thread 0x000001ddd33236c0 Thread exited: 0x000001ddd33236c0


Dynamic libraries:
0x00007ff7ff860000 - 0x00007ff7ff86e000 	c:\Users\26738\.vscode\extensions\redhat.java-1.54.0-win32-x64\jre\21.0.10-win32-x86_64\bin\java.exe
0x00007ffd5a1e0000 - 0x00007ffd5a447000 	C:\WINDOWS\SYSTEM32\ntdll.dll
0x00007ffd592d0000 - 0x00007ffd59399000 	C:\WINDOWS\System32\KERNEL32.DLL
0x00007ffd576b0000 - 0x00007ffd57aa4000 	C:\WINDOWS\System32\KERNELBASE.dll
0x00007ffd57ce0000 - 0x00007ffd57e2b000 	C:\WINDOWS\System32\ucrtbase.dll
0x00007ffce7750000 - 0x00007ffce7768000 	c:\Users\26738\.vscode\extensions\redhat.java-1.54.0-win32-x64\jre\21.0.10-win32-x86_64\bin\jli.dll
0x00007ffcee180000 - 0x00007ffcee19e000 	c:\Users\26738\.vscode\extensions\redhat.java-1.54.0-win32-x64\jre\21.0.10-win32-x86_64\bin\VCRUNTIME140.dll
0x00007ffd59580000 - 0x00007ffd59745000 	C:\WINDOWS\System32\USER32.dll
0x00007ffd30ee0000 - 0x00007ffd31173000 	C:\WINDOWS\WinSxS\amd64_microsoft.windows.common-controls_6595b64144ccf1df_6.0.26100.8115_none_3e075c82e3354f9c\COMCTL32.dll
0x00007ffd57550000 - 0x00007ffd57577000 	C:\WINDOWS\System32\win32u.dll
0x00007ffd58510000 - 0x00007ffd5853b000 	C:\WINDOWS\System32\GDI32.dll
0x00007ffd59c10000 - 0x00007ffd59cb9000 	C:\WINDOWS\System32\msvcrt.dll
0x00007ffd57580000 - 0x00007ffd576ab000 	C:\WINDOWS\System32\gdi32full.dll
0x00007ffd57ec0000 - 0x00007ffd57f63000 	C:\WINDOWS\System32\msvcp_win.dll
0x00007ffd59cc0000 - 0x00007ffd59cf2000 	C:\WINDOWS\System32\IMM32.DLL
0x00007ffd2dca0000 - 0x00007ffd2dcac000 	c:\Users\26738\.vscode\extensions\redhat.java-1.54.0-win32-x64\jre\21.0.10-win32-x86_64\bin\vcruntime140_1.dll
0x00007ffcaf7c0000 - 0x00007ffcaf84d000 	c:\Users\26738\.vscode\extensions\redhat.java-1.54.0-win32-x64\jre\21.0.10-win32-x86_64\bin\msvcp140.dll
0x00007ffc34700000 - 0x00007ffc354a1000 	c:\Users\26738\.vscode\extensions\redhat.java-1.54.0-win32-x64\jre\21.0.10-win32-x86_64\bin\server\jvm.dll
0x00007ffd57fc0000 - 0x00007ffd58076000 	C:\WINDOWS\System32\ADVAPI32.dll
0x00007ffd599d0000 - 0x00007ffd59a77000 	C:\WINDOWS\System32\sechost.dll
0x00007ffd58230000 - 0x00007ffd58348000 	C:\WINDOWS\System32\RPCRT4.dll
0x00007ffd597d0000 - 0x00007ffd59850000 	C:\WINDOWS\System32\WS2_32.dll
0x00007ffd56910000 - 0x00007ffd5696e000 	C:\WINDOWS\SYSTEM32\POWRPROF.dll
0x00007ffd511d0000 - 0x00007ffd51206000 	C:\WINDOWS\SYSTEM32\WINMM.dll
0x00007ffd4e930000 - 0x00007ffd4e93b000 	C:\WINDOWS\SYSTEM32\VERSION.dll
0x00007ffd568f0000 - 0x00007ffd56904000 	C:\WINDOWS\SYSTEM32\UMPDC.dll
0x00007ffd55820000 - 0x00007ffd5583b000 	C:\WINDOWS\SYSTEM32\kernel.appcore.dll
0x00007ffd28ba0000 - 0x00007ffd28baa000 	c:\Users\26738\.vscode\extensions\redhat.java-1.54.0-win32-x64\jre\21.0.10-win32-x86_64\bin\jimage.dll
0x00007ffd548b0000 - 0x00007ffd54af2000 	C:\WINDOWS\SYSTEM32\DBGHELP.DLL
0x00007ffd58d30000 - 0x00007ffd590b2000 	C:\WINDOWS\System32\combase.dll
0x00007ffd59b30000 - 0x00007ffd59c08000 	C:\WINDOWS\System32\OLEAUT32.dll
0x00007ffd36820000 - 0x00007ffd3685b000 	C:\WINDOWS\SYSTEM32\dbgcore.DLL
0x00007ffd56ab0000 - 0x00007ffd56b55000 	C:\WINDOWS\System32\bcryptPrimitives.dll
0x00007ffd276c0000 - 0x00007ffd276cf000 	c:\Users\26738\.vscode\extensions\redhat.java-1.54.0-win32-x64\jre\21.0.10-win32-x86_64\bin\instrument.dll
0x00007ffce6d10000 - 0x00007ffce6d30000 	c:\Users\26738\.vscode\extensions\redhat.java-1.54.0-win32-x64\jre\21.0.10-win32-x86_64\bin\java.dll
0x00007ffd585c0000 - 0x00007ffd58d27000 	C:\WINDOWS\System32\SHELL32.dll
0x00007ffd57ab0000 - 0x00007ffd57c1a000 	C:\WINDOWS\System32\wintypes.dll
0x00007ffd56b60000 - 0x00007ffd573c8000 	C:\WINDOWS\System32\windows.storage.dll
0x00007ffd58350000 - 0x00007ffd58448000 	C:\WINDOWS\System32\SHCORE.dll
0x00007ffd58550000 - 0x00007ffd585b6000 	C:\WINDOWS\System32\shlwapi.dll
0x00007ffd569d0000 - 0x00007ffd569f9000 	C:\WINDOWS\SYSTEM32\profapi.dll
0x00007ffce6c90000 - 0x00007ffce6ca8000 	c:\Users\26738\.vscode\extensions\redhat.java-1.54.0-win32-x64\jre\21.0.10-win32-x86_64\bin\zip.dll
0x00007ffd25270000 - 0x00007ffd25280000 	C:\Users\26738\.vscode\extensions\redhat.java-1.54.0-win32-x64\jre\21.0.10-win32-x86_64\bin\net.dll
0x00007ffd51040000 - 0x00007ffd5116d000 	C:\WINDOWS\SYSTEM32\WINHTTP.dll
0x00007ffd55db0000 - 0x00007ffd55e1c000 	C:\WINDOWS\system32\mswsock.dll
0x00007ffce3250000 - 0x00007ffce3266000 	C:\Users\26738\.vscode\extensions\redhat.java-1.54.0-win32-x64\jre\21.0.10-win32-x86_64\bin\nio.dll
0x00007ffd24c60000 - 0x00007ffd24c70000 	c:\Users\26738\.vscode\extensions\redhat.java-1.54.0-win32-x64\jre\21.0.10-win32-x86_64\bin\verify.dll
0x00007ffcea8c0000 - 0x00007ffcea905000 	C:\Users\26738\AppData\Roaming\Code\User\globalStorage\redhat.java\1.54.0\config_win\org.eclipse.equinox.launcher\org.eclipse.equinox.launcher.win32.win32.x86_64_1.3.0.v20260203-2149\eclipse_11919.dll
0x00007ffd58090000 - 0x00007ffd58227000 	C:\WINDOWS\System32\ole32.dll
0x00007ffd560a0000 - 0x00007ffd560bb000 	C:\WINDOWS\SYSTEM32\CRYPTSP.dll
0x00007ffd55770000 - 0x00007ffd557a9000 	C:\WINDOWS\system32\rsaenh.dll
0x00007ffd55e60000 - 0x00007ffd55e93000 	C:\WINDOWS\SYSTEM32\USERENV.dll
0x00007ffd569a0000 - 0x00007ffd569ca000 	C:\WINDOWS\SYSTEM32\bcrypt.dll
0x00007ffd56090000 - 0x00007ffd5609c000 	C:\WINDOWS\SYSTEM32\CRYPTBASE.dll
0x00007ffd551e0000 - 0x00007ffd55212000 	C:\WINDOWS\SYSTEM32\IPHLPAPI.DLL
0x00007ffd59860000 - 0x00007ffd5986a000 	C:\WINDOWS\System32\NSI.dll
0x00007ffd06ea0000 - 0x00007ffd06ee9000 	C:\Users\26738\AppData\Local\Temp\jna-47839256\jna4200512782864740527.dll
0x00007ffd58540000 - 0x00007ffd58548000 	C:\WINDOWS\System32\PSAPI.DLL
0x00007ffd51830000 - 0x00007ffd5184d000 	C:\WINDOWS\SYSTEM32\dhcpcsvc6.DLL
0x00007ffd51800000 - 0x00007ffd51825000 	C:\WINDOWS\SYSTEM32\dhcpcsvc.DLL
0x00007ffd552e0000 - 0x00007ffd55412000 	C:\WINDOWS\SYSTEM32\DNSAPI.dll
0x00007ffd508c0000 - 0x00007ffd508cb000 	C:\Windows\System32\rasadhlp.dll
0x00007ffd51b30000 - 0x00007ffd51bb6000 	C:\WINDOWS\System32\fwpuclnt.dll
0x00007ffd3d020000 - 0x00007ffd3d029000 	C:\Users\26738\.vscode\extensions\redhat.java-1.54.0-win32-x64\jre\21.0.10-win32-x86_64\bin\extnet.dll
0x00007ffd3d010000 - 0x00007ffd3d01e000 	C:\Users\26738\.vscode\extensions\redhat.java-1.54.0-win32-x64\jre\21.0.10-win32-x86_64\bin\sunmscapi.dll
0x00007ffd573d0000 - 0x00007ffd57547000 	C:\WINDOWS\System32\CRYPT32.dll
0x00007ffd562b0000 - 0x00007ffd562e0000 	C:\WINDOWS\SYSTEM32\ncrypt.dll
0x00007ffd56260000 - 0x00007ffd5629f000 	C:\WINDOWS\SYSTEM32\NTASN1.dll
0x00007ffd55940000 - 0x00007ffd55976000 	C:\WINDOWS\SYSTEM32\ntmarta.dll

JVMTI agents:
c:\Users\26738\.vscode\extensions\redhat.java-1.54.0-win32-x64\lombok\lombok-1.18.39-4050.jar path:c:\Users\26738\.vscode\extensions\redhat.java-1.54.0-win32-x64\jre\21.0.10-win32-x86_64\bin\instrument.dll, loaded, initialized, instrumentlib options:none

dbghelp: loaded successfully - version: 4.0.5 - missing functions: none
symbol engine: initialized successfully - sym options: 0x614 - pdb path: .;c:\Users\26738\.vscode\extensions\redhat.java-1.54.0-win32-x64\jre\21.0.10-win32-x86_64\bin;C:\WINDOWS\SYSTEM32;C:\WINDOWS\WinSxS\amd64_microsoft.windows.common-controls_6595b64144ccf1df_6.0.26100.8115_none_3e075c82e3354f9c;c:\Users\26738\.vscode\extensions\redhat.java-1.54.0-win32-x64\jre\21.0.10-win32-x86_64\bin\server;C:\Users\26738\AppData\Roaming\Code\User\globalStorage\redhat.java\1.54.0\config_win\org.eclipse.equinox.launcher\org.eclipse.equinox.launcher.win32.win32.x86_64_1.3.0.v20260203-2149;C:\Users\26738\AppData\Local\Temp\jna-47839256

VM Arguments:
jvm_args: --add-modules=ALL-SYSTEM --add-opens=java.base/java.util=ALL-UNNAMED --add-opens=java.base/java.lang=ALL-UNNAMED --add-opens=java.base/sun.nio.fs=ALL-UNNAMED -Declipse.application=org.eclipse.jdt.ls.core.id1 -Dosgi.bundles.defaultStartLevel=4 -Declipse.product=org.eclipse.jdt.ls.core.product -Djava.import.generatesMetadataFilesAtProjectRoot=false -DDetectVMInstallationsJob.disabled=true -Dfile.encoding=utf8 -XX:+UseParallelGC -XX:GCTimeRatio=4 -XX:AdaptiveSizePolicyWeight=90 -Dsun.zip.disableMemoryMapping=true -Xmx2G -Xms100m -Xlog:disable -javaagent:c:\Users\26738\.vscode\extensions\redhat.java-1.54.0-win32-x64\lombok\lombok-1.18.39-4050.jar -XX:+HeapDumpOnOutOfMemoryError -XX:HeapDumpPath=c:\Users\26738\AppData\Roaming\Code\User\workspaceStorage\aa6ddfe8fe14924d1cf1a656ad6f9cfc\redhat.java -Daether.dependencyCollector.impl=bf 
java_command: c:\Users\26738\.vscode\extensions\redhat.java-1.54.0-win32-x64\server\plugins\org.eclipse.equinox.launcher_1.7.100.v20251111-0406.jar -configuration c:\Users\26738\AppData\Roaming\Code\User\globalStorage\redhat.java\1.54.0\config_win -data c:\Users\26738\AppData\Roaming\Code\User\workspaceStorage\aa6ddfe8fe14924d1cf1a656ad6f9cfc\redhat.java\jdt_ws --pipe=\\.\pipe\lsp-0926e067ad8c95c41f64f4c49380a419-sock
java_class_path (initial): c:\Users\26738\.vscode\extensions\redhat.java-1.54.0-win32-x64\server\plugins\org.eclipse.equinox.launcher_1.7.100.v20251111-0406.jar
Launcher Type: SUN_STANDARD

[Global flags]
    uintx AdaptiveSizePolicyWeight                 = 90                                        {product} {command line}
     intx CICompilerCount                          = 12                                        {product} {ergonomic}
    uintx GCTimeRatio                              = 4                                         {product} {command line}
     bool HeapDumpOnOutOfMemoryError               = true                                   {manageable} {command line}
    ccstr HeapDumpPath                             = c:\Users\26738\AppData\Roaming\Code\User\workspaceStorage\aa6ddfe8fe14924d1cf1a656ad6f9cfc\redhat.java         {manageable} {command line}
   size_t InitialHeapSize                          = 104857600                                 {product} {command line}
   size_t MaxHeapSize                              = 2147483648                                {product} {command line}
   size_t MaxNewSize                               = 715653120                                 {product} {ergonomic}
   size_t MinHeapDeltaBytes                        = 524288                                    {product} {ergonomic}
   size_t MinHeapSize                              = 104857600                                 {product} {command line}
   size_t NewSize                                  = 34603008                                  {product} {ergonomic}
    uintx NonNMethodCodeHeapSize                   = 7602480                                {pd product} {ergonomic}
    uintx NonProfiledCodeHeapSize                  = 122027880                              {pd product} {ergonomic}
   size_t OldSize                                  = 70254592                                  {product} {ergonomic}
    uintx ProfiledCodeHeapSize                     = 122027880                              {pd product} {ergonomic}
    uintx ReservedCodeCacheSize                    = 251658240                              {pd product} {ergonomic}
     bool SegmentedCodeCache                       = true                                      {product} {ergonomic}
   size_t SoftMaxHeapSize                          = 2147483648                             {manageable} {ergonomic}
     bool UseCompressedOops                        = true                           {product lp64_product} {ergonomic}
     bool UseLargePagesIndividualAllocation        = false                                  {pd product} {ergonomic}
     bool UseParallelGC                            = true                                      {product} {command line}

Logging:
Log output configuration:
 #0: stdout all=off uptime,level,tags foldmultilines=false
 #1: stderr all=off uptime,level,tags foldmultilines=false

Release file:
JAVA_VERSION="21.0.10" 
MODULES="java.base java.compiler java.datatransfer java.xml java.prefs java.desktop java.instrument java.logging java.management java.security.sasl java.naming java.rmi java.management.rmi java.net.http java.scripting java.security.jgss java.transaction.xa java.sql java.sql.rowset java.xml.crypto java.se java.smartcardio jdk.accessibility jdk.internal.jvmstat jdk.attach jdk.charsets jdk.internal.opt jdk.zipfs jdk.compiler jdk.crypto.ec jdk.crypto.cryptoki jdk.crypto.mscapi jdk.dynalink jdk.internal.ed jdk.editpad jdk.hotspot.agent jdk.httpserver jdk.internal.le jdk.internal.vm.ci jdk.internal.vm.compiler jdk.internal.vm.compiler.management jdk.jartool jdk.javadoc jdk.jcmd jdk.management jdk.management.agent jdk.jconsole jdk.jdeps jdk.jdwp.agent jdk.jdi jdk.jfr jdk.jshell jdk.jsobject jdk.jstatd jdk.localedata jdk.management.jfr jdk.naming.dns jdk.naming.rmi jdk.net jdk.nio.mapmode jdk.random jdk.sctp jdk.security.auth jdk.security.jgss jdk.unsupported jdk.unsupported.desktop jdk.xml.dom" 

Environment Variables:
JAVA_HOME=F:\Interpreter\JAVA17
PATH=C:\Users\26738\AppData\Local\Programs\Microsoft VS Code;F:\Interpreter\JAVA17\bin;F:\Interpreter\PY\Scripts\;F:\Interpreter\PY\;F:\VM\bin\;C:\WINDOWS\system32;C:\WINDOWS;C:\WINDOWS\System32\Wbem;C:\WINDOWS\System32\WindowsPowerShell\v1.0\;C:\WINDOWS\System32\OpenSSH\;C:\Program Files\dotnet\;C:\Program Files\Microsoft SQL Server\150\Tools\Binn\;C:\Program Files\Microsoft SQL Server\Client SDK\ODBC\170\Tools\Binn\;C:\Program Files (x86)\Windows Kits\10\Windows Performance Toolkit\;C:\Program Files\Git\cmd;C:\Program Files\Docker\Docker\resources\bin;F:\MySQL\MySQL Server 8.0\bin;F:\Maven\apache-maven-3.9.15\bin;C:\Users\26738\.local\bin;F:\Interpreter\Nacos_146\nacos\bin;F:\Interpreter\Redis863\Redis-8.6.3-Windows-x64-cygwin-with-Service;F:\Interpreter\Erlang27_3_4_11\Erlang OTP\bin;F:\Interpreter\RabbitMQ Server\rabbitmq_server-4.3.0\sbin;F:\Interpreter\nvm;F:\Interpreter\nodejs;F:\Interpreter\nodejs\nodejs\node_global\node_modules\yarn\bin;F:\Interpreter\Nginx\nginx-1.22.1\;F:\MySQL\MySQL Shell 8.0\bin\;f:\Tr_code_cn\Trae CN\bin;C:\Users\26738\AppData\Local\Microsoft\WindowsApps;C:\Users\26738\.dotnet\tools;F:\IDEA\IntelliJ IDEA 2024.1.7\bin;F:\PyCharm\PyCharm 2024.1.7\bin;C:\Users\26738\AppData\Local\Programs\Microsoft VS Code\bin;F:\Cursor\cursor\resources\app\bin;C:\Program Files\mingw64\bin;F:\anac\anaconda3;F:\anac\anaconda3\Library\usr\bin;F:\anac\anaconda3\Library\mingw-w64;F:\anac\anaconda3\Library\bin;F:\anac\anaconda3\Scripts;C:\Users\26738\AppData\Local\Microsoft\WinGet\Links;F:\Interpreter\nvm;F:\Interpreter\nodejs;
USERNAME=26738
OS=Windows_NT
PROCESSOR_IDENTIFIER=Intel64 Family 6 Model 183 Stepping 1, GenuineIntel
TMP=C:\Users\26738\AppData\Local\Temp
TEMP=C:\Users\26738\AppData\Local\Temp




Periodic native trim disabled

---------------  S Y S T E M  ---------------

OS:
 Windows 11 , 64 bit Build 26100 (10.0.26100.8246)
OS uptime: 3 days 6:06 hours
Hyper-V role detected

CPU: total 20 (initial active 20) (10 cores per cpu, 2 threads per core) family 6 model 183 stepping 1 microcode 0x133, cx8, cmov, fxsr, ht, mmx, 3dnowpref, sse, sse2, sse3, ssse3, sse4.1, sse4.2, popcnt, lzcnt, tsc, tscinvbit, avx, avx2, aes, erms, clmul, bmi1, bmi2, adx, sha, fma, vzeroupper, clflush, clflushopt, clwb, hv, serialize, rdtscp, rdpid, fsrm, f16c, cet_ibt, cet_ss
Processor Information for processor 0
  Max Mhz: 2600, Current Mhz: 2600, Mhz Limit: 2600
Processor Information for processor 1
  Max Mhz: 2600, Current Mhz: 2600, Mhz Limit: 2600
Processor Information for processor 2
  Max Mhz: 2600, Current Mhz: 2600, Mhz Limit: 2600
Processor Information for processor 3
  Max Mhz: 2600, Current Mhz: 1496, Mhz Limit: 2600
Processor Information for processor 4
  Max Mhz: 2600, Current Mhz: 2600, Mhz Limit: 2600
Processor Information for processor 5
  Max Mhz: 2600, Current Mhz: 2600, Mhz Limit: 2600
Processor Information for processor 6
  Max Mhz: 2600, Current Mhz: 2600, Mhz Limit: 2600
Processor Information for processor 7
  Max Mhz: 2600, Current Mhz: 1496, Mhz Limit: 2600
Processor Information for processor 8
  Max Mhz: 2600, Current Mhz: 2600, Mhz Limit: 2600
Processor Information for processor 9
  Max Mhz: 2600, Current Mhz: 1496, Mhz Limit: 2600
Processor Information for processor 10
  Max Mhz: 2600, Current Mhz: 2600, Mhz Limit: 2600
Processor Information for processor 11
  Max Mhz: 2600, Current Mhz: 1496, Mhz Limit: 2600
Processor Information for processor 12
  Max Mhz: 2600, Current Mhz: 2600, Mhz Limit: 2600
Processor Information for processor 13
  Max Mhz: 2600, Current Mhz: 2600, Mhz Limit: 2600
Processor Information for processor 14
  Max Mhz: 2600, Current Mhz: 1505, Mhz Limit: 2600
Processor Information for processor 15
  Max Mhz: 2600, Current Mhz: 1505, Mhz Limit: 2600
Processor Information for processor 16
  Max Mhz: 2600, Current Mhz: 2600, Mhz Limit: 2600
Processor Information for processor 17
  Max Mhz: 2600, Current Mhz: 2600, Mhz Limit: 2600
Processor Information for processor 18
  Max Mhz: 2600, Current Mhz: 2600, Mhz Limit: 2600
Processor Information for processor 19
  Max Mhz: 2600, Current Mhz: 2600, Mhz Limit: 2600

Memory: 4k page, system-wide physical 16068M (569M free)
TotalPageFile size 60166M (AvailPageFile size 2M)
current process WorkingSet (physical memory assigned to process): 73M, peak: 630M
current process commit charge ("private bytes"): 750M, peak: 763M

vm_info: OpenJDK 64-Bit Server VM (21.0.10+7-LTS) for windows-amd64 JRE (21.0.10+7-LTS), built on 2026-01-20T00:00:00Z by "admin" with MS VC++ 17.12 (VS2022)

END.
