#
# There is insufficient memory for the Java Runtime Environment to continue.
# Native memory allocation (malloc) failed to allocate 2253520 bytes. Error detail: Chunk::new
# Possible reasons:
#   The system is out of physical RAM or swap space
#   This process is running with CompressedOops enabled, and the Java Heap may be blocking the growth of the native heap
# Possible solutions:
#   Reduce memory load on the system
#   Increase physical memory or swap space
#   Check if swap backing store is full
#   Decrease Java heap size (-Xmx/-Xms)
#   Decrease number of Java threads
#   Decrease Java thread stack sizes (-Xss)
#   Set larger code cache with -XX:ReservedCodeCacheSize=
#   JVM is running with Unscaled Compressed Oops mode in which the Java heap is
#     placed in the first 4GB address space. The Java Heap base address is the
#     maximum limit for the native heap growth. Please use -XX:HeapBaseMinAddress
#     to set the Java Heap base and to place the Java Heap above 4GB virtual address.
# This output file may be truncated or incomplete.
#
#  Out of Memory Error (arena.cpp:168), pid=37920, tid=36128
#
# JRE version: OpenJDK Runtime Environment Temurin-21.0.10+7 (21.0.10+7) (build 21.0.10+7-LTS)
# Java VM: OpenJDK 64-Bit Server VM Temurin-21.0.10+7 (21.0.10+7-LTS, mixed mode, sharing, tiered, compressed oops, compressed class ptrs, parallel gc, windows-amd64)
# No core dump will be written. Minidumps are not enabled by default on client versions of Windows
#

---------------  S U M M A R Y ------------

Command Line: --add-modules=ALL-SYSTEM --add-opens=java.base/java.util=ALL-UNNAMED --add-opens=java.base/java.lang=ALL-UNNAMED --add-opens=java.base/sun.nio.fs=ALL-UNNAMED -Declipse.application=org.eclipse.jdt.ls.core.id1 -Dosgi.bundles.defaultStartLevel=4 -Declipse.product=org.eclipse.jdt.ls.core.product -Djava.import.generatesMetadataFilesAtProjectRoot=false -DDetectVMInstallationsJob.disabled=true -Dfile.encoding=utf8 -XX:+UseParallelGC -XX:GCTimeRatio=4 -XX:AdaptiveSizePolicyWeight=90 -Dsun.zip.disableMemoryMapping=true -Xmx2G -Xms100m -Xlog:disable -javaagent:c:\Users\26738\.vscode\extensions\redhat.java-1.54.0-win32-x64\lombok\lombok-1.18.39-4050.jar -XX:+HeapDumpOnOutOfMemoryError -XX:HeapDumpPath=c:\Users\26738\AppData\Roaming\Code\User\workspaceStorage\aa6ddfe8fe14924d1cf1a656ad6f9cfc\redhat.java -Daether.dependencyCollector.impl=bf c:\Users\26738\.vscode\extensions\redhat.java-1.54.0-win32-x64\server\plugins\org.eclipse.equinox.launcher_1.7.100.v20251111-0406.jar -configuration c:\Users\26738\AppData\Roaming\Code\User\globalStorage\redhat.java\1.54.0\config_win -data c:\Users\26738\AppData\Roaming\Code\User\workspaceStorage\aa6ddfe8fe14924d1cf1a656ad6f9cfc\redhat.java\jdt_ws --pipe=\\.\pipe\lsp-40cf7a1f72c33bb4e397f4c287177b57-sock

Host: 13th Gen Intel(R) Core(TM) i7-13650HX, 20 cores, 15G,  Windows 11 , 64 bit Build 26100 (10.0.26100.8246)
Time: Sun May 17 00:25:01 2026 elapsed time: 15.070140 seconds (0d 0h 0m 15s)

---------------  T H R E A D  ---------------

Current thread (0x00000204955d0740):  JavaThread "C2 CompilerThread2" daemon [_thread_in_native, id=36128, stack(0x000000654e900000,0x000000654ea00000) (1024K)]


Current CompileTask:
C2:15070 11144   !   4       org.eclipse.aether.internal.impl.DefaultArtifactResolver::resolve (1386 bytes)

Stack: [0x000000654e900000,0x000000654ea00000]
Native frames: (J=compiled Java code, j=interpreted, Vv=VM code, C=native code)
V  [jvm.dll+0x6d7a39]
V  [jvm.dll+0x8b4b26]
V  [jvm.dll+0x8b70de]
V  [jvm.dll+0x8b77c3]
V  [jvm.dll+0x284346]
V  [jvm.dll+0xc66ed]
V  [jvm.dll+0xc6c31]
V  [jvm.dll+0x3bec3b]
V  [jvm.dll+0x38b162]
V  [jvm.dll+0x38a5aa]
V  [jvm.dll+0x24c560]
V  [jvm.dll+0x24bb40]
V  [jvm.dll+0x1cb34e]
V  [jvm.dll+0x25b85d]
V  [jvm.dll+0x259dea]
V  [jvm.dll+0x3f857e]
V  [jvm.dll+0x85f59d]
V  [jvm.dll+0x6d626d]
C  [ucrtbase.dll+0x37b0]
C  [KERNEL32.DLL+0x2e8d7]
C  [ntdll.dll+0x8c3fc]


---------------  P R O C E S S  ---------------

Threads class SMR info:
_java_thread_list=0x0000020497420150, length=69, elements={
0x0000020434e31eb0, 0x000002044b8dd930, 0x000002048dd88b20, 0x000002048dd8b5e0,
0x000002048dd8c4a0, 0x000002048dd913e0, 0x000002048dd95570, 0x000002048dd98f50,
0x0000020434ee3210, 0x000002048e022020, 0x000002049417b4e0, 0x00000204945ad560,
0x0000020494a9e8d0, 0x0000020494b2a0b0, 0x00000204949dd130, 0x000002049547ffe0,
0x0000020494855a30, 0x00000204951deff0, 0x00000204955d4bd0, 0x00000204955d0740,
0x00000204955d0070, 0x0000020494ffe330, 0x0000020494fff050, 0x0000020494ffe9c0,
0x0000020495ca5980, 0x0000020495ca66a0, 0x0000020495ca52f0, 0x0000020495ca4c60,
0x0000020495ca80e0, 0x0000020495ca9490, 0x0000020495ca6d30, 0x0000020495ca8770,
0x0000020495ca7a50, 0x0000020495ca8e00, 0x0000020495caa840, 0x0000020495ca73c0,
0x0000020495caa1b0, 0x0000020495cabbf0, 0x0000020495cab560, 0x0000020495caaed0,
0x0000020495ca9b20, 0x0000020495cac280, 0x0000020498fa6cd0, 0x0000020498fa4c00,
0x0000020498fa5290, 0x0000020498fa3850, 0x0000020498fa7360, 0x0000020498fa3ee0,
0x0000020498fa79f0, 0x0000020498fa4570, 0x0000020498fa8080, 0x0000020498fa8710,
0x0000020498fa8da0, 0x0000020498fa5920, 0x0000020498fa9430, 0x0000020498fa5fb0,
0x0000020498fa9ac0, 0x0000020498fa6640, 0x0000020498faa7e0, 0x0000020498faa150,
0x0000020498faae70, 0x0000020498200c50, 0x00000204982005c0, 0x0000020498201970,
0x00000204981ff210, 0x00000204982012e0, 0x0000020497175770, 0x0000020497175e40,
0x00000204971727c0
}

Java Threads: ( => current thread )
  0x0000020434e31eb0 JavaThread "main"                              [_thread_blocked, id=7704, stack(0x000000654c300000,0x000000654c400000) (1024K)]
  0x000002044b8dd930 JavaThread "Reference Handler"          daemon [_thread_blocked, id=7380, stack(0x000000654c700000,0x000000654c800000) (1024K)]
  0x000002048dd88b20 JavaThread "Finalizer"                  daemon [_thread_blocked, id=7316, stack(0x000000654c800000,0x000000654c900000) (1024K)]
  0x000002048dd8b5e0 JavaThread "Signal Dispatcher"          daemon [_thread_blocked, id=7320, stack(0x000000654c900000,0x000000654ca00000) (1024K)]
  0x000002048dd8c4a0 JavaThread "Attach Listener"            daemon [_thread_blocked, id=3332, stack(0x000000654ca00000,0x000000654cb00000) (1024K)]
  0x000002048dd913e0 JavaThread "Service Thread"             daemon [_thread_blocked, id=18448, stack(0x000000654cb00000,0x000000654cc00000) (1024K)]
  0x000002048dd95570 JavaThread "Monitor Deflation Thread"   daemon [_thread_blocked, id=8040, stack(0x000000654cc00000,0x000000654cd00000) (1024K)]
  0x000002048dd98f50 JavaThread "C2 CompilerThread0"         daemon [_thread_in_native, id=35720, stack(0x000000654cd00000,0x000000654ce00000) (1024K)]
  0x0000020434ee3210 JavaThread "C1 CompilerThread0"         daemon [_thread_blocked, id=27920, stack(0x000000654ce00000,0x000000654cf00000) (1024K)]
  0x000002048e022020 JavaThread "Common-Cleaner"             daemon [_thread_blocked, id=1252, stack(0x000000654d300000,0x000000654d400000) (1024K)]
  0x000002049417b4e0 JavaThread "Notification Thread"        daemon [_thread_blocked, id=37368, stack(0x000000654d500000,0x000000654d600000) (1024K)]
  0x00000204945ad560 JavaThread "Active Thread: Equinox Container: 7941fc35-eb79-4497-8f53-821b94818ec9"        [_thread_blocked, id=7516, stack(0x000000654de00000,0x000000654df00000) (1024K)]
  0x0000020494a9e8d0 JavaThread "Refresh Thread: Equinox Container: 7941fc35-eb79-4497-8f53-821b94818ec9" daemon [_thread_blocked, id=37416, stack(0x000000654e000000,0x000000654e100000) (1024K)]
  0x0000020494b2a0b0 JavaThread "Framework Event Dispatcher: Equinox Container: 7941fc35-eb79-4497-8f53-821b94818ec9" daemon [_thread_blocked, id=7360, stack(0x000000654e100000,0x000000654e200000) (1024K)]
  0x00000204949dd130 JavaThread "Start Level: Equinox Container: 7941fc35-eb79-4497-8f53-821b94818ec9" daemon [_thread_blocked, id=14708, stack(0x000000654e200000,0x000000654e300000) (1024K)]
  0x000002049547ffe0 JavaThread "Bundle File Closer"         daemon [_thread_blocked, id=25476, stack(0x000000654e600000,0x000000654e700000) (1024K)]
  0x0000020494855a30 JavaThread "SCR Component Actor"        daemon [_thread_blocked, id=19544, stack(0x000000654d200000,0x000000654d300000) (1024K)]
  0x00000204951deff0 JavaThread "C2 CompilerThread1"         daemon [_thread_in_native, id=29664, stack(0x000000654dc00000,0x000000654dd00000) (1024K)]
  0x00000204955d4bd0 JavaThread "Worker-JM"                         [_thread_blocked, id=1484, stack(0x000000654e800000,0x000000654e900000) (1024K)]
=>0x00000204955d0740 JavaThread "C2 CompilerThread2"         daemon [_thread_in_native, id=36128, stack(0x000000654e900000,0x000000654ea00000) (1024K)]
  0x00000204955d0070 JavaThread "C2 CompilerThread3"         daemon [_thread_in_native, id=11416, stack(0x000000654ea00000,0x000000654eb00000) (1024K)]
  0x0000020494ffe330 JavaThread "JNA Cleaner"                daemon [_thread_blocked, id=32060, stack(0x000000654eb00000,0x000000654ec00000) (1024K)]
  0x0000020494fff050 JavaThread "Worker-0"                          [_thread_blocked, id=31696, stack(0x000000654ec00000,0x000000654ed00000) (1024K)]
  0x0000020494ffe9c0 JavaThread "Worker-1"                          [_thread_blocked, id=23864, stack(0x000000654ed00000,0x000000654ee00000) (1024K)]
  0x0000020495ca5980 JavaThread "Worker-2: Building"                [_thread_in_Java, id=18992, stack(0x000000654ef00000,0x000000654f000000) (1024K)]
  0x0000020495ca66a0 JavaThread "Java indexing"              daemon [_thread_blocked, id=21940, stack(0x000000654f000000,0x000000654f100000) (1024K)]
  0x0000020495ca52f0 JavaThread "Worker-3"                          [_thread_blocked, id=17884, stack(0x000000654f300000,0x000000654f400000) (1024K)]
  0x0000020495ca4c60 JavaThread "Thread-1"                   daemon [_thread_in_native, id=12784, stack(0x000000654f400000,0x000000654f500000) (1024K)]
  0x0000020495ca80e0 JavaThread "Thread-2"                   daemon [_thread_in_native, id=38392, stack(0x000000654f500000,0x000000654f600000) (1024K)]
  0x0000020495ca9490 JavaThread "Thread-3"                   daemon [_thread_in_native, id=19948, stack(0x000000654f600000,0x000000654f700000) (1024K)]
  0x0000020495ca6d30 JavaThread "Thread-4"                   daemon [_thread_in_native, id=1764, stack(0x000000654f700000,0x000000654f800000) (1024K)]
  0x0000020495ca8770 JavaThread "Thread-5"                   daemon [_thread_in_native, id=19276, stack(0x000000654f800000,0x000000654f900000) (1024K)]
  0x0000020495ca7a50 JavaThread "Thread-6"                   daemon [_thread_in_native, id=9716, stack(0x000000654f900000,0x000000654fa00000) (1024K)]
  0x0000020495ca8e00 JavaThread "Thread-7"                   daemon [_thread_in_native, id=17688, stack(0x000000654fa00000,0x000000654fb00000) (1024K)]
  0x0000020495caa840 JavaThread "Thread-8"                   daemon [_thread_in_native, id=28632, stack(0x000000654fb00000,0x000000654fc00000) (1024K)]
  0x0000020495ca73c0 JavaThread "Thread-9"                   daemon [_thread_in_native, id=26504, stack(0x000000654fc00000,0x000000654fd00000) (1024K)]
  0x0000020495caa1b0 JavaThread "Thread-10"                  daemon [_thread_in_native, id=14544, stack(0x000000654fd00000,0x000000654fe00000) (1024K)]
  0x0000020495cabbf0 JavaThread "Thread-11"                  daemon [_thread_in_native, id=38628, stack(0x000000654fe00000,0x000000654ff00000) (1024K)]
  0x0000020495cab560 JavaThread "Thread-12"                  daemon [_thread_in_native, id=37640, stack(0x000000654ff00000,0x0000006550000000) (1024K)]
  0x0000020495caaed0 JavaThread "Thread-13"                  daemon [_thread_in_native, id=37700, stack(0x0000006550000000,0x0000006550100000) (1024K)]
  0x0000020495ca9b20 JavaThread "Thread-14"                  daemon [_thread_in_native, id=18792, stack(0x0000006550100000,0x0000006550200000) (1024K)]
  0x0000020495cac280 JavaThread "Thread-15"                  daemon [_thread_in_native, id=24948, stack(0x0000006550200000,0x0000006550300000) (1024K)]
  0x0000020498fa6cd0 JavaThread "Thread-16"                  daemon [_thread_in_native, id=32204, stack(0x0000006550300000,0x0000006550400000) (1024K)]
  0x0000020498fa4c00 JavaThread "Thread-17"                  daemon [_thread_in_native, id=15752, stack(0x0000006550400000,0x0000006550500000) (1024K)]
  0x0000020498fa5290 JavaThread "Thread-18"                  daemon [_thread_in_native, id=2740, stack(0x0000006550500000,0x0000006550600000) (1024K)]
  0x0000020498fa3850 JavaThread "Thread-19"                  daemon [_thread_in_native, id=24880, stack(0x0000006550600000,0x0000006550700000) (1024K)]
  0x0000020498fa7360 JavaThread "Thread-20"                  daemon [_thread_in_native, id=21448, stack(0x0000006550700000,0x0000006550800000) (1024K)]
  0x0000020498fa3ee0 JavaThread "Thread-21"                  daemon [_thread_in_native, id=15692, stack(0x0000006550800000,0x0000006550900000) (1024K)]
  0x0000020498fa79f0 JavaThread "pool-2-thread-1"                   [_thread_blocked, id=37540, stack(0x0000006550900000,0x0000006550a00000) (1024K)]
  0x0000020498fa4570 JavaThread "ForkJoinPool.commonPool-worker-1" daemon [_thread_blocked, id=22960, stack(0x0000006550a00000,0x0000006550b00000) (1024K)]
  0x0000020498fa8080 JavaThread "ForkJoinPool.commonPool-worker-2" daemon [_thread_blocked, id=22404, stack(0x0000006550b00000,0x0000006550c00000) (1024K)]
  0x0000020498fa8710 JavaThread "ForkJoinPool.commonPool-worker-3" daemon [_thread_blocked, id=9740, stack(0x0000006550c00000,0x0000006550d00000) (1024K)]
  0x0000020498fa8da0 JavaThread "ForkJoinPool.commonPool-worker-4" daemon [_thread_blocked, id=36868, stack(0x0000006550d00000,0x0000006550e00000) (1024K)]
  0x0000020498fa5920 JavaThread "ForkJoinPool.commonPool-worker-5" daemon [_thread_blocked, id=21652, stack(0x0000006550e00000,0x0000006550f00000) (1024K)]
  0x0000020498fa9430 JavaThread "ForkJoinPool.commonPool-worker-6" daemon [_thread_blocked, id=38012, stack(0x0000006550f00000,0x0000006551000000) (1024K)]
  0x0000020498fa5fb0 JavaThread "ForkJoinPool.commonPool-worker-7" daemon [_thread_blocked, id=37164, stack(0x0000006551000000,0x0000006551100000) (1024K)]
  0x0000020498fa9ac0 JavaThread "ForkJoinPool.commonPool-worker-8" daemon [_thread_blocked, id=35588, stack(0x0000006551100000,0x0000006551200000) (1024K)]
  0x0000020498fa6640 JavaThread "ForkJoinPool.commonPool-worker-9" daemon [_thread_blocked, id=32020, stack(0x0000006551200000,0x0000006551300000) (1024K)]
  0x0000020498faa7e0 JavaThread "ForkJoinPool.commonPool-worker-10" daemon [_thread_blocked, id=10820, stack(0x0000006551300000,0x0000006551400000) (1024K)]
  0x0000020498faa150 JavaThread "ForkJoinPool.commonPool-worker-11" daemon [_thread_blocked, id=38328, stack(0x0000006551400000,0x0000006551500000) (1024K)]
  0x0000020498faae70 JavaThread "ForkJoinPool.commonPool-worker-12" daemon [_thread_blocked, id=37068, stack(0x0000006551500000,0x0000006551600000) (1024K)]
  0x0000020498200c50 JavaThread "ForkJoinPool.commonPool-worker-13" daemon [_thread_blocked, id=32188, stack(0x0000006551600000,0x0000006551700000) (1024K)]
  0x00000204982005c0 JavaThread "ForkJoinPool.commonPool-worker-14" daemon [_thread_blocked, id=38916, stack(0x0000006551700000,0x0000006551800000) (1024K)]
  0x0000020498201970 JavaThread "ForkJoinPool.commonPool-worker-15" daemon [_thread_blocked, id=38920, stack(0x0000006551800000,0x0000006551900000) (1024K)]
  0x00000204981ff210 JavaThread "WorkspaceEventsHandler"            [_thread_blocked, id=38924, stack(0x0000006551900000,0x0000006551a00000) (1024K)]
  0x00000204982012e0 JavaThread "pool-1-thread-1"                   [_thread_blocked, id=38928, stack(0x0000006551a00000,0x0000006551b00000) (1024K)]
  0x0000020497175770 JavaThread "C1 CompilerThread1"         daemon [_thread_blocked, id=39092, stack(0x0000006551d00000,0x0000006551e00000) (1024K)]
  0x0000020497175e40 JavaThread "C1 CompilerThread2"         daemon [_thread_blocked, id=39184, stack(0x000000654cf00000,0x000000654d000000) (1024K)]
  0x00000204971727c0 JavaThread "C1 CompilerThread3"         daemon [_thread_blocked, id=39188, stack(0x000000654d000000,0x000000654d100000) (1024K)]
Total: 69

Other Threads:
  0x000002044b8c4940 VMThread "VM Thread"                           [id=29408, stack(0x000000654c600000,0x000000654c700000) (1024K)]
  0x000002044b7bca10 WatcherThread "VM Periodic Task Thread"        [id=3060, stack(0x000000654c500000,0x000000654c600000) (1024K)]
  0x0000020434e51750 WorkerThread "GC Thread#0"                     [id=38804, stack(0x000000654c400000,0x000000654c500000) (1024K)]
  0x0000020494445460 WorkerThread "GC Thread#1"                     [id=7492, stack(0x000000654d600000,0x000000654d700000) (1024K)]
  0x0000020494445810 WorkerThread "GC Thread#2"                     [id=19820, stack(0x000000654d700000,0x000000654d800000) (1024K)]
  0x000002049457e080 WorkerThread "GC Thread#3"                     [id=29392, stack(0x000000654d800000,0x000000654d900000) (1024K)]
  0x000002049457e430 WorkerThread "GC Thread#4"                     [id=37300, stack(0x000000654d900000,0x000000654da00000) (1024K)]
  0x000002049457e7e0 WorkerThread "GC Thread#5"                     [id=29968, stack(0x000000654da00000,0x000000654db00000) (1024K)]
  0x0000020494912e40 WorkerThread "GC Thread#6"                     [id=38876, stack(0x000000654db00000,0x000000654dc00000) (1024K)]
  0x00000204948dc880 WorkerThread "GC Thread#7"                     [id=7788, stack(0x000000654df00000,0x000000654e000000) (1024K)]
  0x0000020494e79050 WorkerThread "GC Thread#8"                     [id=6940, stack(0x000000654e300000,0x000000654e400000) (1024K)]
  0x00000204952a6c40 WorkerThread "GC Thread#9"                     [id=10588, stack(0x000000654e400000,0x000000654e500000) (1024K)]
  0x0000020494ec5fb0 WorkerThread "GC Thread#10"                    [id=15452, stack(0x000000654e500000,0x000000654e600000) (1024K)]
  0x0000020494ec5850 WorkerThread "GC Thread#11"                    [id=29196, stack(0x000000654d100000,0x000000654d200000) (1024K)]
  0x0000020494ec5c00 WorkerThread "GC Thread#12"                    [id=3920, stack(0x000000654dd00000,0x000000654de00000) (1024K)]
  0x0000020494ec50f0 WorkerThread "GC Thread#13"                    [id=15792, stack(0x000000654e700000,0x000000654e800000) (1024K)]
  0x0000020494ec6360 WorkerThread "GC Thread#14"                    [id=25872, stack(0x000000654ee00000,0x000000654ef00000) (1024K)]
Total: 17

Threads with active compile tasks:
C2 CompilerThread0  15085 11531       4       jdk.internal.jimage.ImageLocation::readFrom (26 bytes)
C2 CompilerThread1  15085 11560       4       jdk.internal.jrtfs.JrtPath::getName (6 bytes)
C2 CompilerThread2  15085 11144   !   4       org.eclipse.aether.internal.impl.DefaultArtifactResolver::resolve (1386 bytes)
C2 CompilerThread3  15085 11561       4       jdk.internal.jrtfs.JrtPath::getName (116 bytes)
C1 CompilerThread2  15085 11627       3       org.eclipse.core.internal.resources.ProjectPreferences::getLoadLevel (59 bytes)
Total: 5

VM state: at safepoint (normal execution)

VM Mutex/Monitor currently owned by a thread:  ([mutex/lock_event])
[0x00007ffc353be560] Threads_lock - owner thread: 0x000002044b8c4940
[0x00007ffc353be660] Heap_lock - owner thread: 0x0000020495ca5980

Heap address: 0x0000000080000000, size: 2048 MB, Compressed Oops mode: 32-bit

CDS archive(s) mapped at: [0x000002044c000000-0x000002044cba0000-0x000002044cba0000), size 12189696, SharedBaseAddress: 0x000002044c000000, ArchiveRelocationMode: 1.
Compressed class space mapped at: 0x000002044d000000-0x000002048d000000, reserved size: 1073741824
Narrow klass base: 0x000002044c000000, Narrow klass shift: 0, Narrow klass range: 0x100000000

GC Precious Log:
 CardTable entry size: 512
 CPUs: 20 total, 20 available
 Memory: 16068M
 Large Page Support: Disabled
 NUMA Support: Disabled
 Compressed Oops: Enabled (32-bit)
 Alignments: Space 512K, Generation 512K, Heap 2M
 Heap Min Capacity: 100M
 Heap Initial Capacity: 100M
 Heap Max Capacity: 2G
 Pre-touch: Disabled
 Parallel Workers: 15

Heap:
 PSYoungGen      total 9216K, used 8864K [0x00000000d5580000, 0x00000000d6000000, 0x0000000100000000)
  eden space 7680K, 100% used [0x00000000d5580000,0x00000000d5d00000,0x00000000d5d00000)
  from space 1536K, 77% used [0x00000000d5d00000,0x00000000d5e28000,0x00000000d5e80000)
  to   space 1536K, 60% used [0x00000000d5e80000,0x00000000d5f70010,0x00000000d6000000)
 ParOldGen       total 240640K, used 240427K [0x0000000080000000, 0x000000008eb00000, 0x00000000d5580000)
  object space 240640K, 99% used [0x0000000080000000,0x000000008ead0ee0,0x000000008eb00000)
 Metaspace       used 53747K, committed 55168K, reserved 1114112K
  class space    used 5660K, committed 6272K, reserved 1048576K

Card table byte_map: [0x00000204347f0000,0x0000020434c00000] _byte_map_base: 0x00000204343f0000

Marking Bits: (ParMarkBitMap*) 0x00007ffc353c3450
 Begin Bits: [0x00000204472e0000, 0x00000204492e0000)
 End Bits:   [0x00000204492e0000, 0x000002044b2e0000)

Polling page: 0x0000020433030000

Metaspace:

Usage:
  Non-class:     46.96 MB used.
      Class:      5.53 MB used.
       Both:     52.49 MB used.

Virtual space:
  Non-class space:       64.00 MB reserved,      47.75 MB ( 75%) committed,  1 nodes.
      Class space:        1.00 GB reserved,       6.12 MB ( <1%) committed,  1 nodes.
             Both:        1.06 GB reserved,      53.88 MB (  5%) committed. 

Chunk freelists:
   Non-Class:  38.00 KB
       Class:  9.90 MB
        Both:  9.94 MB

MaxMetaspaceSize: unlimited
CompressedClassSpaceSize: 1.00 GB
Initial GC threshold: 21.00 MB
Current GC threshold: 58.88 MB
CDS: on
 - commit_granule_bytes: 65536.
 - commit_granule_words: 8192.
 - virtual_space_node_default_size: 8388608.
 - enlarge_chunks_in_place: 1.
 - use_allocation_guard: 0.


Internal statistics:

num_allocs_failed_limit: 12.
num_arena_births: 1110.
num_arena_deaths: 14.
num_vsnodes_births: 2.
num_vsnodes_deaths: 0.
num_space_committed: 861.
num_space_uncommitted: 0.
num_chunks_returned_to_freelist: 26.
num_chunks_taken_from_freelist: 3606.
num_chunk_merges: 13.
num_chunk_splits: 2218.
num_chunks_enlarged: 1248.
num_inconsistent_stats: 0.

CodeHeap 'non-profiled nmethods': size=119168Kb used=8689Kb max_used=8689Kb free=110478Kb
 bounds [0x000002043fbd0000, 0x0000020440450000, 0x0000020447030000]
CodeHeap 'profiled nmethods': size=119104Kb used=24603Kb max_used=24603Kb free=94500Kb
 bounds [0x0000020438030000, 0x0000020439840000, 0x000002043f480000]
CodeHeap 'non-nmethods': size=7488Kb used=3095Kb max_used=3141Kb free=4392Kb
 bounds [0x000002043f480000, 0x000002043f7a0000, 0x000002043fbd0000]
CodeCache: size=245760Kb, used=36387Kb, max_used=36433Kb, free=209370Kb
 total_blobs=11656, nmethods=10960, adapters=597, full_count=0
Compilation: enabled, stopped_count=0, restarted_count=0

Compilation events (20 events):
Event: 14.044 Thread 0x00000204955d0070 nmethod 11572 0x000002044043c610 code [0x000002044043c800, 0x000002044043cbc8]
Event: 14.045 Thread 0x00000204955d0070 11537       4       jdk.internal.jrtfs.JrtPath::resolve (125 bytes)
Event: 14.049 Thread 0x0000020497175770 11599       1       org.eclipse.jdt.internal.core.PackageFragment::getElementType (2 bytes)
Event: 14.049 Thread 0x0000020497175770 nmethod 11599 0x000002044043d010 code [0x000002044043d1a0, 0x000002044043d268]
Event: 14.050 Thread 0x00000204971727c0 11600       3       org.eclipse.jdt.internal.compiler.classfmt.ModuleInfo$PackageExportInfo::<init> (10 bytes)
Event: 14.050 Thread 0x00000204971727c0 nmethod 11600 0x000002043982b990 code [0x000002043982bb40, 0x000002043982bcc8]
Event: 14.056 Thread 0x0000020497175e40 11601       2       java.util.Iterator::forEachRemaining (30 bytes)
Event: 14.056 Thread 0x0000020497175e40 nmethod 11601 0x000002043982bd90 code [0x000002043982bf80, 0x000002043982c240]
Event: 14.056 Thread 0x00000204971727c0 11602       3       org.eclipse.jdt.internal.core.JarPackageFragmentRootInfo$PackageContent::<init> (19 bytes)
Event: 14.056 Thread 0x00000204971727c0 nmethod 11602 0x000002043982c390 code [0x000002043982c5a0, 0x000002043982cbe8]
Event: 14.058 Thread 0x00000204955d0070 nmethod 11537 0x000002044043d310 code [0x000002044043d640, 0x000002044043eb90]
Event: 14.058 Thread 0x0000020497175e40 11604       3       org.eclipse.jdt.internal.core.Openable::resource (28 bytes)
Event: 14.058 Thread 0x0000020434ee3210 11605       3       org.eclipse.jdt.internal.core.JarPackageFragmentRoot::resource (15 bytes)
Event: 14.058 Thread 0x0000020434ee3210 nmethod 11605 0x000002043982ce10 code [0x000002043982cfc0, 0x000002043982d190]
Event: 14.059 Thread 0x00000204955d0070 11528       4       java.util.ArrayList$SubList::hashCode (27 bytes)
Event: 14.059 Thread 0x0000020497175e40 nmethod 11604 0x000002043982d290 code [0x000002043982d4c0, 0x000002043982dee8]
Event: 14.247 Thread 0x0000020434ee3210 11606       1       org.eclipse.core.internal.dtree.DeltaDataTree::getParent (5 bytes)
Event: 14.247 Thread 0x0000020497175e40 11607       1       org.eclipse.core.internal.dtree.DeltaDataTree::getRootNode (5 bytes)
Event: 14.247 Thread 0x00000204971727c0 11608       2       org.eclipse.core.internal.dtree.DeltaDataTree::getData (135 bytes)
Event: 14.248 Thread 0x0000020497175770 11609       1       org.eclipse.core.runtime.preferences.InstanceScope::getName (3 bytes)

GC Heap History (20 events):
Event: 13.937 GC heap before
{Heap before GC invocations=123 (full 2):
 PSYoungGen      total 9216K, used 9017K [0x00000000d5580000, 0x00000000d5f80000, 0x0000000100000000)
  eden space 8192K, 100% used [0x00000000d5580000,0x00000000d5d80000,0x00000000d5d80000)
  from space 1024K, 80% used [0x00000000d5e80000,0x00000000d5f4e470,0x00000000d5f80000)
  to   space 1024K, 0% used [0x00000000d5d80000,0x00000000d5d80000,0x00000000d5e80000)
 ParOldGen       total 230400K, used 229933K [0x0000000080000000, 0x000000008e100000, 0x00000000d5580000)
  object space 230400K, 99% used [0x0000000080000000,0x000000008e08b578,0x000000008e100000)
 Metaspace       used 53335K, committed 54720K, reserved 1114112K
  class space    used 5603K, committed 6208K, reserved 1048576K
}
Event: 13.938 GC heap after
{Heap after GC invocations=123 (full 2):
 PSYoungGen      total 9216K, used 992K [0x00000000d5580000, 0x00000000d6180000, 0x0000000100000000)
  eden space 8192K, 0% used [0x00000000d5580000,0x00000000d5580000,0x00000000d5d80000)
  from space 1024K, 96% used [0x00000000d5d80000,0x00000000d5e78030,0x00000000d5e80000)
  to   space 2048K, 0% used [0x00000000d5f80000,0x00000000d5f80000,0x00000000d6180000)
 ParOldGen       total 230912K, used 230494K [0x0000000080000000, 0x000000008e180000, 0x00000000d5580000)
  object space 230912K, 99% used [0x0000000080000000,0x000000008e1179e8,0x000000008e180000)
 Metaspace       used 53335K, committed 54720K, reserved 1114112K
  class space    used 5603K, committed 6208K, reserved 1048576K
}
Event: 13.947 GC heap before
{Heap before GC invocations=124 (full 2):
 PSYoungGen      total 9216K, used 9184K [0x00000000d5580000, 0x00000000d6180000, 0x0000000100000000)
  eden space 8192K, 100% used [0x00000000d5580000,0x00000000d5d80000,0x00000000d5d80000)
  from space 1024K, 96% used [0x00000000d5d80000,0x00000000d5e78030,0x00000000d5e80000)
  to   space 2048K, 0% used [0x00000000d5f80000,0x00000000d5f80000,0x00000000d6180000)
 ParOldGen       total 230912K, used 230494K [0x0000000080000000, 0x000000008e180000, 0x00000000d5580000)
  object space 230912K, 99% used [0x0000000080000000,0x000000008e1179e8,0x000000008e180000)
 Metaspace       used 53335K, committed 54720K, reserved 1114112K
  class space    used 5603K, committed 6208K, reserved 1048576K
}
Event: 13.949 GC heap after
{Heap after GC invocations=124 (full 2):
 PSYoungGen      total 9728K, used 1088K [0x00000000d5580000, 0x00000000d6100000, 0x0000000100000000)
  eden space 8192K, 0% used [0x00000000d5580000,0x00000000d5580000,0x00000000d5d80000)
  from space 1536K, 70% used [0x00000000d5f80000,0x00000000d6090010,0x00000000d6100000)
  to   space 1536K, 0% used [0x00000000d5e00000,0x00000000d5e00000,0x00000000d5f80000)
 ParOldGen       total 231424K, used 231395K [0x0000000080000000, 0x000000008e200000, 0x00000000d5580000)
  object space 231424K, 99% used [0x0000000080000000,0x000000008e1f8d70,0x000000008e200000)
 Metaspace       used 53335K, committed 54720K, reserved 1114112K
  class space    used 5603K, committed 6208K, reserved 1048576K
}
Event: 13.960 GC heap before
{Heap before GC invocations=125 (full 2):
 PSYoungGen      total 9728K, used 9280K [0x00000000d5580000, 0x00000000d6100000, 0x0000000100000000)
  eden space 8192K, 100% used [0x00000000d5580000,0x00000000d5d80000,0x00000000d5d80000)
  from space 1536K, 70% used [0x00000000d5f80000,0x00000000d6090010,0x00000000d6100000)
  to   space 1536K, 0% used [0x00000000d5e00000,0x00000000d5e00000,0x00000000d5f80000)
 ParOldGen       total 231424K, used 231395K [0x0000000080000000, 0x000000008e200000, 0x00000000d5580000)
  object space 231424K, 99% used [0x0000000080000000,0x000000008e1f8d70,0x000000008e200000)
 Metaspace       used 53335K, committed 54720K, reserved 1114112K
  class space    used 5603K, committed 6208K, reserved 1048576K
}
Event: 13.961 GC heap after
{Heap after GC invocations=125 (full 2):
 PSYoungGen      total 9728K, used 1088K [0x00000000d5580000, 0x00000000d6080000, 0x0000000100000000)
  eden space 8192K, 0% used [0x00000000d5580000,0x00000000d5580000,0x00000000d5d80000)
  from space 1536K, 70% used [0x00000000d5e00000,0x00000000d5f10000,0x00000000d5f80000)
  to   space 1024K, 0% used [0x00000000d5f80000,0x00000000d5f80000,0x00000000d6080000)
 ParOldGen       total 232448K, used 232371K [0x0000000080000000, 0x000000008e300000, 0x00000000d5580000)
  object space 232448K, 99% used [0x0000000080000000,0x000000008e2ecd80,0x000000008e300000)
 Metaspace       used 53335K, committed 54720K, reserved 1114112K
  class space    used 5603K, committed 6208K, reserved 1048576K
}
Event: 14.000 GC heap before
{Heap before GC invocations=126 (full 2):
 PSYoungGen      total 9728K, used 9280K [0x00000000d5580000, 0x00000000d6080000, 0x0000000100000000)
  eden space 8192K, 100% used [0x00000000d5580000,0x00000000d5d80000,0x00000000d5d80000)
  from space 1536K, 70% used [0x00000000d5e00000,0x00000000d5f10000,0x00000000d5f80000)
  to   space 1024K, 0% used [0x00000000d5f80000,0x00000000d5f80000,0x00000000d6080000)
 ParOldGen       total 232448K, used 232371K [0x0000000080000000, 0x000000008e300000, 0x00000000d5580000)
  object space 232448K, 99% used [0x0000000080000000,0x000000008e2ecd80,0x000000008e300000)
 Metaspace       used 53680K, committed 55040K, reserved 1114112K
  class space    used 5659K, committed 6272K, reserved 1048576K
}
Event: 14.001 GC heap after
{Heap after GC invocations=126 (full 2):
 PSYoungGen      total 8704K, used 1009K [0x00000000d5580000, 0x00000000d6280000, 0x0000000100000000)
  eden space 7680K, 0% used [0x00000000d5580000,0x00000000d5580000,0x00000000d5d00000)
  from space 1024K, 98% used [0x00000000d5f80000,0x00000000d607c410,0x00000000d6080000)
  to   space 2560K, 0% used [0x00000000d5d00000,0x00000000d5d00000,0x00000000d5f80000)
 ParOldGen       total 233472K, used 233339K [0x0000000080000000, 0x000000008e400000, 0x00000000d5580000)
  object space 233472K, 99% used [0x0000000080000000,0x000000008e3ded80,0x000000008e400000)
 Metaspace       used 53680K, committed 55040K, reserved 1114112K
  class space    used 5659K, committed 6272K, reserved 1048576K
}
Event: 14.007 GC heap before
{Heap before GC invocations=127 (full 2):
 PSYoungGen      total 8704K, used 8689K [0x00000000d5580000, 0x00000000d6280000, 0x0000000100000000)
  eden space 7680K, 100% used [0x00000000d5580000,0x00000000d5d00000,0x00000000d5d00000)
  from space 1024K, 98% used [0x00000000d5f80000,0x00000000d607c410,0x00000000d6080000)
  to   space 2560K, 0% used [0x00000000d5d00000,0x00000000d5d00000,0x00000000d5f80000)
 ParOldGen       total 233472K, used 233339K [0x0000000080000000, 0x000000008e400000, 0x00000000d5580000)
  object space 233472K, 99% used [0x0000000080000000,0x000000008e3ded80,0x000000008e400000)
 Metaspace       used 53711K, committed 55040K, reserved 1114112K
  class space    used 5659K, committed 6272K, reserved 1048576K
}
Event: 14.008 GC heap after
{Heap after GC invocations=127 (full 2):
 PSYoungGen      total 8704K, used 992K [0x00000000d5580000, 0x00000000d6000000, 0x0000000100000000)
  eden space 7680K, 0% used [0x00000000d5580000,0x00000000d5580000,0x00000000d5d00000)
  from space 1024K, 96% used [0x00000000d5d00000,0x00000000d5df8000,0x00000000d5e00000)
  to   space 1536K, 0% used [0x00000000d5e80000,0x00000000d5e80000,0x00000000d6000000)
 ParOldGen       total 234496K, used 234349K [0x0000000080000000, 0x000000008e500000, 0x00000000d5580000)
  object space 234496K, 99% used [0x0000000080000000,0x000000008e4db6f8,0x000000008e500000)
 Metaspace       used 53711K, committed 55040K, reserved 1114112K
  class space    used 5659K, committed 6272K, reserved 1048576K
}
Event: 14.014 GC heap before
{Heap before GC invocations=128 (full 2):
 PSYoungGen      total 8704K, used 8672K [0x00000000d5580000, 0x00000000d6000000, 0x0000000100000000)
  eden space 7680K, 100% used [0x00000000d5580000,0x00000000d5d00000,0x00000000d5d00000)
  from space 1024K, 96% used [0x00000000d5d00000,0x00000000d5df8000,0x00000000d5e00000)
  to   space 1536K, 0% used [0x00000000d5e80000,0x00000000d5e80000,0x00000000d6000000)
 ParOldGen       total 234496K, used 234349K [0x0000000080000000, 0x000000008e500000, 0x00000000d5580000)
  object space 234496K, 99% used [0x0000000080000000,0x000000008e4db6f8,0x000000008e500000)
 Metaspace       used 53711K, committed 55040K, reserved 1114112K
  class space    used 5659K, committed 6272K, reserved 1048576K
}
Event: 14.015 GC heap after
{Heap after GC invocations=128 (full 2):
 PSYoungGen      total 9216K, used 1216K [0x00000000d5580000, 0x00000000d6000000, 0x0000000100000000)
  eden space 7680K, 0% used [0x00000000d5580000,0x00000000d5580000,0x00000000d5d00000)
  from space 1536K, 79% used [0x00000000d5e80000,0x00000000d5fb0010,0x00000000d6000000)
  to   space 1536K, 0% used [0x00000000d5d00000,0x00000000d5d00000,0x00000000d5e80000)
 ParOldGen       total 235520K, used 235213K [0x0000000080000000, 0x000000008e600000, 0x00000000d5580000)
  object space 235520K, 99% used [0x0000000080000000,0x000000008e5b36f8,0x000000008e600000)
 Metaspace       used 53711K, committed 55040K, reserved 1114112K
  class space    used 5659K, committed 6272K, reserved 1048576K
}
Event: 14.029 GC heap before
{Heap before GC invocations=129 (full 2):
 PSYoungGen      total 9216K, used 8896K [0x00000000d5580000, 0x00000000d6000000, 0x0000000100000000)
  eden space 7680K, 100% used [0x00000000d5580000,0x00000000d5d00000,0x00000000d5d00000)
  from space 1536K, 79% used [0x00000000d5e80000,0x00000000d5fb0010,0x00000000d6000000)
  to   space 1536K, 0% used [0x00000000d5d00000,0x00000000d5d00000,0x00000000d5e80000)
 ParOldGen       total 235520K, used 235213K [0x0000000080000000, 0x000000008e600000, 0x00000000d5580000)
  object space 235520K, 99% used [0x0000000080000000,0x000000008e5b36f8,0x000000008e600000)
 Metaspace       used 53724K, committed 55104K, reserved 1114112K
  class space    used 5659K, committed 6272K, reserved 1048576K
}
Event: 14.030 GC heap after
{Heap after GC invocations=129 (full 2):
 PSYoungGen      total 9216K, used 1346K [0x00000000d5580000, 0x00000000d6000000, 0x0000000100000000)
  eden space 7680K, 0% used [0x00000000d5580000,0x00000000d5580000,0x00000000d5d00000)
  from space 1536K, 87% used [0x00000000d5d00000,0x00000000d5e50800,0x00000000d5e80000)
  to   space 1536K, 0% used [0x00000000d5e80000,0x00000000d5e80000,0x00000000d6000000)
 ParOldGen       total 236544K, used 236165K [0x0000000080000000, 0x000000008e700000, 0x00000000d5580000)
  object space 236544K, 99% used [0x0000000080000000,0x000000008e6a1708,0x000000008e700000)
 Metaspace       used 53724K, committed 55104K, reserved 1114112K
  class space    used 5659K, committed 6272K, reserved 1048576K
}
Event: 14.035 GC heap before
{Heap before GC invocations=130 (full 2):
 PSYoungGen      total 9216K, used 9026K [0x00000000d5580000, 0x00000000d6000000, 0x0000000100000000)
  eden space 7680K, 100% used [0x00000000d5580000,0x00000000d5d00000,0x00000000d5d00000)
  from space 1536K, 87% used [0x00000000d5d00000,0x00000000d5e50800,0x00000000d5e80000)
  to   space 1536K, 0% used [0x00000000d5e80000,0x00000000d5e80000,0x00000000d6000000)
 ParOldGen       total 236544K, used 236165K [0x0000000080000000, 0x000000008e700000, 0x00000000d5580000)
  object space 236544K, 99% used [0x0000000080000000,0x000000008e6a1708,0x000000008e700000)
 Metaspace       used 53724K, committed 55104K, reserved 1114112K
  class space    used 5659K, committed 6272K, reserved 1048576K
}
Event: 14.036 GC heap after
{Heap after GC invocations=130 (full 2):
 PSYoungGen      total 9216K, used 896K [0x00000000d5580000, 0x00000000d6000000, 0x0000000100000000)
  eden space 7680K, 0% used [0x00000000d5580000,0x00000000d5580000,0x00000000d5d00000)
  from space 1536K, 58% used [0x00000000d5e80000,0x00000000d5f60000,0x00000000d6000000)
  to   space 1536K, 0% used [0x00000000d5d00000,0x00000000d5d00000,0x00000000d5e80000)
 ParOldGen       total 237568K, used 237290K [0x0000000080000000, 0x000000008e800000, 0x00000000d5580000)
  object space 237568K, 99% used [0x0000000080000000,0x000000008e7ba9b8,0x000000008e800000)
 Metaspace       used 53724K, committed 55104K, reserved 1114112K
  class space    used 5659K, committed 6272K, reserved 1048576K
}
Event: 14.045 GC heap before
{Heap before GC invocations=131 (full 2):
 PSYoungGen      total 9216K, used 8576K [0x00000000d5580000, 0x00000000d6000000, 0x0000000100000000)
  eden space 7680K, 100% used [0x00000000d5580000,0x00000000d5d00000,0x00000000d5d00000)
  from space 1536K, 58% used [0x00000000d5e80000,0x00000000d5f60000,0x00000000d6000000)
  to   space 1536K, 0% used [0x00000000d5d00000,0x00000000d5d00000,0x00000000d5e80000)
 ParOldGen       total 237568K, used 237290K [0x0000000080000000, 0x000000008e800000, 0x00000000d5580000)
  object space 237568K, 99% used [0x0000000080000000,0x000000008e7ba9b8,0x000000008e800000)
 Metaspace       used 53731K, committed 55168K, reserved 1114112K
  class space    used 5659K, committed 6272K, reserved 1048576K
}
Event: 14.046 GC heap after
{Heap after GC invocations=131 (full 2):
 PSYoungGen      total 9216K, used 1252K [0x00000000d5580000, 0x00000000d6000000, 0x0000000100000000)
  eden space 7680K, 0% used [0x00000000d5580000,0x00000000d5580000,0x00000000d5d00000)
  from space 1536K, 81% used [0x00000000d5d00000,0x00000000d5e39000,0x00000000d5e80000)
  to   space 1536K, 0% used [0x00000000d5e80000,0x00000000d5e80000,0x00000000d6000000)
 ParOldGen       total 238080K, used 238026K [0x0000000080000000, 0x000000008e880000, 0x00000000d5580000)
  object space 238080K, 99% used [0x0000000080000000,0x000000008e8729b8,0x000000008e880000)
 Metaspace       used 53731K, committed 55168K, reserved 1114112K
  class space    used 5659K, committed 6272K, reserved 1048576K
}
Event: 14.052 GC heap before
{Heap before GC invocations=132 (full 2):
 PSYoungGen      total 9216K, used 8932K [0x00000000d5580000, 0x00000000d6000000, 0x0000000100000000)
  eden space 7680K, 100% used [0x00000000d5580000,0x00000000d5d00000,0x00000000d5d00000)
  from space 1536K, 81% used [0x00000000d5d00000,0x00000000d5e39000,0x00000000d5e80000)
  to   space 1536K, 0% used [0x00000000d5e80000,0x00000000d5e80000,0x00000000d6000000)
 ParOldGen       total 238080K, used 238026K [0x0000000080000000, 0x000000008e880000, 0x00000000d5580000)
  object space 238080K, 99% used [0x0000000080000000,0x000000008e8729b8,0x000000008e880000)
 Metaspace       used 53731K, committed 55168K, reserved 1114112K
  class space    used 5659K, committed 6272K, reserved 1048576K
}
Event: 14.053 GC heap after
{Heap after GC invocations=132 (full 2):
 PSYoungGen      total 9216K, used 1024K [0x00000000d5580000, 0x00000000d6000000, 0x0000000100000000)
  eden space 7680K, 0% used [0x00000000d5580000,0x00000000d5580000,0x00000000d5d00000)
  from space 1536K, 66% used [0x00000000d5e80000,0x00000000d5f80000,0x00000000d6000000)
  to   space 1536K, 0% used [0x00000000d5d00000,0x00000000d5d00000,0x00000000d5e80000)
 ParOldGen       total 239104K, used 239043K [0x0000000080000000, 0x000000008e980000, 0x00000000d5580000)
  object space 239104K, 99% used [0x0000000080000000,0x000000008e970ee0,0x000000008e980000)
 Metaspace       used 53731K, committed 55168K, reserved 1114112K
  class space    used 5659K, committed 6272K, reserved 1048576K
}

Dll operation events (10 events):
Event: 0.007 Loaded shared library c:\Users\26738\.vscode\extensions\redhat.java-1.54.0-win32-x64\jre\21.0.10-win32-x86_64\bin\java.dll
Event: 0.023 Loaded shared library c:\Users\26738\.vscode\extensions\redhat.java-1.54.0-win32-x64\jre\21.0.10-win32-x86_64\bin\zip.dll
Event: 0.058 Loaded shared library C:\Users\26738\.vscode\extensions\redhat.java-1.54.0-win32-x64\jre\21.0.10-win32-x86_64\bin\instrument.dll
Event: 0.060 Loaded shared library C:\Users\26738\.vscode\extensions\redhat.java-1.54.0-win32-x64\jre\21.0.10-win32-x86_64\bin\net.dll
Event: 0.061 Loaded shared library C:\Users\26738\.vscode\extensions\redhat.java-1.54.0-win32-x64\jre\21.0.10-win32-x86_64\bin\nio.dll
Event: 0.063 Loaded shared library C:\Users\26738\.vscode\extensions\redhat.java-1.54.0-win32-x64\jre\21.0.10-win32-x86_64\bin\zip.dll
Event: 0.071 Loaded shared library C:\Users\26738\.vscode\extensions\redhat.java-1.54.0-win32-x64\jre\21.0.10-win32-x86_64\bin\jimage.dll
Event: 0.116 Loaded shared library c:\Users\26738\.vscode\extensions\redhat.java-1.54.0-win32-x64\jre\21.0.10-win32-x86_64\bin\verify.dll
Event: 0.746 Loaded shared library C:\Users\26738\AppData\Roaming\Code\User\globalStorage\redhat.java\1.54.0\config_win\org.eclipse.equinox.launcher\org.eclipse.equinox.launcher.win32.win32.x86_64_1.3.0.v20260203-2149\eclipse_11919.dll
Event: 3.656 Loaded shared library C:\Users\26738\AppData\Local\Temp\jna-47839256\jna128811994279635168.dll

Deoptimization events (20 events):
Event: 14.019 Thread 0x0000020495ca5980 Uncommon trap: trap_request=0xffffffde fr.pc=0x00000204403b41a4 relative=0x00000000000010c4
Event: 14.019 Thread 0x0000020495ca5980 Uncommon trap: reason=class_check action=maybe_recompile pc=0x00000204403b41a4 method=sun.nio.ch.ChannelInputStream.read(Ljava/nio/ByteBuffer;)I @ 64 c2
Event: 14.019 Thread 0x0000020495ca5980 DEOPT PACKING pc=0x00000204403b41a4 sp=0x000000654effd4e0
Event: 14.019 Thread 0x0000020495ca5980 DEOPT UNPACKING pc=0x000002043f4d3aa2 sp=0x000000654effd500 mode 2
Event: 14.023 Thread 0x0000020495ca5980 Uncommon trap: trap_request=0xffffffc6 fr.pc=0x00000204403c2790 relative=0x0000000000000590
Event: 14.023 Thread 0x0000020495ca5980 Uncommon trap: reason=bimorphic_or_optimized_type_check action=maybe_recompile pc=0x00000204403c2790 method=java.util.Spliterators$IteratorSpliterator.forEachRemaining(Ljava/util/function/Consumer;)V @ 52 c2
Event: 14.023 Thread 0x0000020495ca5980 DEOPT PACKING pc=0x00000204403c2790 sp=0x000000654effda80
Event: 14.023 Thread 0x0000020495ca5980 DEOPT UNPACKING pc=0x000002043f4d3aa2 sp=0x000000654effda30 mode 2
Event: 14.023 Thread 0x0000020495ca5980 Uncommon trap: trap_request=0xffffffc6 fr.pc=0x000002044018407c relative=0x000000000000057c
Event: 14.023 Thread 0x0000020495ca5980 Uncommon trap: reason=bimorphic_or_optimized_type_check action=maybe_recompile pc=0x000002044018407c method=java.util.Iterator.forEachRemaining(Ljava/util/function/Consumer;)V @ 6 c2
Event: 14.023 Thread 0x0000020495ca5980 DEOPT PACKING pc=0x000002044018407c sp=0x000000654effda00
Event: 14.023 Thread 0x0000020495ca5980 DEOPT UNPACKING pc=0x000002043f4d3aa2 sp=0x000000654effd9d0 mode 2
Event: 14.024 Thread 0x0000020495ca5980 Uncommon trap: trap_request=0xffffffc6 fr.pc=0x00000204403c2790 relative=0x0000000000000590
Event: 14.024 Thread 0x0000020495ca5980 Uncommon trap: reason=bimorphic_or_optimized_type_check action=maybe_recompile pc=0x00000204403c2790 method=java.util.Spliterators$IteratorSpliterator.forEachRemaining(Ljava/util/function/Consumer;)V @ 52 c2
Event: 14.024 Thread 0x0000020495ca5980 DEOPT PACKING pc=0x00000204403c2790 sp=0x000000654effda80
Event: 14.024 Thread 0x0000020495ca5980 DEOPT UNPACKING pc=0x000002043f4d3aa2 sp=0x000000654effda30 mode 2
Event: 14.024 Thread 0x0000020495ca5980 Uncommon trap: trap_request=0xffffffc6 fr.pc=0x000002044018407c relative=0x000000000000057c
Event: 14.024 Thread 0x0000020495ca5980 Uncommon trap: reason=bimorphic_or_optimized_type_check action=maybe_recompile pc=0x000002044018407c method=java.util.Iterator.forEachRemaining(Ljava/util/function/Consumer;)V @ 6 c2
Event: 14.024 Thread 0x0000020495ca5980 DEOPT PACKING pc=0x000002044018407c sp=0x000000654effda00
Event: 14.024 Thread 0x0000020495ca5980 DEOPT UNPACKING pc=0x000002043f4d3aa2 sp=0x000000654effd9d0 mode 2

Classes loaded (20 events):
Event: 13.858 Loading class java/util/RegularEnumSet$EnumSetIterator
Event: 13.858 Loading class java/util/RegularEnumSet$EnumSetIterator done
Event: 13.861 Loading class java/nio/ByteBufferAsIntBufferL
Event: 13.862 Loading class java/nio/ByteBufferAsIntBufferL done
Event: 13.865 Loading class jdk/internal/jimage/ImageReader$Directory
Event: 13.865 Loading class jdk/internal/jimage/ImageReader$Directory done
Event: 13.891 Loading class java/nio/file/FileTreeWalker$DirectoryNode
Event: 13.891 Loading class java/nio/file/FileTreeWalker$DirectoryNode done
Event: 13.891 Loading class java/nio/file/FileTreeWalker$Event
Event: 13.891 Loading class java/nio/file/FileTreeWalker$Event done
Event: 13.891 Loading class java/nio/file/FileTreeWalker$EventType
Event: 13.891 Loading class java/nio/file/FileTreeWalker$EventType done
Event: 13.891 Loading class java/nio/file/Files$3
Event: 13.891 Loading class java/nio/file/Files$3 done
Event: 13.892 Loading class java/nio/file/FileVisitResult
Event: 13.892 Loading class java/nio/file/FileVisitResult done
Event: 13.989 Loading class java/nio/channels/Channels$ReadableByteChannelImpl
Event: 13.989 Loading class java/nio/channels/Channels$ReadableByteChannelImpl done
Event: 13.991 Loading class java/nio/channels/NonWritableChannelException
Event: 13.991 Loading class java/nio/channels/NonWritableChannelException done

Classes unloaded (7 events):
Event: 3.970 Thread 0x000002044b8c4940 Unloading class 0x000002044d1ad000 'java/lang/invoke/LambdaForm$MH+0x000002044d1ad000'
Event: 3.970 Thread 0x000002044b8c4940 Unloading class 0x000002044d1acc00 'java/lang/invoke/LambdaForm$MH+0x000002044d1acc00'
Event: 3.970 Thread 0x000002044b8c4940 Unloading class 0x000002044d1ac800 'java/lang/invoke/LambdaForm$MH+0x000002044d1ac800'
Event: 3.970 Thread 0x000002044b8c4940 Unloading class 0x000002044d1ac400 'java/lang/invoke/LambdaForm$MH+0x000002044d1ac400'
Event: 3.970 Thread 0x000002044b8c4940 Unloading class 0x000002044d1ac000 'java/lang/invoke/LambdaForm$BMH+0x000002044d1ac000'
Event: 3.970 Thread 0x000002044b8c4940 Unloading class 0x000002044d1abc00 'java/lang/invoke/LambdaForm$DMH+0x000002044d1abc00'
Event: 3.970 Thread 0x000002044b8c4940 Unloading class 0x000002044d1aac00 'java/lang/invoke/LambdaForm$DMH+0x000002044d1aac00'

Classes redefined (0 events):
No events

Internal exceptions (20 events):
Event: 7.189 Thread 0x0000020495ca5980 Exception <a 'java/lang/NoSuchMethodError'{0x00000000d63197e8}: 'java.lang.Object java.lang.invoke.DirectMethodHandle$Holder.newInvokeSpecial(java.lang.Object, java.lang.Object, int)'> (0x00000000d63197e8) 
thrown [s\src\hotspot\share\interpreter\linkResolver.cpp, line 773]
Event: 7.202 Thread 0x0000020495ca5980 Exception <a 'java/lang/NoSuchMethodError'{0x00000000d63cba28}: 'void java.lang.invoke.DirectMethodHandle$Holder.invokeStatic(java.lang.Object, int)'> (0x00000000d63cba28) 
thrown [s\src\hotspot\share\interpreter\linkResolver.cpp, line 773]
Event: 7.249 Thread 0x0000020495ca5980 Exception <a 'java/io/FileNotFoundException'{0x00000000d57a2868}> (0x00000000d57a2868) 
thrown [s\src\hotspot\share\prims\jni.cpp, line 520]
Event: 7.249 Thread 0x0000020495ca5980 Exception <a 'java/io/FileNotFoundException'{0x00000000d57a3e28}> (0x00000000d57a3e28) 
thrown [s\src\hotspot\share\prims\jni.cpp, line 520]
Event: 7.250 Thread 0x0000020495ca5980 Exception <a 'java/io/FileNotFoundException'{0x00000000d57a4ff0}> (0x00000000d57a4ff0) 
thrown [s\src\hotspot\share\prims\jni.cpp, line 520]
Event: 7.260 Thread 0x0000020495ca5980 Exception <a 'java/lang/NoSuchMethodError'{0x00000000d5837570}: 'int java.lang.invoke.DirectMethodHandle$Holder.invokeSpecialIFC(java.lang.Object, java.lang.Object, java.lang.Object, java.lang.Object)'> (0x00000000d5837570) 
thrown [s\src\hotspot\share\interpreter\linkResolver.cpp, line 773]
Event: 8.281 Thread 0x0000020495ca52f0 Exception <a 'java/io/FileNotFoundException'{0x00000000d60cb2d0}> (0x00000000d60cb2d0) 
thrown [s\src\hotspot\share\prims\jni.cpp, line 520]
Event: 8.282 Thread 0x0000020495ca52f0 Exception <a 'java/io/FileNotFoundException'{0x00000000d60cc940}> (0x00000000d60cc940) 
thrown [s\src\hotspot\share\prims\jni.cpp, line 520]
Event: 8.282 Thread 0x0000020495ca52f0 Exception <a 'java/io/FileNotFoundException'{0x00000000d60cdd10}> (0x00000000d60cdd10) 
thrown [s\src\hotspot\share\prims\jni.cpp, line 520]
Event: 8.293 Thread 0x0000020495ca5980 Implicit null exception at 0x000002043ff797eb to 0x000002043ff7a4a0
Event: 8.479 Thread 0x0000020495ca5980 Implicit null exception at 0x0000020440153a6d to 0x00000204401546a8
Event: 8.481 Thread 0x0000020495ca5980 Implicit null exception at 0x0000020440153a6d to 0x00000204401546a8
Event: 8.484 Thread 0x0000020495ca5980 Implicit null exception at 0x0000020440153a6d to 0x00000204401546a8
Event: 8.489 Thread 0x0000020495ca5980 Implicit null exception at 0x0000020440153a6d to 0x00000204401546a8
Event: 10.821 Thread 0x0000020498205b10 Implicit null exception at 0x00000204400cb2d4 to 0x00000204400cb9b0
Event: 13.758 Thread 0x0000020495ca5980 Exception <a 'java/lang/NoSuchMethodError'{0x00000000d5805f68}: 'int java.lang.invoke.DirectMethodHandle$Holder.invokeStatic(java.lang.Object)'> (0x00000000d5805f68) 
thrown [s\src\hotspot\share\interpreter\linkResolver.cpp, line 773]
Event: 13.779 Thread 0x0000020495ca5980 Exception <a 'java/io/FileNotFoundException'{0x00000000d58d53b0}> (0x00000000d58d53b0) 
thrown [s\src\hotspot\share\prims\jni.cpp, line 520]
Event: 13.779 Thread 0x0000020495ca5980 Exception <a 'java/io/FileNotFoundException'{0x00000000d58d6cf8}> (0x00000000d58d6cf8) 
thrown [s\src\hotspot\share\prims\jni.cpp, line 520]
Event: 13.779 Thread 0x0000020495ca5980 Exception <a 'java/io/FileNotFoundException'{0x00000000d58d7ef8}> (0x00000000d58d7ef8) 
thrown [s\src\hotspot\share\prims\jni.cpp, line 520]
Event: 13.852 Thread 0x0000020495ca5980 Exception <a 'java/lang/NoSuchMethodError'{0x00000000d5b3e768}: 'java.lang.Object java.lang.invoke.DelegatingMethodHandle$Holder.reinvoke_L(java.lang.Object, int, long, java.lang.Object, java.lang.Object, int, java.lang.Object)'> (0x00000000d5b3e768) 
thrown [s\src\hotspot\share\interpreter\linkResolver.cpp, line 773]

ZGC Phase Switch (0 events):
No events

VM Operations (20 events):
Event: 13.949 Executing safepoint VM operation: ParallelGCFailedAllocation (Allocation Failure) done
Event: 13.960 Executing safepoint VM operation: ParallelGCFailedAllocation (Allocation Failure)
Event: 13.961 Executing safepoint VM operation: ParallelGCFailedAllocation (Allocation Failure) done
Event: 13.990 Executing non-safepoint VM operation: HandshakeAllThreads (Deoptimize)
Event: 13.990 Executing non-safepoint VM operation: HandshakeAllThreads (Deoptimize) done
Event: 14.000 Executing safepoint VM operation: ParallelGCFailedAllocation (Allocation Failure)
Event: 14.001 Executing safepoint VM operation: ParallelGCFailedAllocation (Allocation Failure) done
Event: 14.007 Executing safepoint VM operation: ParallelGCFailedAllocation (Allocation Failure)
Event: 14.008 Executing safepoint VM operation: ParallelGCFailedAllocation (Allocation Failure) done
Event: 14.014 Executing safepoint VM operation: ParallelGCFailedAllocation (Allocation Failure)
Event: 14.015 Executing safepoint VM operation: ParallelGCFailedAllocation (Allocation Failure) done
Event: 14.029 Executing safepoint VM operation: ParallelGCFailedAllocation (Allocation Failure)
Event: 14.030 Executing safepoint VM operation: ParallelGCFailedAllocation (Allocation Failure) done
Event: 14.035 Executing safepoint VM operation: ParallelGCFailedAllocation (Allocation Failure)
Event: 14.036 Executing safepoint VM operation: ParallelGCFailedAllocation (Allocation Failure) done
Event: 14.045 Executing safepoint VM operation: ParallelGCFailedAllocation (Allocation Failure)
Event: 14.046 Executing safepoint VM operation: ParallelGCFailedAllocation (Allocation Failure) done
Event: 14.052 Executing safepoint VM operation: ParallelGCFailedAllocation (Allocation Failure)
Event: 14.053 Executing safepoint VM operation: ParallelGCFailedAllocation (Allocation Failure) done
Event: 15.067 Executing safepoint VM operation: Cleanup

Memory protections (0 events):
No events

Nmethod flushes (20 events):
Event: 4.919 Thread 0x000002044b8c4940 flushing  nmethod 0x000002043872d210
Event: 4.919 Thread 0x000002044b8c4940 flushing  nmethod 0x000002043874bc10
Event: 4.919 Thread 0x000002044b8c4940 flushing  nmethod 0x0000020438752710
Event: 4.919 Thread 0x000002044b8c4940 flushing  nmethod 0x0000020438772310
Event: 4.919 Thread 0x000002044b8c4940 flushing  nmethod 0x0000020438785610
Event: 4.919 Thread 0x000002044b8c4940 flushing  nmethod 0x000002043879f410
Event: 4.919 Thread 0x000002044b8c4940 flushing  nmethod 0x000002043879f810
Event: 4.919 Thread 0x000002044b8c4940 flushing  nmethod 0x00000204387a0110
Event: 4.919 Thread 0x000002044b8c4940 flushing  nmethod 0x00000204387a1310
Event: 4.919 Thread 0x000002044b8c4940 flushing  nmethod 0x00000204387a1f90
Event: 4.919 Thread 0x000002044b8c4940 flushing  nmethod 0x00000204387a3c90
Event: 4.919 Thread 0x000002044b8c4940 flushing  nmethod 0x00000204387a4190
Event: 4.919 Thread 0x000002044b8c4940 flushing  nmethod 0x00000204387a4a90
Event: 4.919 Thread 0x000002044b8c4940 flushing  nmethod 0x00000204387a5a90
Event: 4.919 Thread 0x000002044b8c4940 flushing  nmethod 0x00000204387a8410
Event: 4.919 Thread 0x000002044b8c4940 flushing  nmethod 0x00000204387a9e90
Event: 4.919 Thread 0x000002044b8c4940 flushing  nmethod 0x00000204387f0210
Event: 4.919 Thread 0x000002044b8c4940 flushing  nmethod 0x00000204387f0d10
Event: 4.919 Thread 0x000002044b8c4940 flushing  nmethod 0x00000204387f6d10
Event: 4.919 Thread 0x000002044b8c4940 flushing  nmethod 0x0000020438817b10

Events (20 events):
Event: 13.139 Thread 0x0000020495ca5980 Thread added: 0x0000020498205b10
Event: 13.140 Thread 0x0000020495ca5980 Thread added: 0x0000020498204760
Event: 13.140 Thread 0x0000020495ca5980 Thread added: 0x0000020498205480
Event: 13.140 Thread 0x0000020495ca5980 Thread added: 0x0000020498204df0
Event: 13.140 Thread 0x0000020495ca5980 Thread added: 0x0000020498203a40
Event: 13.234 Thread 0x0000020498205b10 Thread exited: 0x0000020498205b10
Event: 13.234 Thread 0x0000020498205480 Thread exited: 0x0000020498205480
Event: 13.234 Thread 0x0000020498203a40 Thread exited: 0x0000020498203a40
Event: 13.234 Thread 0x0000020498204df0 Thread exited: 0x0000020498204df0
Event: 13.234 Thread 0x0000020498204760 Thread exited: 0x0000020498204760
Event: 13.645 Thread 0x0000020495ca5980 Thread added: 0x0000020498203a40
Event: 13.645 Thread 0x0000020495ca5980 Thread added: 0x0000020498205480
Event: 13.645 Thread 0x0000020495ca5980 Thread added: 0x0000020498204760
Event: 13.645 Thread 0x0000020495ca5980 Thread added: 0x0000020498204df0
Event: 13.645 Thread 0x0000020495ca5980 Thread added: 0x00000204982061a0
Event: 13.726 Thread 0x0000020498203a40 Thread exited: 0x0000020498203a40
Event: 13.726 Thread 0x0000020498204760 Thread exited: 0x0000020498204760
Event: 13.726 Thread 0x0000020498205480 Thread exited: 0x0000020498205480
Event: 13.726 Thread 0x0000020498204df0 Thread exited: 0x0000020498204df0
Event: 13.726 Thread 0x00000204982061a0 Thread exited: 0x00000204982061a0


Dynamic libraries:
0x00007ff7ff860000 - 0x00007ff7ff86e000 	c:\Users\26738\.vscode\extensions\redhat.java-1.54.0-win32-x64\jre\21.0.10-win32-x86_64\bin\java.exe
0x00007ffd5a1e0000 - 0x00007ffd5a447000 	C:\WINDOWS\SYSTEM32\ntdll.dll
0x00007ffd592d0000 - 0x00007ffd59399000 	C:\WINDOWS\System32\KERNEL32.DLL
0x00007ffd576b0000 - 0x00007ffd57aa4000 	C:\WINDOWS\System32\KERNELBASE.dll
0x00007ffd57ce0000 - 0x00007ffd57e2b000 	C:\WINDOWS\System32\ucrtbase.dll
0x00007ffce7750000 - 0x00007ffce7768000 	c:\Users\26738\.vscode\extensions\redhat.java-1.54.0-win32-x64\jre\21.0.10-win32-x86_64\bin\jli.dll
0x00007ffcee180000 - 0x00007ffcee19e000 	c:\Users\26738\.vscode\extensions\redhat.java-1.54.0-win32-x64\jre\21.0.10-win32-x86_64\bin\VCRUNTIME140.dll
0x00007ffd59580000 - 0x00007ffd59745000 	C:\WINDOWS\System32\USER32.dll
0x00007ffd57550000 - 0x00007ffd57577000 	C:\WINDOWS\System32\win32u.dll
0x00007ffd30ee0000 - 0x00007ffd31173000 	C:\WINDOWS\WinSxS\amd64_microsoft.windows.common-controls_6595b64144ccf1df_6.0.26100.8115_none_3e075c82e3354f9c\COMCTL32.dll
0x00007ffd58510000 - 0x00007ffd5853b000 	C:\WINDOWS\System32\GDI32.dll
0x00007ffd59c10000 - 0x00007ffd59cb9000 	C:\WINDOWS\System32\msvcrt.dll
0x00007ffd57580000 - 0x00007ffd576ab000 	C:\WINDOWS\System32\gdi32full.dll
0x00007ffd57ec0000 - 0x00007ffd57f63000 	C:\WINDOWS\System32\msvcp_win.dll
0x00007ffd59cc0000 - 0x00007ffd59cf2000 	C:\WINDOWS\System32\IMM32.DLL
0x00007ffd2dca0000 - 0x00007ffd2dcac000 	c:\Users\26738\.vscode\extensions\redhat.java-1.54.0-win32-x64\jre\21.0.10-win32-x86_64\bin\vcruntime140_1.dll
0x00007ffcaf7c0000 - 0x00007ffcaf84d000 	c:\Users\26738\.vscode\extensions\redhat.java-1.54.0-win32-x64\jre\21.0.10-win32-x86_64\bin\msvcp140.dll
0x00007ffc34700000 - 0x00007ffc354a1000 	c:\Users\26738\.vscode\extensions\redhat.java-1.54.0-win32-x64\jre\21.0.10-win32-x86_64\bin\server\jvm.dll
0x00007ffd57fc0000 - 0x00007ffd58076000 	C:\WINDOWS\System32\ADVAPI32.dll
0x00007ffd599d0000 - 0x00007ffd59a77000 	C:\WINDOWS\System32\sechost.dll
0x00007ffd58230000 - 0x00007ffd58348000 	C:\WINDOWS\System32\RPCRT4.dll
0x00007ffd597d0000 - 0x00007ffd59850000 	C:\WINDOWS\System32\WS2_32.dll
0x00007ffd56910000 - 0x00007ffd5696e000 	C:\WINDOWS\SYSTEM32\POWRPROF.dll
0x00007ffd4e930000 - 0x00007ffd4e93b000 	C:\WINDOWS\SYSTEM32\VERSION.dll
0x00007ffd511d0000 - 0x00007ffd51206000 	C:\WINDOWS\SYSTEM32\WINMM.dll
0x00007ffd568f0000 - 0x00007ffd56904000 	C:\WINDOWS\SYSTEM32\UMPDC.dll
0x00007ffd55820000 - 0x00007ffd5583b000 	C:\WINDOWS\SYSTEM32\kernel.appcore.dll
0x00007ffd28ba0000 - 0x00007ffd28baa000 	c:\Users\26738\.vscode\extensions\redhat.java-1.54.0-win32-x64\jre\21.0.10-win32-x86_64\bin\jimage.dll
0x00007ffd548b0000 - 0x00007ffd54af2000 	C:\WINDOWS\SYSTEM32\DBGHELP.DLL
0x00007ffd58d30000 - 0x00007ffd590b2000 	C:\WINDOWS\System32\combase.dll
0x00007ffd59b30000 - 0x00007ffd59c08000 	C:\WINDOWS\System32\OLEAUT32.dll
0x00007ffd36820000 - 0x00007ffd3685b000 	C:\WINDOWS\SYSTEM32\dbgcore.DLL
0x00007ffd56ab0000 - 0x00007ffd56b55000 	C:\WINDOWS\System32\bcryptPrimitives.dll
0x00007ffd27e80000 - 0x00007ffd27e8f000 	c:\Users\26738\.vscode\extensions\redhat.java-1.54.0-win32-x64\jre\21.0.10-win32-x86_64\bin\instrument.dll
0x00007ffce6d10000 - 0x00007ffce6d30000 	c:\Users\26738\.vscode\extensions\redhat.java-1.54.0-win32-x64\jre\21.0.10-win32-x86_64\bin\java.dll
0x00007ffd585c0000 - 0x00007ffd58d27000 	C:\WINDOWS\System32\SHELL32.dll
0x00007ffd57ab0000 - 0x00007ffd57c1a000 	C:\WINDOWS\System32\wintypes.dll
0x00007ffd56b60000 - 0x00007ffd573c8000 	C:\WINDOWS\System32\windows.storage.dll
0x00007ffd58350000 - 0x00007ffd58448000 	C:\WINDOWS\System32\SHCORE.dll
0x00007ffd58550000 - 0x00007ffd585b6000 	C:\WINDOWS\System32\shlwapi.dll
0x00007ffd569d0000 - 0x00007ffd569f9000 	C:\WINDOWS\SYSTEM32\profapi.dll
0x00007ffce6c90000 - 0x00007ffce6ca8000 	c:\Users\26738\.vscode\extensions\redhat.java-1.54.0-win32-x64\jre\21.0.10-win32-x86_64\bin\zip.dll
0x00007ffd276c0000 - 0x00007ffd276d0000 	C:\Users\26738\.vscode\extensions\redhat.java-1.54.0-win32-x64\jre\21.0.10-win32-x86_64\bin\net.dll
0x00007ffd51040000 - 0x00007ffd5116d000 	C:\WINDOWS\SYSTEM32\WINHTTP.dll
0x00007ffd55db0000 - 0x00007ffd55e1c000 	C:\WINDOWS\system32\mswsock.dll
0x00007ffd06ea0000 - 0x00007ffd06eb6000 	C:\Users\26738\.vscode\extensions\redhat.java-1.54.0-win32-x64\jre\21.0.10-win32-x86_64\bin\nio.dll
0x00007ffd3d020000 - 0x00007ffd3d030000 	c:\Users\26738\.vscode\extensions\redhat.java-1.54.0-win32-x64\jre\21.0.10-win32-x86_64\bin\verify.dll
0x00007ffcea8c0000 - 0x00007ffcea905000 	C:\Users\26738\AppData\Roaming\Code\User\globalStorage\redhat.java\1.54.0\config_win\org.eclipse.equinox.launcher\org.eclipse.equinox.launcher.win32.win32.x86_64_1.3.0.v20260203-2149\eclipse_11919.dll
0x00007ffd58090000 - 0x00007ffd58227000 	C:\WINDOWS\System32\ole32.dll
0x00007ffd560a0000 - 0x00007ffd560bb000 	C:\WINDOWS\SYSTEM32\CRYPTSP.dll
0x00007ffd55770000 - 0x00007ffd557a9000 	C:\WINDOWS\system32\rsaenh.dll
0x00007ffd55e60000 - 0x00007ffd55e93000 	C:\WINDOWS\SYSTEM32\USERENV.dll
0x00007ffd569a0000 - 0x00007ffd569ca000 	C:\WINDOWS\SYSTEM32\bcrypt.dll
0x00007ffd56090000 - 0x00007ffd5609c000 	C:\WINDOWS\SYSTEM32\CRYPTBASE.dll
0x00007ffd551e0000 - 0x00007ffd55212000 	C:\WINDOWS\SYSTEM32\IPHLPAPI.DLL
0x00007ffd59860000 - 0x00007ffd5986a000 	C:\WINDOWS\System32\NSI.dll
0x00007ffc60360000 - 0x00007ffc603a9000 	C:\Users\26738\AppData\Local\Temp\jna-47839256\jna128811994279635168.dll
0x00007ffd58540000 - 0x00007ffd58548000 	C:\WINDOWS\System32\PSAPI.DLL
0x00007ffd51830000 - 0x00007ffd5184d000 	C:\WINDOWS\SYSTEM32\dhcpcsvc6.DLL
0x00007ffd51800000 - 0x00007ffd51825000 	C:\WINDOWS\SYSTEM32\dhcpcsvc.DLL

JVMTI agents:
c:\Users\26738\.vscode\extensions\redhat.java-1.54.0-win32-x64\lombok\lombok-1.18.39-4050.jar path:c:\Users\26738\.vscode\extensions\redhat.java-1.54.0-win32-x64\jre\21.0.10-win32-x86_64\bin\instrument.dll, loaded, initialized, instrumentlib options:none

dbghelp: loaded successfully - version: 4.0.5 - missing functions: none
symbol engine: initialized successfully - sym options: 0x614 - pdb path: .;c:\Users\26738\.vscode\extensions\redhat.java-1.54.0-win32-x64\jre\21.0.10-win32-x86_64\bin;C:\WINDOWS\SYSTEM32;C:\WINDOWS\WinSxS\amd64_microsoft.windows.common-controls_6595b64144ccf1df_6.0.26100.8115_none_3e075c82e3354f9c;c:\Users\26738\.vscode\extensions\redhat.java-1.54.0-win32-x64\jre\21.0.10-win32-x86_64\bin\server;C:\Users\26738\AppData\Roaming\Code\User\globalStorage\redhat.java\1.54.0\config_win\org.eclipse.equinox.launcher\org.eclipse.equinox.launcher.win32.win32.x86_64_1.3.0.v20260203-2149;C:\Users\26738\AppData\Local\Temp\jna-47839256

VM Arguments:
jvm_args: --add-modules=ALL-SYSTEM --add-opens=java.base/java.util=ALL-UNNAMED --add-opens=java.base/java.lang=ALL-UNNAMED --add-opens=java.base/sun.nio.fs=ALL-UNNAMED -Declipse.application=org.eclipse.jdt.ls.core.id1 -Dosgi.bundles.defaultStartLevel=4 -Declipse.product=org.eclipse.jdt.ls.core.product -Djava.import.generatesMetadataFilesAtProjectRoot=false -DDetectVMInstallationsJob.disabled=true -Dfile.encoding=utf8 -XX:+UseParallelGC -XX:GCTimeRatio=4 -XX:AdaptiveSizePolicyWeight=90 -Dsun.zip.disableMemoryMapping=true -Xmx2G -Xms100m -Xlog:disable -javaagent:c:\Users\26738\.vscode\extensions\redhat.java-1.54.0-win32-x64\lombok\lombok-1.18.39-4050.jar -XX:+HeapDumpOnOutOfMemoryError -XX:HeapDumpPath=c:\Users\26738\AppData\Roaming\Code\User\workspaceStorage\aa6ddfe8fe14924d1cf1a656ad6f9cfc\redhat.java -Daether.dependencyCollector.impl=bf 
java_command: c:\Users\26738\.vscode\extensions\redhat.java-1.54.0-win32-x64\server\plugins\org.eclipse.equinox.launcher_1.7.100.v20251111-0406.jar -configuration c:\Users\26738\AppData\Roaming\Code\User\globalStorage\redhat.java\1.54.0\config_win -data c:\Users\26738\AppData\Roaming\Code\User\workspaceStorage\aa6ddfe8fe14924d1cf1a656ad6f9cfc\redhat.java\jdt_ws --pipe=\\.\pipe\lsp-40cf7a1f72c33bb4e397f4c287177b57-sock
java_class_path (initial): c:\Users\26738\.vscode\extensions\redhat.java-1.54.0-win32-x64\server\plugins\org.eclipse.equinox.launcher_1.7.100.v20251111-0406.jar
Launcher Type: SUN_STANDARD

[Global flags]
    uintx AdaptiveSizePolicyWeight                 = 90                                        {product} {command line}
     intx CICompilerCount                          = 12                                        {product} {ergonomic}
    uintx GCTimeRatio                              = 4                                         {product} {command line}
     bool HeapDumpOnOutOfMemoryError               = true                                   {manageable} {command line}
    ccstr HeapDumpPath                             = c:\Users\26738\AppData\Roaming\Code\User\workspaceStorage\aa6ddfe8fe14924d1cf1a656ad6f9cfc\redhat.java         {manageable} {command line}
   size_t InitialHeapSize                          = 104857600                                 {product} {command line}
   size_t MaxHeapSize                              = 2147483648                                {product} {command line}
   size_t MaxNewSize                               = 715653120                                 {product} {ergonomic}
   size_t MinHeapDeltaBytes                        = 524288                                    {product} {ergonomic}
   size_t MinHeapSize                              = 104857600                                 {product} {command line}
   size_t NewSize                                  = 34603008                                  {product} {ergonomic}
    uintx NonNMethodCodeHeapSize                   = 7602480                                {pd product} {ergonomic}
    uintx NonProfiledCodeHeapSize                  = 122027880                              {pd product} {ergonomic}
   size_t OldSize                                  = 70254592                                  {product} {ergonomic}
    uintx ProfiledCodeHeapSize                     = 122027880                              {pd product} {ergonomic}
    uintx ReservedCodeCacheSize                    = 251658240                              {pd product} {ergonomic}
     bool SegmentedCodeCache                       = true                                      {product} {ergonomic}
   size_t SoftMaxHeapSize                          = 2147483648                             {manageable} {ergonomic}
     bool UseCompressedOops                        = true                           {product lp64_product} {ergonomic}
     bool UseLargePagesIndividualAllocation        = false                                  {pd product} {ergonomic}
     bool UseParallelGC                            = true                                      {product} {command line}

Logging:
Log output configuration:
 #0: stdout all=off uptime,level,tags foldmultilines=false
 #1: stderr all=off uptime,level,tags foldmultilines=false

Release file:
JAVA_VERSION="21.0.10" 
MODULES="java.base java.compiler java.datatransfer java.xml java.prefs java.desktop java.instrument java.logging java.management java.security.sasl java.naming java.rmi java.management.rmi java.net.http java.scripting java.security.jgss java.transaction.xa java.sql java.sql.rowset java.xml.crypto java.se java.smartcardio jdk.accessibility jdk.internal.jvmstat jdk.attach jdk.charsets jdk.internal.opt jdk.zipfs jdk.compiler jdk.crypto.ec jdk.crypto.cryptoki jdk.crypto.mscapi jdk.dynalink jdk.internal.ed jdk.editpad jdk.hotspot.agent jdk.httpserver jdk.internal.le jdk.internal.vm.ci jdk.internal.vm.compiler jdk.internal.vm.compiler.management jdk.jartool jdk.javadoc jdk.jcmd jdk.management jdk.management.agent jdk.jconsole jdk.jdeps jdk.jdwp.agent jdk.jdi jdk.jfr jdk.jshell jdk.jsobject jdk.jstatd jdk.localedata jdk.management.jfr jdk.naming.dns jdk.naming.rmi jdk.net jdk.nio.mapmode jdk.random jdk.sctp jdk.security.auth jdk.security.jgss jdk.unsupported jdk.unsupported.desktop jdk.xml.dom" 

Environment Variables:
JAVA_HOME=F:\Interpreter\JAVA17
PATH=C:\Users\26738\AppData\Local\Programs\Microsoft VS Code;F:\Interpreter\JAVA17\bin;F:\Interpreter\PY\Scripts\;F:\Interpreter\PY\;F:\VM\bin\;C:\WINDOWS\system32;C:\WINDOWS;C:\WINDOWS\System32\Wbem;C:\WINDOWS\System32\WindowsPowerShell\v1.0\;C:\WINDOWS\System32\OpenSSH\;C:\Program Files\dotnet\;C:\Program Files\Microsoft SQL Server\150\Tools\Binn\;C:\Program Files\Microsoft SQL Server\Client SDK\ODBC\170\Tools\Binn\;C:\Program Files (x86)\Windows Kits\10\Windows Performance Toolkit\;C:\Program Files\Git\cmd;C:\Program Files\Docker\Docker\resources\bin;F:\MySQL\MySQL Server 8.0\bin;F:\Maven\apache-maven-3.9.15\bin;C:\Users\26738\.local\bin;F:\Interpreter\Nacos_146\nacos\bin;F:\Interpreter\Redis863\Redis-8.6.3-Windows-x64-cygwin-with-Service;F:\Interpreter\Erlang27_3_4_11\Erlang OTP\bin;F:\Interpreter\RabbitMQ Server\rabbitmq_server-4.3.0\sbin;F:\Interpreter\nvm;F:\Interpreter\nodejs;F:\Interpreter\nodejs\nodejs\node_global\node_modules\yarn\bin;F:\Interpreter\Nginx\nginx-1.22.1\;F:\MySQL\MySQL Shell 8.0\bin\;f:\Tr_code_cn\Trae CN\bin;C:\Users\26738\AppData\Local\Microsoft\WindowsApps;C:\Users\26738\.dotnet\tools;F:\IDEA\IntelliJ IDEA 2024.1.7\bin;F:\PyCharm\PyCharm 2024.1.7\bin;C:\Users\26738\AppData\Local\Programs\Microsoft VS Code\bin;F:\Cursor\cursor\resources\app\bin;C:\Program Files\mingw64\bin;F:\anac\anaconda3;F:\anac\anaconda3\Library\usr\bin;F:\anac\anaconda3\Library\mingw-w64;F:\anac\anaconda3\Library\bin;F:\anac\anaconda3\Scripts;C:\Users\26738\AppData\Local\Microsoft\WinGet\Links;F:\Interpreter\nvm;F:\Interpreter\nodejs;
USERNAME=26738
OS=Windows_NT
PROCESSOR_IDENTIFIER=Intel64 Family 6 Model 183 Stepping 1, GenuineIntel
TMP=C:\Users\26738\AppData\Local\Temp
TEMP=C:\Users\26738\AppData\Local\Temp




Periodic native trim disabled

---------------  S Y S T E M  ---------------

OS:
 Windows 11 , 64 bit Build 26100 (10.0.26100.8246)
OS uptime: 3 days 6:07 hours
Hyper-V role detected

CPU: total 20 (initial active 20) (10 cores per cpu, 2 threads per core) family 6 model 183 stepping 1 microcode 0x133, cx8, cmov, fxsr, ht, mmx, 3dnowpref, sse, sse2, sse3, ssse3, sse4.1, sse4.2, popcnt, lzcnt, tsc, tscinvbit, avx, avx2, aes, erms, clmul, bmi1, bmi2, adx, sha, fma, vzeroupper, clflush, clflushopt, clwb, hv, serialize, rdtscp, rdpid, fsrm, f16c, cet_ibt, cet_ss
Processor Information for processor 0
  Max Mhz: 2600, Current Mhz: 2600, Mhz Limit: 2600
Processor Information for processor 1
  Max Mhz: 2600, Current Mhz: 2600, Mhz Limit: 2600
Processor Information for processor 2
  Max Mhz: 2600, Current Mhz: 2600, Mhz Limit: 2600
Processor Information for processor 3
  Max Mhz: 2600, Current Mhz: 1496, Mhz Limit: 2600
Processor Information for processor 4
  Max Mhz: 2600, Current Mhz: 2600, Mhz Limit: 2600
Processor Information for processor 5
  Max Mhz: 2600, Current Mhz: 2600, Mhz Limit: 2600
Processor Information for processor 6
  Max Mhz: 2600, Current Mhz: 2600, Mhz Limit: 2600
Processor Information for processor 7
  Max Mhz: 2600, Current Mhz: 2600, Mhz Limit: 2600
Processor Information for processor 8
  Max Mhz: 2600, Current Mhz: 2600, Mhz Limit: 2600
Processor Information for processor 9
  Max Mhz: 2600, Current Mhz: 2600, Mhz Limit: 2600
Processor Information for processor 10
  Max Mhz: 2600, Current Mhz: 2600, Mhz Limit: 2600
Processor Information for processor 11
  Max Mhz: 2600, Current Mhz: 2600, Mhz Limit: 2600
Processor Information for processor 12
  Max Mhz: 2600, Current Mhz: 2600, Mhz Limit: 2600
Processor Information for processor 13
  Max Mhz: 2600, Current Mhz: 2600, Mhz Limit: 2600
Processor Information for processor 14
  Max Mhz: 2600, Current Mhz: 2600, Mhz Limit: 2600
Processor Information for processor 15
  Max Mhz: 2600, Current Mhz: 2600, Mhz Limit: 2600
Processor Information for processor 16
  Max Mhz: 2600, Current Mhz: 2600, Mhz Limit: 2600
Processor Information for processor 17
  Max Mhz: 2600, Current Mhz: 1505, Mhz Limit: 2600
Processor Information for processor 18
  Max Mhz: 2600, Current Mhz: 2600, Mhz Limit: 2600
Processor Information for processor 19
  Max Mhz: 2600, Current Mhz: 2600, Mhz Limit: 2600

Memory: 4k page, system-wide physical 16068M (739M free)
TotalPageFile size 60166M (AvailPageFile size 8M)
current process WorkingSet (physical memory assigned to process): 475M, peak: 475M
current process commit charge ("private bytes"): 573M, peak: 573M

vm_info: OpenJDK 64-Bit Server VM (21.0.10+7-LTS) for windows-amd64 JRE (21.0.10+7-LTS), built on 2026-01-20T00:00:00Z by "admin" with MS VC++ 17.12 (VS2022)

END.
