#
# There is insufficient memory for the Java Runtime Environment to continue.
# Native memory allocation (malloc) failed to allocate 2472112 bytes. Error detail: Chunk::new
# Possible reasons:
#   The system is out of physical RAM or swap space
#   This process is running with CompressedOops enabled, and the Java Heap may be blocking the growth of the native heap
# Possible solutions:
#   Reduce memory load on the system
#   Increase physical memory or swap space
#   Check if swap backing store is full
#   Decrease Java heap size (-Xmx/-Xms)
#   Decrease number of Java threads
#   Decrease Java thread stack sizes (-Xss)
#   Set larger code cache with -XX:ReservedCodeCacheSize=
#   JVM is running with Unscaled Compressed Oops mode in which the Java heap is
#     placed in the first 4GB address space. The Java Heap base address is the
#     maximum limit for the native heap growth. Please use -XX:HeapBaseMinAddress
#     to set the Java Heap base and to place the Java Heap above 4GB virtual address.
# This output file may be truncated or incomplete.
#
#  Out of Memory Error (arena.cpp:168), pid=25568, tid=37032
#
# JRE version: OpenJDK Runtime Environment Temurin-21.0.10+7 (21.0.10+7) (build 21.0.10+7-LTS)
# Java VM: OpenJDK 64-Bit Server VM Temurin-21.0.10+7 (21.0.10+7-LTS, mixed mode, sharing, tiered, compressed oops, compressed class ptrs, parallel gc, windows-amd64)
# No core dump will be written. Minidumps are not enabled by default on client versions of Windows
#

---------------  S U M M A R Y ------------

Command Line: --add-modules=ALL-SYSTEM --add-opens=java.base/java.util=ALL-UNNAMED --add-opens=java.base/java.lang=ALL-UNNAMED --add-opens=java.base/sun.nio.fs=ALL-UNNAMED -Declipse.application=org.eclipse.jdt.ls.core.id1 -Dosgi.bundles.defaultStartLevel=4 -Declipse.product=org.eclipse.jdt.ls.core.product -Djava.import.generatesMetadataFilesAtProjectRoot=false -DDetectVMInstallationsJob.disabled=true -Dfile.encoding=utf8 -XX:+UseParallelGC -XX:GCTimeRatio=4 -XX:AdaptiveSizePolicyWeight=90 -Dsun.zip.disableMemoryMapping=true -Xmx2G -Xms100m -Xlog:disable -javaagent:c:\Users\26738\.vscode\extensions\redhat.java-1.54.0-win32-x64\lombok\lombok-1.18.39-4050.jar -XX:+HeapDumpOnOutOfMemoryError -XX:HeapDumpPath=c:\Users\26738\AppData\Roaming\Code\User\workspaceStorage\aa6ddfe8fe14924d1cf1a656ad6f9cfc\redhat.java -Daether.dependencyCollector.impl=bf c:\Users\26738\.vscode\extensions\redhat.java-1.54.0-win32-x64\server\plugins\org.eclipse.equinox.launcher_1.7.100.v20251111-0406.jar -configuration c:\Users\26738\AppData\Roaming\Code\User\globalStorage\redhat.java\1.54.0\config_win -data c:\Users\26738\AppData\Roaming\Code\User\workspaceStorage\aa6ddfe8fe14924d1cf1a656ad6f9cfc\redhat.java\jdt_ws --pipe=\\.\pipe\lsp-60b0a2fddf22b775d155644abc838b51-sock

Host: 13th Gen Intel(R) Core(TM) i7-13650HX, 20 cores, 15G,  Windows 11 , 64 bit Build 26100 (10.0.26100.8246)
Time: Sun May 17 00:24:45 2026 elapsed time: 44.947737 seconds (0d 0h 0m 44s)

---------------  T H R E A D  ---------------

Current thread (0x000001fac68e59a0):  JavaThread "C2 CompilerThread1" daemon [_thread_in_native, id=37032, stack(0x0000000960b00000,0x0000000960c00000) (1024K)]


Current CompileTask:
C2:44947 11090   !   4       org.apache.maven.model.building.DefaultModelBuilder::importDependencyManagement (1104 bytes)

Stack: [0x0000000960b00000,0x0000000960c00000]
Native frames: (J=compiled Java code, j=interpreted, Vv=VM code, C=native code)
V  [jvm.dll+0x6d7a39]
V  [jvm.dll+0x8b4b26]
V  [jvm.dll+0x8b70de]
V  [jvm.dll+0x8b77c3]
V  [jvm.dll+0x284346]
V  [jvm.dll+0xc66ed]
V  [jvm.dll+0xc6c31]
V  [jvm.dll+0x3bec3b]
V  [jvm.dll+0x1e3f69]
V  [jvm.dll+0x24c6b3]
V  [jvm.dll+0x24bb40]
V  [jvm.dll+0x1cb34e]
V  [jvm.dll+0x25b85d]
V  [jvm.dll+0x259dea]
V  [jvm.dll+0x3f857e]
V  [jvm.dll+0x85f59d]
V  [jvm.dll+0x6d626d]
C  [ucrtbase.dll+0x37b0]
C  [KERNEL32.DLL+0x2e8d7]
C  [ntdll.dll+0x8c3fc]


---------------  P R O C E S S  ---------------

Threads class SMR info:
_java_thread_list=0x000001faff2de5d0, length=68, elements={
0x000001fae1260f00, 0x000001fae11fb200, 0x000001fae11fc020, 0x000001faf903a4b0,
0x000001faf903b370, 0x000001faf903e990, 0x000001faf903f8d0, 0x000001faf9046b90,
0x000001faf906a970, 0x000001faf92b7de0, 0x000001faff0ae230, 0x000001faff7fe2f0,
0x000001faf911f660, 0x000001faff6cc600, 0x000001faff7fb020, 0x000001fac1cced30,
0x000001faff13d2b0, 0x000001fac17d0bf0, 0x000001fac19e6ac0, 0x000001faff544d70,
0x000001faff544050, 0x000001faff5446e0, 0x000001faff545400, 0x000001faff5467b0,
0x000001faff546e40, 0x000001fac3839700, 0x000001fac3839070, 0x000001fac3837630,
0x000001fac3839d90, 0x000001fac3836910, 0x000001fac383a420, 0x000001fac3836fa0,
0x000001fac383aab0, 0x000001fac383b140, 0x000001fac3838350, 0x000001fac3837cc0,
0x000001fac383be60, 0x000001fac383b7d0, 0x000001fac38389e0, 0x000001fac383d210,
0x000001fac383d8a0, 0x000001fac383c4f0, 0x000001fac383cb80, 0x000001fac383df30,
0x000001fac298bcb0, 0x000001fac298c340, 0x000001fac2988ec0, 0x000001fac298af90,
0x000001fac298c9d0, 0x000001fac2989550, 0x000001fac298a900, 0x000001fac2989be0,
0x000001fac298b620, 0x000001fac298d060, 0x000001fac298d6f0, 0x000001fac298a270,
0x000001fac298fe50, 0x000001fac298dd80, 0x000001fac29904e0, 0x000001fac298e410,
0x000001fac298eaa0, 0x000001fac298f7c0, 0x000001fac298f130, 0x000001fac39b3a90,
0x000001fac39b0610, 0x000001fac39b0ca0, 0x000001fac68e59a0, 0x000001fac68e6070
}

Java Threads: ( => current thread )
  0x000001fae1260f00 JavaThread "main"                              [_thread_blocked, id=17688, stack(0x000000095eb00000,0x000000095ec00000) (1024K)]
  0x000001fae11fb200 JavaThread "Reference Handler"          daemon [_thread_blocked, id=38868, stack(0x000000095ef00000,0x000000095f000000) (1024K)]
  0x000001fae11fc020 JavaThread "Finalizer"                  daemon [_thread_blocked, id=26484, stack(0x000000095f000000,0x000000095f100000) (1024K)]
  0x000001faf903a4b0 JavaThread "Signal Dispatcher"          daemon [_thread_blocked, id=19948, stack(0x000000095f100000,0x000000095f200000) (1024K)]
  0x000001faf903b370 JavaThread "Attach Listener"            daemon [_thread_blocked, id=12784, stack(0x000000095f200000,0x000000095f300000) (1024K)]
  0x000001faf903e990 JavaThread "Service Thread"             daemon [_thread_blocked, id=14324, stack(0x000000095f300000,0x000000095f400000) (1024K)]
  0x000001faf903f8d0 JavaThread "Monitor Deflation Thread"   daemon [_thread_blocked, id=23864, stack(0x000000095f400000,0x000000095f500000) (1024K)]
  0x000001faf9046b90 JavaThread "C2 CompilerThread0"         daemon [_thread_in_native, id=22376, stack(0x000000095f500000,0x000000095f600000) (1024K)]
  0x000001faf906a970 JavaThread "C1 CompilerThread0"         daemon [_thread_blocked, id=29520, stack(0x000000095f600000,0x000000095f700000) (1024K)]
  0x000001faf92b7de0 JavaThread "Common-Cleaner"             daemon [_thread_blocked, id=16576, stack(0x000000095fa00000,0x000000095fb00000) (1024K)]
  0x000001faff0ae230 JavaThread "Notification Thread"        daemon [_thread_blocked, id=38468, stack(0x000000095fc00000,0x000000095fd00000) (1024K)]
  0x000001faff7fe2f0 JavaThread "Active Thread: Equinox Container: 0af1e133-2bab-470d-8d63-ee6bc71192b5"        [_thread_blocked, id=15580, stack(0x0000000960300000,0x0000000960400000) (1024K)]
  0x000001faf911f660 JavaThread "Refresh Thread: Equinox Container: 0af1e133-2bab-470d-8d63-ee6bc71192b5" daemon [_thread_blocked, id=31696, stack(0x000000095f700000,0x000000095f800000) (1024K)]
  0x000001faff6cc600 JavaThread "Framework Event Dispatcher: Equinox Container: 0af1e133-2bab-470d-8d63-ee6bc71192b5" daemon [_thread_blocked, id=31076, stack(0x000000095f800000,0x000000095f900000) (1024K)]
  0x000001faff7fb020 JavaThread "Start Level: Equinox Container: 0af1e133-2bab-470d-8d63-ee6bc71192b5" daemon [_thread_blocked, id=26504, stack(0x000000095f900000,0x000000095fa00000) (1024K)]
  0x000001fac1cced30 JavaThread "Bundle File Closer"         daemon [_thread_blocked, id=19964, stack(0x0000000960a00000,0x0000000960b00000) (1024K)]
  0x000001faff13d2b0 JavaThread "C1 CompilerThread1"         daemon [_thread_blocked, id=32060, stack(0x0000000960700000,0x0000000960800000) (1024K)]
  0x000001fac17d0bf0 JavaThread "SCR Component Actor"        daemon [_thread_blocked, id=37164, stack(0x0000000960800000,0x0000000960900000) (1024K)]
  0x000001fac19e6ac0 JavaThread "Worker-JM"                         [_thread_blocked, id=37412, stack(0x0000000960d00000,0x0000000960e00000) (1024K)]
  0x000001faff544d70 JavaThread "JNA Cleaner"                daemon [_thread_blocked, id=29392, stack(0x0000000960900000,0x0000000960a00000) (1024K)]
  0x000001faff544050 JavaThread "Worker-0"                          [_thread_blocked, id=37300, stack(0x0000000960c00000,0x0000000960d00000) (1024K)]
  0x000001faff5446e0 JavaThread "Worker-1: Building"                [_thread_in_native, id=29968, stack(0x0000000961300000,0x0000000961400000) (1024K)]
  0x000001faff545400 JavaThread "Worker-2"                          [_thread_blocked, id=24880, stack(0x0000000961800000,0x0000000961900000) (1024K)]
  0x000001faff5467b0 JavaThread "Java indexing"              daemon [_thread_blocked, id=28312, stack(0x0000000961900000,0x0000000961a00000) (1024K)]
  0x000001faff546e40 JavaThread "Worker-3"                          [_thread_blocked, id=2740, stack(0x0000000961c00000,0x0000000961d00000) (1024K)]
  0x000001fac3839700 JavaThread "Thread-1"                   daemon [_thread_in_native, id=28632, stack(0x0000000961d00000,0x0000000961e00000) (1024K)]
  0x000001fac3839070 JavaThread "Thread-2"                   daemon [_thread_in_native, id=37540, stack(0x0000000961e00000,0x0000000961f00000) (1024K)]
  0x000001fac3837630 JavaThread "Thread-3"                   daemon [_thread_in_native, id=15692, stack(0x0000000961f00000,0x0000000962000000) (1024K)]
  0x000001fac3839d90 JavaThread "Thread-4"                   daemon [_thread_in_native, id=21448, stack(0x0000000962000000,0x0000000962100000) (1024K)]
  0x000001fac3836910 JavaThread "Thread-5"                   daemon [_thread_in_native, id=24948, stack(0x0000000962100000,0x0000000962200000) (1024K)]
  0x000001fac383a420 JavaThread "Thread-6"                   daemon [_thread_in_native, id=18792, stack(0x0000000962200000,0x0000000962300000) (1024K)]
  0x000001fac3836fa0 JavaThread "Thread-7"                   daemon [_thread_in_native, id=18992, stack(0x0000000962300000,0x0000000962400000) (1024K)]
  0x000001fac383aab0 JavaThread "Thread-8"                   daemon [_thread_in_native, id=37700, stack(0x0000000962400000,0x0000000962500000) (1024K)]
  0x000001fac383b140 JavaThread "Thread-9"                   daemon [_thread_in_native, id=15752, stack(0x0000000962500000,0x0000000962600000) (1024K)]
  0x000001fac3838350 JavaThread "Thread-10"                  daemon [_thread_in_native, id=32204, stack(0x0000000962600000,0x0000000962700000) (1024K)]
  0x000001fac3837cc0 JavaThread "Thread-11"                  daemon [_thread_in_native, id=37640, stack(0x0000000962700000,0x0000000962800000) (1024K)]
  0x000001fac383be60 JavaThread "Thread-12"                  daemon [_thread_in_native, id=34264, stack(0x0000000962800000,0x0000000962900000) (1024K)]
  0x000001fac383b7d0 JavaThread "Thread-13"                  daemon [_thread_in_native, id=1252, stack(0x0000000962900000,0x0000000962a00000) (1024K)]
  0x000001fac38389e0 JavaThread "Thread-14"                  daemon [_thread_in_native, id=38628, stack(0x0000000962a00000,0x0000000962b00000) (1024K)]
  0x000001fac383d210 JavaThread "Thread-15"                  daemon [_thread_in_native, id=14544, stack(0x0000000962b00000,0x0000000962c00000) (1024K)]
  0x000001fac383d8a0 JavaThread "Thread-16"                  daemon [_thread_in_native, id=36868, stack(0x0000000962c00000,0x0000000962d00000) (1024K)]
  0x000001fac383c4f0 JavaThread "Thread-17"                  daemon [_thread_in_native, id=21652, stack(0x0000000962d00000,0x0000000962e00000) (1024K)]
  0x000001fac383cb80 JavaThread "Thread-18"                  daemon [_thread_in_native, id=38852, stack(0x0000000962e00000,0x0000000962f00000) (1024K)]
  0x000001fac383df30 JavaThread "Thread-19"                  daemon [_thread_in_native, id=38216, stack(0x0000000962f00000,0x0000000963000000) (1024K)]
  0x000001fac298bcb0 JavaThread "Thread-20"                  daemon [_thread_in_native, id=34136, stack(0x0000000963000000,0x0000000963100000) (1024K)]
  0x000001fac298c340 JavaThread "Thread-21"                  daemon [_thread_in_native, id=16540, stack(0x0000000963100000,0x0000000963200000) (1024K)]
  0x000001fac2988ec0 JavaThread "Worker-4"                          [_thread_blocked, id=20312, stack(0x0000000963200000,0x0000000963300000) (1024K)]
  0x000001fac298af90 JavaThread "pool-2-thread-1"                   [_thread_blocked, id=7516, stack(0x0000000963300000,0x0000000963400000) (1024K)]
  0x000001fac298c9d0 JavaThread "ForkJoinPool.commonPool-worker-1" daemon [_thread_blocked, id=7364, stack(0x0000000963400000,0x0000000963500000) (1024K)]
  0x000001fac2989550 JavaThread "ForkJoinPool.commonPool-worker-2" daemon [_thread_blocked, id=37416, stack(0x0000000963500000,0x0000000963600000) (1024K)]
  0x000001fac298a900 JavaThread "ForkJoinPool.commonPool-worker-3" daemon [_thread_blocked, id=35588, stack(0x0000000963600000,0x0000000963700000) (1024K)]
  0x000001fac2989be0 JavaThread "ForkJoinPool.commonPool-worker-4" daemon [_thread_blocked, id=7360, stack(0x0000000963700000,0x0000000963800000) (1024K)]
  0x000001fac298b620 JavaThread "ForkJoinPool.commonPool-worker-5" daemon [_thread_blocked, id=14708, stack(0x0000000963800000,0x0000000963900000) (1024K)]
  0x000001fac298d060 JavaThread "ForkJoinPool.commonPool-worker-6" daemon [_thread_blocked, id=6940, stack(0x0000000963900000,0x0000000963a00000) (1024K)]
  0x000001fac298d6f0 JavaThread "ForkJoinPool.commonPool-worker-7" daemon [_thread_blocked, id=7788, stack(0x0000000963a00000,0x0000000963b00000) (1024K)]
  0x000001fac298a270 JavaThread "ForkJoinPool.commonPool-worker-8" daemon [_thread_blocked, id=10588, stack(0x0000000963b00000,0x0000000963c00000) (1024K)]
  0x000001fac298fe50 JavaThread "ForkJoinPool.commonPool-worker-9" daemon [_thread_blocked, id=15452, stack(0x0000000963c00000,0x0000000963d00000) (1024K)]
  0x000001fac298dd80 JavaThread "ForkJoinPool.commonPool-worker-10" daemon [_thread_blocked, id=25476, stack(0x0000000963d00000,0x0000000963e00000) (1024K)]
  0x000001fac29904e0 JavaThread "ForkJoinPool.commonPool-worker-11" daemon [_thread_blocked, id=20384, stack(0x0000000963e00000,0x0000000963f00000) (1024K)]
  0x000001fac298e410 JavaThread "ForkJoinPool.commonPool-worker-12" daemon [_thread_blocked, id=21488, stack(0x0000000963f00000,0x0000000964000000) (1024K)]
  0x000001fac298eaa0 JavaThread "ForkJoinPool.commonPool-worker-13" daemon [_thread_blocked, id=38108, stack(0x0000000964000000,0x0000000964100000) (1024K)]
  0x000001fac298f7c0 JavaThread "ForkJoinPool.commonPool-worker-14" daemon [_thread_blocked, id=14832, stack(0x0000000964100000,0x0000000964200000) (1024K)]
  0x000001fac298f130 JavaThread "ForkJoinPool.commonPool-worker-15" daemon [_thread_blocked, id=25124, stack(0x0000000964200000,0x0000000964300000) (1024K)]
  0x000001fac39b3a90 JavaThread "ForkJoinPool.commonPool-worker-16" daemon [_thread_blocked, id=6204, stack(0x0000000964300000,0x0000000964400000) (1024K)]
  0x000001fac39b0610 JavaThread "WorkspaceEventsHandler"            [_thread_blocked, id=32020, stack(0x0000000964400000,0x0000000964500000) (1024K)]
  0x000001fac39b0ca0 JavaThread "pool-1-thread-1"                   [_thread_blocked, id=38328, stack(0x0000000964500000,0x0000000964600000) (1024K)]
=>0x000001fac68e59a0 JavaThread "C2 CompilerThread1"         daemon [_thread_in_native, id=37032, stack(0x0000000960b00000,0x0000000960c00000) (1024K)]
  0x000001fac68e6070 JavaThread "C2 CompilerThread2"         daemon [_thread_in_native, id=38672, stack(0x0000000960e00000,0x0000000960f00000) (1024K)]
Total: 68

Other Threads:
  0x000001fae13068f0 VMThread "VM Thread"                           [id=16772, stack(0x000000095ee00000,0x000000095ef00000) (1024K)]
  0x000001fae10eba00 WatcherThread "VM Periodic Task Thread"        [id=18840, stack(0x000000095ed00000,0x000000095ee00000) (1024K)]
  0x000001fae127f290 WorkerThread "GC Thread#0"                     [id=37276, stack(0x000000095ec00000,0x000000095ed00000) (1024K)]
  0x000001fac1036990 WorkerThread "GC Thread#1"                     [id=30128, stack(0x000000095fd00000,0x000000095fe00000) (1024K)]
  0x000001fac100b3a0 WorkerThread "GC Thread#2"                     [id=31728, stack(0x000000095fe00000,0x000000095ff00000) (1024K)]
  0x000001fac100aff0 WorkerThread "GC Thread#3"                     [id=36312, stack(0x000000095ff00000,0x0000000960000000) (1024K)]
  0x000001fac100b750 WorkerThread "GC Thread#4"                     [id=26592, stack(0x0000000960000000,0x0000000960100000) (1024K)]
  0x000001fac100c610 WorkerThread "GC Thread#5"                     [id=36952, stack(0x0000000960100000,0x0000000960200000) (1024K)]
  0x000001fac100bb00 WorkerThread "GC Thread#6"                     [id=18472, stack(0x0000000960200000,0x0000000960300000) (1024K)]
  0x000001fac100c9c0 WorkerThread "GC Thread#7"                     [id=10820, stack(0x0000000960400000,0x0000000960500000) (1024K)]
  0x000001fac100c260 WorkerThread "GC Thread#8"                     [id=29328, stack(0x000000095fb00000,0x000000095fc00000) (1024K)]
  0x000001fac1594ab0 WorkerThread "GC Thread#9"                     [id=21940, stack(0x0000000960500000,0x0000000960600000) (1024K)]
  0x000001fac1593fa0 WorkerThread "GC Thread#10"                    [id=15288, stack(0x0000000960600000,0x0000000960700000) (1024K)]
  0x000001fac1594700 WorkerThread "GC Thread#11"                    [id=37368, stack(0x0000000960f00000,0x0000000961000000) (1024K)]
  0x000001fac1594350 WorkerThread "GC Thread#12"                    [id=7492, stack(0x0000000961000000,0x0000000961100000) (1024K)]
  0x000001fac1591710 WorkerThread "GC Thread#13"                    [id=19820, stack(0x0000000961100000,0x0000000961200000) (1024K)]
  0x000001fac1593bf0 WorkerThread "GC Thread#14"                    [id=38876, stack(0x0000000961400000,0x0000000961500000) (1024K)]
Total: 17

Threads with active compile tasks:
C2 CompilerThread0  44973 11190   !   4       org.eclipse.aether.internal.impl.DefaultArtifactResolver::resolve (1386 bytes)
C2 CompilerThread1  44973 11090   !   4       org.apache.maven.model.building.DefaultModelBuilder::importDependencyManagement (1104 bytes)
C2 CompilerThread2  44973 11187 %     4       org.apache.maven.repository.internal.ArtifactDescriptorReaderDelegate::populateResult @ 126 (426 bytes)
Total: 3

VM state: not at safepoint (normal execution)

VM Mutex/Monitor currently owned by a thread: None

Heap address: 0x0000000080000000, size: 2048 MB, Compressed Oops mode: 32-bit

CDS archive(s) mapped at: [0x000001fa80000000-0x000001fa80ba0000-0x000001fa80ba0000), size 12189696, SharedBaseAddress: 0x000001fa80000000, ArchiveRelocationMode: 1.
Compressed class space mapped at: 0x000001fa81000000-0x000001fac1000000, reserved size: 1073741824
Narrow klass base: 0x000001fa80000000, Narrow klass shift: 0, Narrow klass range: 0x100000000

GC Precious Log:
 CardTable entry size: 512
 CPUs: 20 total, 20 available
 Memory: 16068M
 Large Page Support: Disabled
 NUMA Support: Disabled
 Compressed Oops: Enabled (32-bit)
 Alignments: Space 512K, Generation 512K, Heap 2M
 Heap Min Capacity: 100M
 Heap Initial Capacity: 100M
 Heap Max Capacity: 2G
 Pre-touch: Disabled
 Parallel Workers: 15

Heap:
 PSYoungGen      total 20480K, used 16869K [0x00000000d5580000, 0x00000000d6f00000, 0x0000000100000000)
  eden space 18944K, 80% used [0x00000000d5580000,0x00000000d64795e0,0x00000000d6800000)
  from space 1536K, 100% used [0x00000000d6d00000,0x00000000d6e80000,0x00000000d6e80000)
  to   space 3584K, 0% used [0x00000000d6800000,0x00000000d6800000,0x00000000d6b80000)
 ParOldGen       total 110080K, used 109802K [0x0000000080000000, 0x0000000086b80000, 0x00000000d5580000)
  object space 110080K, 99% used [0x0000000080000000,0x0000000086b3aa40,0x0000000086b80000)
 Metaspace       used 52469K, committed 53888K, reserved 1114112K
  class space    used 5533K, committed 6144K, reserved 1048576K

Card table byte_map: [0x000001fae0c00000,0x000001fae1010000] _byte_map_base: 0x000001fae0800000

Marking Bits: (ParMarkBitMap*) 0x00007ffc353c3450
 Begin Bits: [0x000001faf3710000, 0x000001faf5710000)
 End Bits:   [0x000001faf5710000, 0x000001faf7710000)

Polling page: 0x000001fadee90000

Metaspace:

Usage:
  Non-class:     45.84 MB used.
      Class:      5.40 MB used.
       Both:     51.24 MB used.

Virtual space:
  Non-class space:       64.00 MB reserved,      46.62 MB ( 73%) committed,  1 nodes.
      Class space:        1.00 GB reserved,       6.00 MB ( <1%) committed,  1 nodes.
             Both:        1.06 GB reserved,      52.62 MB (  5%) committed. 

Chunk freelists:
   Non-Class:  536.00 KB
       Class:  10.07 MB
        Both:  10.59 MB

MaxMetaspaceSize: unlimited
CompressedClassSpaceSize: 1.00 GB
Initial GC threshold: 21.00 MB
Current GC threshold: 87.62 MB
CDS: on
 - commit_granule_bytes: 65536.
 - commit_granule_words: 8192.
 - virtual_space_node_default_size: 8388608.
 - enlarge_chunks_in_place: 1.
 - use_allocation_guard: 0.


Internal statistics:

num_allocs_failed_limit: 8.
num_arena_births: 1072.
num_arena_deaths: 22.
num_vsnodes_births: 2.
num_vsnodes_deaths: 0.
num_space_committed: 841.
num_space_uncommitted: 0.
num_chunks_returned_to_freelist: 34.
num_chunks_taken_from_freelist: 3515.
num_chunk_merges: 11.
num_chunk_splits: 2150.
num_chunks_enlarged: 1197.
num_inconsistent_stats: 0.

CodeHeap 'non-profiled nmethods': size=119168Kb used=7792Kb max_used=7792Kb free=111375Kb
 bounds [0x000001faec000000, 0x000001faec7b0000, 0x000001faf3460000]
CodeHeap 'profiled nmethods': size=119104Kb used=22580Kb max_used=23697Kb free=96523Kb
 bounds [0x000001fae4460000, 0x000001fae5b90000, 0x000001faeb8b0000]
CodeHeap 'non-nmethods': size=7488Kb used=1945Kb max_used=3142Kb free=5543Kb
 bounds [0x000001faeb8b0000, 0x000001faebc20000, 0x000001faec000000]
CodeCache: size=245760Kb, used=32317Kb, max_used=34631Kb, free=213441Kb
 total_blobs=10876, nmethods=10191, adapters=590, full_count=0
Compilation: enabled, stopped_count=0, restarted_count=0

Compilation events (20 events):
Event: 43.846 Thread 0x000001fac68e6070 11173       4       java.util.RegularEnumSet::size (8 bytes)
Event: 43.846 Thread 0x000001faf906a970 11174       3       java.lang.StringUTF16::trim (85 bytes)
Event: 43.846 Thread 0x000001fac68e6070 nmethod 11173 0x000001faec1dfd10 code [0x000001faec1dfea0, 0x000001faec1dff30]
Event: 43.846 Thread 0x000001faf906a970 nmethod 11174 0x000001fae4905b90 code [0x000001fae4905e60, 0x000001fae4906de0]
Event: 43.847 Thread 0x000001faf906a970 11175       3       java.util.concurrent.locks.AbstractQueuedSynchronizer$ConditionNode::isReleasable (23 bytes)
Event: 43.847 Thread 0x000001faf906a970 nmethod 11175 0x000001fae44cb590 code [0x000001fae44cb740, 0x000001fae44cb990]
Event: 43.855 Thread 0x000001faf9046b90 11176       4       java.util.stream.AbstractPipeline::sourceStageSpliterator (112 bytes)
Event: 43.856 Thread 0x000001faf9046b90 nmethod 11176 0x000001faec1f2890 code [0x000001faec1f2a20, 0x000001faec1f2b28]
Event: 43.856 Thread 0x000001faf9046b90 11177       4       org.apache.maven.model.merge.ModelMerger::mergeModelBase_Dependencies (26 bytes)
Event: 43.856 Thread 0x000001fac68e6070 11178       4       org.apache.maven.model.merge.ModelMerger::mergeModelBase (73 bytes)
Event: 43.864 Thread 0x000001faf9046b90 nmethod 11177 0x000001faec25e910 code [0x000001faec25eb60, 0x000001faec25f4f8]
Event: 43.864 Thread 0x000001faf9046b90 11179       4       org.apache.maven.model.merge.ModelMerger::mergeModelBase_DistributionManagement (49 bytes)
Event: 43.865 Thread 0x000001faff13d2b0 11181       3       org.apache.maven.model.Extension::<init> (5 bytes)
Event: 43.865 Thread 0x000001faf906a970 11182       1       org.apache.maven.model.Model::setCiManagement (6 bytes)
Event: 43.866 Thread 0x000001faf906a970 nmethod 11182 0x000001faec23a890 code [0x000001faec23aa20, 0x000001faec23ab08]
Event: 43.866 Thread 0x000001faff13d2b0 nmethod 11181 0x000001fae460d390 code [0x000001fae460d540, 0x000001fae460d6a8]
Event: 43.905 Thread 0x000001faff13d2b0 11193       1       org.apache.maven.model.Site::setName (6 bytes)
Event: 43.905 Thread 0x000001faff13d2b0 nmethod 11193 0x000001faec248b10 code [0x000001faec248ca0, 0x000001faec248d80]
Event: 43.905 Thread 0x000001faff13d2b0 11194       3       org.apache.maven.model.io.xpp3.MavenXpp3Reader::parseActivationProperty (192 bytes)
Event: 43.906 Thread 0x000001faff13d2b0 nmethod 11194 0x000001fae4d78d10 code [0x000001fae4d790a0, 0x000001fae4d7a418]

GC Heap History (20 events):
Event: 42.538 GC heap after
{Heap after GC invocations=87 (full 3):
 PSYoungGen      total 19968K, used 1920K [0x00000000d5580000, 0x00000000d6b00000, 0x0000000100000000)
  eden space 17920K, 0% used [0x00000000d5580000,0x00000000d5580000,0x00000000d6700000)
  from space 2048K, 93% used [0x00000000d6900000,0x00000000d6ae0000,0x00000000d6b00000)
  to   space 2048K, 0% used [0x00000000d6700000,0x00000000d6700000,0x00000000d6900000)
 ParOldGen       total 96256K, used 94612K [0x0000000080000000, 0x0000000085e00000, 0x00000000d5580000)
  object space 96256K, 98% used [0x0000000080000000,0x0000000085c652b0,0x0000000085e00000)
 Metaspace       used 52454K, committed 53824K, reserved 1114112K
  class space    used 5532K, committed 6144K, reserved 1048576K
}
Event: 42.569 GC heap before
{Heap before GC invocations=88 (full 3):
 PSYoungGen      total 19968K, used 19840K [0x00000000d5580000, 0x00000000d6b00000, 0x0000000100000000)
  eden space 17920K, 100% used [0x00000000d5580000,0x00000000d6700000,0x00000000d6700000)
  from space 2048K, 93% used [0x00000000d6900000,0x00000000d6ae0000,0x00000000d6b00000)
  to   space 2048K, 0% used [0x00000000d6700000,0x00000000d6700000,0x00000000d6900000)
 ParOldGen       total 96256K, used 94612K [0x0000000080000000, 0x0000000085e00000, 0x00000000d5580000)
  object space 96256K, 98% used [0x0000000080000000,0x0000000085c652b0,0x0000000085e00000)
 Metaspace       used 52456K, committed 53824K, reserved 1114112K
  class space    used 5532K, committed 6144K, reserved 1048576K
}
Event: 42.570 GC heap after
{Heap after GC invocations=88 (full 3):
 PSYoungGen      total 19968K, used 1440K [0x00000000d5580000, 0x00000000d6b00000, 0x0000000100000000)
  eden space 17920K, 0% used [0x00000000d5580000,0x00000000d5580000,0x00000000d6700000)
  from space 2048K, 70% used [0x00000000d6700000,0x00000000d6868000,0x00000000d6900000)
  to   space 2048K, 0% used [0x00000000d6900000,0x00000000d6900000,0x00000000d6b00000)
 ParOldGen       total 96256K, used 96156K [0x0000000080000000, 0x0000000085e00000, 0x00000000d5580000)
  object space 96256K, 99% used [0x0000000080000000,0x0000000085de72b0,0x0000000085e00000)
 Metaspace       used 52456K, committed 53824K, reserved 1114112K
  class space    used 5532K, committed 6144K, reserved 1048576K
}
Event: 42.606 GC heap before
{Heap before GC invocations=89 (full 3):
 PSYoungGen      total 19968K, used 19360K [0x00000000d5580000, 0x00000000d6b00000, 0x0000000100000000)
  eden space 17920K, 100% used [0x00000000d5580000,0x00000000d6700000,0x00000000d6700000)
  from space 2048K, 70% used [0x00000000d6700000,0x00000000d6868000,0x00000000d6900000)
  to   space 2048K, 0% used [0x00000000d6900000,0x00000000d6900000,0x00000000d6b00000)
 ParOldGen       total 96256K, used 96156K [0x0000000080000000, 0x0000000085e00000, 0x00000000d5580000)
  object space 96256K, 99% used [0x0000000080000000,0x0000000085de72b0,0x0000000085e00000)
 Metaspace       used 52456K, committed 53824K, reserved 1114112K
  class space    used 5532K, committed 6144K, reserved 1048576K
}
Event: 42.607 GC heap after
{Heap after GC invocations=89 (full 3):
 PSYoungGen      total 19968K, used 1856K [0x00000000d5580000, 0x00000000d6b00000, 0x0000000100000000)
  eden space 17920K, 0% used [0x00000000d5580000,0x00000000d5580000,0x00000000d6700000)
  from space 2048K, 90% used [0x00000000d6900000,0x00000000d6ad0000,0x00000000d6b00000)
  to   space 2048K, 0% used [0x00000000d6700000,0x00000000d6700000,0x00000000d6900000)
 ParOldGen       total 97792K, used 97388K [0x0000000080000000, 0x0000000085f80000, 0x00000000d5580000)
  object space 97792K, 99% used [0x0000000080000000,0x0000000085f1b2b0,0x0000000085f80000)
 Metaspace       used 52456K, committed 53824K, reserved 1114112K
  class space    used 5532K, committed 6144K, reserved 1048576K
}
Event: 42.685 GC heap before
{Heap before GC invocations=90 (full 3):
 PSYoungGen      total 19968K, used 19776K [0x00000000d5580000, 0x00000000d6b00000, 0x0000000100000000)
  eden space 17920K, 100% used [0x00000000d5580000,0x00000000d6700000,0x00000000d6700000)
  from space 2048K, 90% used [0x00000000d6900000,0x00000000d6ad0000,0x00000000d6b00000)
  to   space 2048K, 0% used [0x00000000d6700000,0x00000000d6700000,0x00000000d6900000)
 ParOldGen       total 97792K, used 97388K [0x0000000080000000, 0x0000000085f80000, 0x00000000d5580000)
  object space 97792K, 99% used [0x0000000080000000,0x0000000085f1b2b0,0x0000000085f80000)
 Metaspace       used 52464K, committed 53824K, reserved 1114112K
  class space    used 5532K, committed 6144K, reserved 1048576K
}
Event: 42.687 GC heap after
{Heap after GC invocations=90 (full 3):
 PSYoungGen      total 19968K, used 2048K [0x00000000d5580000, 0x00000000d6e00000, 0x0000000100000000)
  eden space 17920K, 0% used [0x00000000d5580000,0x00000000d5580000,0x00000000d6700000)
  from space 2048K, 100% used [0x00000000d6700000,0x00000000d6900000,0x00000000d6900000)
  to   space 3584K, 0% used [0x00000000d6a80000,0x00000000d6a80000,0x00000000d6e00000)
 ParOldGen       total 98816K, used 98508K [0x0000000080000000, 0x0000000086080000, 0x00000000d5580000)
  object space 98816K, 99% used [0x0000000080000000,0x00000000860332b0,0x0000000086080000)
 Metaspace       used 52464K, committed 53824K, reserved 1114112K
  class space    used 5532K, committed 6144K, reserved 1048576K
}
Event: 42.714 GC heap before
{Heap before GC invocations=91 (full 3):
 PSYoungGen      total 19968K, used 19968K [0x00000000d5580000, 0x00000000d6e00000, 0x0000000100000000)
  eden space 17920K, 100% used [0x00000000d5580000,0x00000000d6700000,0x00000000d6700000)
  from space 2048K, 100% used [0x00000000d6700000,0x00000000d6900000,0x00000000d6900000)
  to   space 3584K, 0% used [0x00000000d6a80000,0x00000000d6a80000,0x00000000d6e00000)
 ParOldGen       total 98816K, used 98508K [0x0000000080000000, 0x0000000086080000, 0x00000000d5580000)
  object space 98816K, 99% used [0x0000000080000000,0x00000000860332b0,0x0000000086080000)
 Metaspace       used 52464K, committed 53824K, reserved 1114112K
  class space    used 5532K, committed 6144K, reserved 1048576K
}
Event: 43.727 GC heap after
{Heap after GC invocations=91 (full 3):
 PSYoungGen      total 22528K, used 1632K [0x00000000d5580000, 0x00000000d6f80000, 0x0000000100000000)
  eden space 18944K, 0% used [0x00000000d5580000,0x00000000d5580000,0x00000000d6800000)
  from space 3584K, 45% used [0x00000000d6a80000,0x00000000d6c18000,0x00000000d6e00000)
  to   space 2560K, 0% used [0x00000000d6800000,0x00000000d6800000,0x00000000d6a80000)
 ParOldGen       total 100864K, used 100368K [0x0000000080000000, 0x0000000086280000, 0x00000000d5580000)
  object space 100864K, 99% used [0x0000000080000000,0x00000000862042c0,0x0000000086280000)
 Metaspace       used 52464K, committed 53824K, reserved 1114112K
  class space    used 5532K, committed 6144K, reserved 1048576K
}
Event: 43.775 GC heap before
{Heap before GC invocations=92 (full 3):
 PSYoungGen      total 22528K, used 20576K [0x00000000d5580000, 0x00000000d6f80000, 0x0000000100000000)
  eden space 18944K, 100% used [0x00000000d5580000,0x00000000d6800000,0x00000000d6800000)
  from space 3584K, 45% used [0x00000000d6a80000,0x00000000d6c18000,0x00000000d6e00000)
  to   space 2560K, 0% used [0x00000000d6800000,0x00000000d6800000,0x00000000d6a80000)
 ParOldGen       total 100864K, used 100368K [0x0000000080000000, 0x0000000086280000, 0x00000000d5580000)
  object space 100864K, 99% used [0x0000000080000000,0x00000000862042c0,0x0000000086280000)
 Metaspace       used 52465K, committed 53824K, reserved 1114112K
  class space    used 5532K, committed 6144K, reserved 1048576K
}
Event: 43.777 GC heap after
{Heap after GC invocations=92 (full 3):
 PSYoungGen      total 21504K, used 2176K [0x00000000d5580000, 0x00000000d7100000, 0x0000000100000000)
  eden space 18944K, 0% used [0x00000000d5580000,0x00000000d5580000,0x00000000d6800000)
  from space 2560K, 85% used [0x00000000d6800000,0x00000000d6a20000,0x00000000d6a80000)
  to   space 2560K, 0% used [0x00000000d6e80000,0x00000000d6e80000,0x00000000d7100000)
 ParOldGen       total 101888K, used 101718K [0x0000000080000000, 0x0000000086380000, 0x00000000d5580000)
  object space 101888K, 99% used [0x0000000080000000,0x0000000086355b00,0x0000000086380000)
 Metaspace       used 52465K, committed 53824K, reserved 1114112K
  class space    used 5532K, committed 6144K, reserved 1048576K
}
Event: 43.822 GC heap before
{Heap before GC invocations=93 (full 3):
 PSYoungGen      total 21504K, used 21120K [0x00000000d5580000, 0x00000000d7100000, 0x0000000100000000)
  eden space 18944K, 100% used [0x00000000d5580000,0x00000000d6800000,0x00000000d6800000)
  from space 2560K, 85% used [0x00000000d6800000,0x00000000d6a20000,0x00000000d6a80000)
  to   space 2560K, 0% used [0x00000000d6e80000,0x00000000d6e80000,0x00000000d7100000)
 ParOldGen       total 101888K, used 101718K [0x0000000080000000, 0x0000000086380000, 0x00000000d5580000)
  object space 101888K, 99% used [0x0000000080000000,0x0000000086355b00,0x0000000086380000)
 Metaspace       used 52468K, committed 53824K, reserved 1114112K
  class space    used 5533K, committed 6144K, reserved 1048576K
}
Event: 43.823 GC heap after
{Heap after GC invocations=93 (full 3):
 PSYoungGen      total 20480K, used 1376K [0x00000000d5580000, 0x00000000d7000000, 0x0000000100000000)
  eden space 18944K, 0% used [0x00000000d5580000,0x00000000d5580000,0x00000000d6800000)
  from space 1536K, 89% used [0x00000000d6e80000,0x00000000d6fd8000,0x00000000d7000000)
  to   space 2048K, 0% used [0x00000000d6c00000,0x00000000d6c00000,0x00000000d6e00000)
 ParOldGen       total 103424K, used 103402K [0x0000000080000000, 0x0000000086500000, 0x00000000d5580000)
  object space 103424K, 99% used [0x0000000080000000,0x00000000864fab10,0x0000000086500000)
 Metaspace       used 52468K, committed 53824K, reserved 1114112K
  class space    used 5533K, committed 6144K, reserved 1048576K
}
Event: 43.848 GC heap before
{Heap before GC invocations=94 (full 3):
 PSYoungGen      total 20480K, used 20320K [0x00000000d5580000, 0x00000000d7000000, 0x0000000100000000)
  eden space 18944K, 100% used [0x00000000d5580000,0x00000000d6800000,0x00000000d6800000)
  from space 1536K, 89% used [0x00000000d6e80000,0x00000000d6fd8000,0x00000000d7000000)
  to   space 2048K, 0% used [0x00000000d6c00000,0x00000000d6c00000,0x00000000d6e00000)
 ParOldGen       total 103424K, used 103402K [0x0000000080000000, 0x0000000086500000, 0x00000000d5580000)
  object space 103424K, 99% used [0x0000000080000000,0x00000000864fab10,0x0000000086500000)
 Metaspace       used 52468K, committed 53824K, reserved 1114112K
  class space    used 5533K, committed 6144K, reserved 1048576K
}
Event: 43.849 GC heap after
{Heap after GC invocations=94 (full 3):
 PSYoungGen      total 20992K, used 2032K [0x00000000d5580000, 0x00000000d7000000, 0x0000000100000000)
  eden space 18944K, 0% used [0x00000000d5580000,0x00000000d5580000,0x00000000d6800000)
  from space 2048K, 99% used [0x00000000d6c00000,0x00000000d6dfc010,0x00000000d6e00000)
  to   space 2048K, 0% used [0x00000000d6e00000,0x00000000d6e00000,0x00000000d7000000)
 ParOldGen       total 104960K, used 104794K [0x0000000080000000, 0x0000000086680000, 0x00000000d5580000)
  object space 104960K, 99% used [0x0000000080000000,0x0000000086656b10,0x0000000086680000)
 Metaspace       used 52468K, committed 53824K, reserved 1114112K
  class space    used 5533K, committed 6144K, reserved 1048576K
}
Event: 43.869 GC heap before
{Heap before GC invocations=95 (full 3):
 PSYoungGen      total 20992K, used 20976K [0x00000000d5580000, 0x00000000d7000000, 0x0000000100000000)
  eden space 18944K, 100% used [0x00000000d5580000,0x00000000d6800000,0x00000000d6800000)
  from space 2048K, 99% used [0x00000000d6c00000,0x00000000d6dfc010,0x00000000d6e00000)
  to   space 2048K, 0% used [0x00000000d6e00000,0x00000000d6e00000,0x00000000d7000000)
 ParOldGen       total 104960K, used 104794K [0x0000000080000000, 0x0000000086680000, 0x00000000d5580000)
  object space 104960K, 99% used [0x0000000080000000,0x0000000086656b10,0x0000000086680000)
 Metaspace       used 52469K, committed 53824K, reserved 1114112K
  class space    used 5533K, committed 6144K, reserved 1048576K
}
Event: 43.870 GC heap after
{Heap after GC invocations=95 (full 3):
 PSYoungGen      total 20992K, used 1856K [0x00000000d5580000, 0x00000000d7000000, 0x0000000100000000)
  eden space 18944K, 0% used [0x00000000d5580000,0x00000000d5580000,0x00000000d6800000)
  from space 2048K, 90% used [0x00000000d6e00000,0x00000000d6fd0000,0x00000000d7000000)
  to   space 2560K, 0% used [0x00000000d6b00000,0x00000000d6b00000,0x00000000d6d80000)
 ParOldGen       total 107008K, used 106814K [0x0000000080000000, 0x0000000086880000, 0x00000000d5580000)
  object space 107008K, 99% used [0x0000000080000000,0x000000008684f870,0x0000000086880000)
 Metaspace       used 52469K, committed 53824K, reserved 1114112K
  class space    used 5533K, committed 6144K, reserved 1048576K
}
Event: 43.889 GC heap before
{Heap before GC invocations=96 (full 3):
 PSYoungGen      total 20992K, used 20800K [0x00000000d5580000, 0x00000000d7000000, 0x0000000100000000)
  eden space 18944K, 100% used [0x00000000d5580000,0x00000000d6800000,0x00000000d6800000)
  from space 2048K, 90% used [0x00000000d6e00000,0x00000000d6fd0000,0x00000000d7000000)
  to   space 2560K, 0% used [0x00000000d6b00000,0x00000000d6b00000,0x00000000d6d80000)
 ParOldGen       total 107008K, used 106814K [0x0000000080000000, 0x0000000086880000, 0x00000000d5580000)
  object space 107008K, 99% used [0x0000000080000000,0x000000008684f870,0x0000000086880000)
 Metaspace       used 52469K, committed 53824K, reserved 1114112K
  class space    used 5533K, committed 6144K, reserved 1048576K
}
Event: 43.890 GC heap after
{Heap after GC invocations=96 (full 3):
 PSYoungGen      total 20992K, used 1664K [0x00000000d5580000, 0x00000000d6e80000, 0x0000000100000000)
  eden space 18944K, 0% used [0x00000000d5580000,0x00000000d5580000,0x00000000d6800000)
  from space 2048K, 81% used [0x00000000d6b00000,0x00000000d6ca0000,0x00000000d6d00000)
  to   space 1536K, 0% used [0x00000000d6d00000,0x00000000d6d00000,0x00000000d6e80000)
 ParOldGen       total 108544K, used 108342K [0x0000000080000000, 0x0000000086a00000, 0x00000000d5580000)
  object space 108544K, 99% used [0x0000000080000000,0x00000000869cd870,0x0000000086a00000)
 Metaspace       used 52469K, committed 53824K, reserved 1114112K
  class space    used 5533K, committed 6144K, reserved 1048576K
}
Event: 43.909 GC heap before
{Heap before GC invocations=97 (full 3):
 PSYoungGen      total 20992K, used 20608K [0x00000000d5580000, 0x00000000d6e80000, 0x0000000100000000)
  eden space 18944K, 100% used [0x00000000d5580000,0x00000000d6800000,0x00000000d6800000)
  from space 2048K, 81% used [0x00000000d6b00000,0x00000000d6ca0000,0x00000000d6d00000)
  to   space 1536K, 0% used [0x00000000d6d00000,0x00000000d6d00000,0x00000000d6e80000)
 ParOldGen       total 108544K, used 108342K [0x0000000080000000, 0x0000000086a00000, 0x00000000d5580000)
  object space 108544K, 99% used [0x0000000080000000,0x00000000869cd870,0x0000000086a00000)
 Metaspace       used 52469K, committed 53824K, reserved 1114112K
  class space    used 5533K, committed 6144K, reserved 1048576K
}

Dll operation events (10 events):
Event: 0.062 Loaded shared library c:\Users\26738\.vscode\extensions\redhat.java-1.54.0-win32-x64\jre\21.0.10-win32-x86_64\bin\java.dll
Event: 0.082 Loaded shared library c:\Users\26738\.vscode\extensions\redhat.java-1.54.0-win32-x64\jre\21.0.10-win32-x86_64\bin\zip.dll
Event: 0.116 Loaded shared library C:\Users\26738\.vscode\extensions\redhat.java-1.54.0-win32-x64\jre\21.0.10-win32-x86_64\bin\instrument.dll
Event: 0.145 Loaded shared library C:\Users\26738\.vscode\extensions\redhat.java-1.54.0-win32-x64\jre\21.0.10-win32-x86_64\bin\net.dll
Event: 0.176 Loaded shared library C:\Users\26738\.vscode\extensions\redhat.java-1.54.0-win32-x64\jre\21.0.10-win32-x86_64\bin\nio.dll
Event: 0.177 Loaded shared library C:\Users\26738\.vscode\extensions\redhat.java-1.54.0-win32-x64\jre\21.0.10-win32-x86_64\bin\zip.dll
Event: 0.188 Loaded shared library C:\Users\26738\.vscode\extensions\redhat.java-1.54.0-win32-x64\jre\21.0.10-win32-x86_64\bin\jimage.dll
Event: 0.242 Loaded shared library c:\Users\26738\.vscode\extensions\redhat.java-1.54.0-win32-x64\jre\21.0.10-win32-x86_64\bin\verify.dll
Event: 12.374 Loaded shared library C:\Users\26738\AppData\Roaming\Code\User\globalStorage\redhat.java\1.54.0\config_win\org.eclipse.equinox.launcher\org.eclipse.equinox.launcher.win32.win32.x86_64_1.3.0.v20260203-2149\eclipse_11919.dll
Event: 27.846 Loaded shared library C:\Users\26738\AppData\Local\Temp\jna-47839256\jna4737545342468284611.dll

Deoptimization events (20 events):
Event: 32.811 Thread 0x000001faff5446e0 Uncommon trap: trap_request=0xffffffbe fr.pc=0x000001faec68f59c relative=0x0000000000005c3c
Event: 32.811 Thread 0x000001faff5446e0 Uncommon trap: reason=profile_predicate action=maybe_recompile pc=0x000001faec68f59c method=org.apache.maven.model.building.DefaultModelBuilder.importDependencyManagement(Lorg/apache/maven/model/Model;Lorg/apache/maven/model/building/ModelBuildingRequest;
Event: 32.811 Thread 0x000001faff5446e0 DEOPT PACKING pc=0x000001faec68f59c sp=0x00000009613fd5b0
Event: 32.811 Thread 0x000001faff5446e0 DEOPT UNPACKING pc=0x000001faeb903aa2 sp=0x00000009613fd5c0 mode 2
Event: 32.812 Thread 0x000001faff5446e0 Uncommon trap: trap_request=0xffffffbe fr.pc=0x000001faec68f59c relative=0x0000000000005c3c
Event: 32.812 Thread 0x000001faff5446e0 Uncommon trap: reason=profile_predicate action=maybe_recompile pc=0x000001faec68f59c method=org.apache.maven.model.building.DefaultModelBuilder.importDependencyManagement(Lorg/apache/maven/model/Model;Lorg/apache/maven/model/building/ModelBuildingRequest;
Event: 32.812 Thread 0x000001faff5446e0 DEOPT PACKING pc=0x000001faec68f59c sp=0x00000009613fd5b0
Event: 32.812 Thread 0x000001faff5446e0 DEOPT UNPACKING pc=0x000001faeb903aa2 sp=0x00000009613fd5c0 mode 2
Event: 33.853 Thread 0x000001faff5446e0 Uncommon trap: trap_request=0xffffffbe fr.pc=0x000001faec691b78 relative=0x0000000000008218
Event: 33.853 Thread 0x000001faff5446e0 Uncommon trap: reason=profile_predicate action=maybe_recompile pc=0x000001faec691b78 method=org.apache.maven.model.composition.DefaultDependencyManagementImporter.importManagement(Lorg/apache/maven/model/Model;Ljava/util/List;Lorg/apache/maven/model/build
Event: 33.853 Thread 0x000001faff5446e0 DEOPT PACKING pc=0x000001faec691b78 sp=0x00000009613fda30
Event: 33.853 Thread 0x000001faff5446e0 DEOPT UNPACKING pc=0x000001faeb903aa2 sp=0x00000009613fd988 mode 2
Event: 33.889 Thread 0x000001faff5446e0 DEOPT PACKING pc=0x000001fae5a1d6b9 sp=0x00000009613fccb0
Event: 33.889 Thread 0x000001faff5446e0 DEOPT UNPACKING pc=0x000001faeb904242 sp=0x00000009613fc1b0 mode 0
Event: 33.981 Thread 0x000001faff5446e0 DEOPT PACKING pc=0x000001fae5ac07d2 sp=0x00000009613fd730
Event: 33.981 Thread 0x000001faff5446e0 DEOPT UNPACKING pc=0x000001faeb904242 sp=0x00000009613fcbc0 mode 0
Event: 33.981 Thread 0x000001faff5446e0 DEOPT PACKING pc=0x000001fae5ac07d2 sp=0x00000009613fd730
Event: 33.981 Thread 0x000001faff5446e0 DEOPT UNPACKING pc=0x000001faeb904242 sp=0x00000009613fcbc0 mode 0
Event: 34.113 Thread 0x000001faff5446e0 DEOPT PACKING pc=0x000001fae558b5ee sp=0x00000009613fd260
Event: 34.113 Thread 0x000001faff5446e0 DEOPT UNPACKING pc=0x000001faeb904242 sp=0x00000009613fc6f0 mode 0

Classes loaded (20 events):
Event: 30.853 Loading class sun/util/resources/cldr/TimeZoneNames_en_US
Event: 30.853 Loading class sun/util/resources/cldr/TimeZoneNames_en_US done
Event: 30.854 Loading class sun/util/cldr/CLDRBaseLocaleDataMetaInfo$TZCanonicalIDMapHolder
Event: 30.854 Loading class sun/util/cldr/CLDRBaseLocaleDataMetaInfo$TZCanonicalIDMapHolder done
Event: 30.855 Loading class sun/util/resources/TimeZoneNames
Event: 30.856 Loading class sun/util/resources/TimeZoneNames done
Event: 30.857 Loading class sun/util/resources/TimeZoneNames_en
Event: 30.857 Loading class sun/util/resources/TimeZoneNames_en done
Event: 31.247 Loading class sun/nio/cs/ISO_8859_1$Decoder
Event: 31.247 Loading class sun/nio/cs/ISO_8859_1$Decoder done
Event: 31.828 Loading class java/nio/file/attribute/PosixFileAttributes
Event: 31.828 Loading class java/nio/file/attribute/PosixFileAttributes done
Event: 32.141 Loading class sun/nio/cs/US_ASCII$Decoder
Event: 32.141 Loading class sun/nio/cs/US_ASCII$Decoder done
Event: 32.271 Loading class java/nio/BufferMismatch
Event: 32.271 Loading class java/nio/BufferMismatch done
Event: 32.417 Loading class java/util/WeakHashMap$KeyIterator
Event: 32.417 Loading class java/util/WeakHashMap$KeyIterator done
Event: 33.987 Loading class java/lang/invoke/MethodHandleImpl$CountingWrapper$1
Event: 33.987 Loading class java/lang/invoke/MethodHandleImpl$CountingWrapper$1 done

Classes unloaded (11 events):
Event: 28.433 Thread 0x000001fae13068f0 Unloading class 0x000001fa811a8800 'java/lang/invoke/LambdaForm$MH+0x000001fa811a8800'
Event: 28.433 Thread 0x000001fae13068f0 Unloading class 0x000001fa811a8400 'java/lang/invoke/LambdaForm$MH+0x000001fa811a8400'
Event: 28.433 Thread 0x000001fae13068f0 Unloading class 0x000001fa811a8000 'java/lang/invoke/LambdaForm$MH+0x000001fa811a8000'
Event: 28.433 Thread 0x000001fae13068f0 Unloading class 0x000001fa811a7c00 'java/lang/invoke/LambdaForm$MH+0x000001fa811a7c00'
Event: 28.433 Thread 0x000001fae13068f0 Unloading class 0x000001fa811a7800 'java/lang/invoke/LambdaForm$BMH+0x000001fa811a7800'
Event: 28.433 Thread 0x000001fae13068f0 Unloading class 0x000001fa811a7400 'java/lang/invoke/LambdaForm$DMH+0x000001fa811a7400'
Event: 28.433 Thread 0x000001fae13068f0 Unloading class 0x000001fa811a6400 'java/lang/invoke/LambdaForm$DMH+0x000001fa811a6400'
Event: 42.383 Thread 0x000001fae13068f0 Unloading class 0x000001fa815b5000 'java/lang/invoke/LambdaForm$DMH+0x000001fa815b5000'
Event: 42.383 Thread 0x000001fae13068f0 Unloading class 0x000001fa815b4c00 'java/lang/invoke/LambdaForm$DMH+0x000001fa815b4c00'
Event: 42.383 Thread 0x000001fae13068f0 Unloading class 0x000001fa815b4800 'java/lang/invoke/LambdaForm$DMH+0x000001fa815b4800'
Event: 42.383 Thread 0x000001fae13068f0 Unloading class 0x000001fa815b4400 'java/lang/invoke/LambdaForm$DMH+0x000001fa815b4400'

Classes redefined (0 events):
No events

Internal exceptions (20 events):
Event: 31.157 Thread 0x000001fac357b3e0 Implicit null exception at 0x000001faec4f174b to 0x000001faec4f1b24
Event: 31.157 Thread 0x000001fac39b26e0 Implicit null exception at 0x000001faec4497f3 to 0x000001faec449c08
Event: 31.205 Thread 0x000001fac357c790 Implicit null exception at 0x000001faec510714 to 0x000001faec513094
Event: 31.334 Thread 0x000001faff5446e0 Exception <a 'java/lang/NoSuchMethodError'{0x00000000d6504470}: 'java.lang.Object java.lang.invoke.DirectMethodHandle$Holder.invokeStatic(java.lang.Object, java.lang.Object, int, java.lang.Object, java.lang.Object)'> (0x00000000d6504470) 
thrown [s\src\hotspot\share\interpreter\linkResolver.cpp, line 773]
Event: 31.334 Thread 0x000001faff5446e0 Exception <a 'java/lang/NoSuchMethodError'{0x00000000d650aa98}: 'java.lang.Object java.lang.invoke.DirectMethodHandle$Holder.newInvokeSpecial(java.lang.Object, java.lang.Object, int)'> (0x00000000d650aa98) 
thrown [s\src\hotspot\share\interpreter\linkResolver.cpp, line 773]
Event: 31.347 Thread 0x000001faff5446e0 Exception <a 'java/lang/NoSuchMethodError'{0x00000000d65bd5b8}: 'void java.lang.invoke.DirectMethodHandle$Holder.invokeStatic(java.lang.Object, int)'> (0x00000000d65bd5b8) 
thrown [s\src\hotspot\share\interpreter\linkResolver.cpp, line 773]
Event: 31.384 Thread 0x000001faff5446e0 Exception <a 'java/io/FileNotFoundException'{0x00000000d580bae0}> (0x00000000d580bae0) 
thrown [s\src\hotspot\share\prims\jni.cpp, line 520]
Event: 31.384 Thread 0x000001faff5446e0 Exception <a 'java/io/FileNotFoundException'{0x00000000d580d0a0}> (0x00000000d580d0a0) 
thrown [s\src\hotspot\share\prims\jni.cpp, line 520]
Event: 31.384 Thread 0x000001faff5446e0 Exception <a 'java/io/FileNotFoundException'{0x00000000d580e268}> (0x00000000d580e268) 
thrown [s\src\hotspot\share\prims\jni.cpp, line 520]
Event: 31.391 Thread 0x000001faff5446e0 Exception <a 'java/lang/NoSuchMethodError'{0x00000000d58a06c8}: 'int java.lang.invoke.DirectMethodHandle$Holder.invokeSpecialIFC(java.lang.Object, java.lang.Object, java.lang.Object, java.lang.Object)'> (0x00000000d58a06c8) 
thrown [s\src\hotspot\share\interpreter\linkResolver.cpp, line 773]
Event: 31.413 Thread 0x000001faff5446e0 Implicit null exception at 0x000001faec3d3b1f to 0x000001faec3d47c0
Event: 31.519 Thread 0x000001faff5446e0 Implicit null exception at 0x000001faec58a76d to 0x000001faec58b3a4
Event: 31.520 Thread 0x000001faff5446e0 Implicit null exception at 0x000001faec58a76d to 0x000001faec58b3a4
Event: 31.521 Thread 0x000001faff5446e0 Implicit null exception at 0x000001faec58a76d to 0x000001faec58b3a4
Event: 31.522 Thread 0x000001faff5446e0 Implicit null exception at 0x000001faec58a76d to 0x000001faec58b3a4
Event: 32.416 Thread 0x000001faff544050 Exception <a 'sun/nio/fs/WindowsException'{0x00000000d5d50a30}> (0x00000000d5d50a30) 
thrown [s\src\hotspot\share\prims\jni.cpp, line 520]
Event: 32.416 Thread 0x000001faff544050 Exception <a 'sun/nio/fs/WindowsException'{0x00000000d5d51290}> (0x00000000d5d51290) 
thrown [s\src\hotspot\share\prims\jni.cpp, line 520]
Event: 32.418 Thread 0x000001faff544050 Exception <a 'java/io/FileNotFoundException'{0x00000000d5d6d320}> (0x00000000d5d6d320) 
thrown [s\src\hotspot\share\prims\jni.cpp, line 520]
Event: 32.418 Thread 0x000001faff544050 Exception <a 'java/io/FileNotFoundException'{0x00000000d5d6e750}> (0x00000000d5d6e750) 
thrown [s\src\hotspot\share\prims\jni.cpp, line 520]
Event: 32.418 Thread 0x000001faff544050 Exception <a 'java/io/FileNotFoundException'{0x00000000d5d70358}> (0x00000000d5d70358) 
thrown [s\src\hotspot\share\prims\jni.cpp, line 520]

ZGC Phase Switch (0 events):
No events

VM Operations (20 events):
Event: 42.538 Executing safepoint VM operation: ParallelGCFailedAllocation (Allocation Failure) done
Event: 42.569 Executing safepoint VM operation: ParallelGCFailedAllocation (Allocation Failure)
Event: 42.570 Executing safepoint VM operation: ParallelGCFailedAllocation (Allocation Failure) done
Event: 42.606 Executing safepoint VM operation: ParallelGCFailedAllocation (Allocation Failure)
Event: 42.607 Executing safepoint VM operation: ParallelGCFailedAllocation (Allocation Failure) done
Event: 42.685 Executing safepoint VM operation: ParallelGCFailedAllocation (Allocation Failure)
Event: 42.687 Executing safepoint VM operation: ParallelGCFailedAllocation (Allocation Failure) done
Event: 42.714 Executing safepoint VM operation: ParallelGCFailedAllocation (Allocation Failure)
Event: 43.727 Executing safepoint VM operation: ParallelGCFailedAllocation (Allocation Failure) done
Event: 43.775 Executing safepoint VM operation: ParallelGCFailedAllocation (Allocation Failure)
Event: 43.777 Executing safepoint VM operation: ParallelGCFailedAllocation (Allocation Failure) done
Event: 43.822 Executing safepoint VM operation: ParallelGCFailedAllocation (Allocation Failure)
Event: 43.824 Executing safepoint VM operation: ParallelGCFailedAllocation (Allocation Failure) done
Event: 43.848 Executing safepoint VM operation: ParallelGCFailedAllocation (Allocation Failure)
Event: 43.849 Executing safepoint VM operation: ParallelGCFailedAllocation (Allocation Failure) done
Event: 43.869 Executing safepoint VM operation: ParallelGCFailedAllocation (Allocation Failure)
Event: 43.870 Executing safepoint VM operation: ParallelGCFailedAllocation (Allocation Failure) done
Event: 43.889 Executing safepoint VM operation: ParallelGCFailedAllocation (Allocation Failure)
Event: 43.890 Executing safepoint VM operation: ParallelGCFailedAllocation (Allocation Failure) done
Event: 43.909 Executing safepoint VM operation: ParallelGCFailedAllocation (Allocation Failure)

Memory protections (0 events):
No events

Nmethod flushes (20 events):
Event: 42.397 Thread 0x000001fae13068f0 flushing  nmethod 0x000001fae4f51f10
Event: 42.397 Thread 0x000001fae13068f0 flushing  nmethod 0x000001fae4f52790
Event: 42.397 Thread 0x000001fae13068f0 flushing  nmethod 0x000001fae4f60b90
Event: 42.397 Thread 0x000001fae13068f0 flushing  nmethod 0x000001fae4fa1010
Event: 42.397 Thread 0x000001fae13068f0 flushing  nmethod 0x000001fae4faef90
Event: 42.397 Thread 0x000001fae13068f0 flushing  nmethod 0x000001fae4fcb410
Event: 42.397 Thread 0x000001fae13068f0 flushing  nmethod 0x000001fae4fd1f10
Event: 42.397 Thread 0x000001fae13068f0 flushing  nmethod 0x000001fae4fd3390
Event: 42.397 Thread 0x000001fae13068f0 flushing osr nmethod 0x000001fae4fde290
Event: 42.397 Thread 0x000001fae13068f0 flushing osr nmethod 0x000001fae4fe0b90
Event: 42.397 Thread 0x000001fae13068f0 flushing  nmethod 0x000001fae4fefd10
Event: 42.397 Thread 0x000001fae13068f0 flushing  nmethod 0x000001fae4ff0710
Event: 42.397 Thread 0x000001fae13068f0 flushing  nmethod 0x000001fae4ff0a90
Event: 42.397 Thread 0x000001fae13068f0 flushing  nmethod 0x000001fae4ff3c10
Event: 42.397 Thread 0x000001fae13068f0 flushing  nmethod 0x000001fae5028b10
Event: 42.397 Thread 0x000001fae13068f0 flushing  nmethod 0x000001fae502e790
Event: 42.397 Thread 0x000001fae13068f0 flushing  nmethod 0x000001fae5030190
Event: 42.397 Thread 0x000001fae13068f0 flushing  nmethod 0x000001fae5031290
Event: 42.397 Thread 0x000001fae13068f0 flushing  nmethod 0x000001fae5081610
Event: 42.397 Thread 0x000001fae13068f0 flushing  nmethod 0x000001fae5087310

Events (20 events):
Event: 34.114 Thread 0x000001faff5446e0 Thread added: 0x000001fac357a6c0
Event: 34.114 Thread 0x000001faff5446e0 Thread added: 0x000001fac357e1d0
Event: 34.114 Thread 0x000001faff5446e0 Thread added: 0x000001fac357d4b0
Event: 34.114 Thread 0x000001faff5446e0 Thread added: 0x000001fac357ad50
Event: 34.240 Thread 0x000001fac357ad50 Thread exited: 0x000001fac357ad50
Event: 34.240 Thread 0x000001fac357d4b0 Thread exited: 0x000001fac357d4b0
Event: 34.240 Thread 0x000001fac357e1d0 Thread exited: 0x000001fac357e1d0
Event: 34.240 Thread 0x000001fac357a6c0 Thread exited: 0x000001fac357a6c0
Event: 34.240 Thread 0x000001fac357ce20 Thread exited: 0x000001fac357ce20
Event: 34.754 Thread 0x000001fac68e6e10 Thread exited: 0x000001fac68e6e10
Event: 34.816 Thread 0x000001fac68e8280 Thread exited: 0x000001fac68e8280
Event: 34.816 Thread 0x000001fac1b63f70 Thread exited: 0x000001fac1b63f70
Event: 42.433 Thread 0x000001fac19e7e60 Thread exited: 0x000001fac19e7e60
Event: 42.472 Thread 0x000001faf906a970 Thread added: 0x000001fac68e59a0
Event: 42.523 Thread 0x000001faff13d2b0 Thread added: 0x000001fac68e6070
Event: 43.845 Thread 0x000001faff5446e0 Thread added: 0x000001fac357b3e0
Event: 43.845 Thread 0x000001faff5446e0 Thread added: 0x000001fac357ce20
Event: 43.845 Thread 0x000001faff5446e0 Thread added: 0x000001fac357db40
Event: 43.845 Thread 0x000001faff5446e0 Thread added: 0x000001fac357c100
Event: 43.845 Thread 0x000001faff5446e0 Thread added: 0x000001fac357a6c0


Dynamic libraries:
0x00007ff7ff860000 - 0x00007ff7ff86e000 	c:\Users\26738\.vscode\extensions\redhat.java-1.54.0-win32-x64\jre\21.0.10-win32-x86_64\bin\java.exe
0x00007ffd5a1e0000 - 0x00007ffd5a447000 	C:\WINDOWS\SYSTEM32\ntdll.dll
0x00007ffd592d0000 - 0x00007ffd59399000 	C:\WINDOWS\System32\KERNEL32.DLL
0x00007ffd576b0000 - 0x00007ffd57aa4000 	C:\WINDOWS\System32\KERNELBASE.dll
0x00007ffd57ce0000 - 0x00007ffd57e2b000 	C:\WINDOWS\System32\ucrtbase.dll
0x00007ffcee180000 - 0x00007ffcee19e000 	c:\Users\26738\.vscode\extensions\redhat.java-1.54.0-win32-x64\jre\21.0.10-win32-x86_64\bin\VCRUNTIME140.dll
0x00007ffce7750000 - 0x00007ffce7768000 	c:\Users\26738\.vscode\extensions\redhat.java-1.54.0-win32-x64\jre\21.0.10-win32-x86_64\bin\jli.dll
0x00007ffd59580000 - 0x00007ffd59745000 	C:\WINDOWS\System32\USER32.dll
0x00007ffd30ee0000 - 0x00007ffd31173000 	C:\WINDOWS\WinSxS\amd64_microsoft.windows.common-controls_6595b64144ccf1df_6.0.26100.8115_none_3e075c82e3354f9c\COMCTL32.dll
0x00007ffd57550000 - 0x00007ffd57577000 	C:\WINDOWS\System32\win32u.dll
0x00007ffd59c10000 - 0x00007ffd59cb9000 	C:\WINDOWS\System32\msvcrt.dll
0x00007ffd58510000 - 0x00007ffd5853b000 	C:\WINDOWS\System32\GDI32.dll
0x00007ffd57580000 - 0x00007ffd576ab000 	C:\WINDOWS\System32\gdi32full.dll
0x00007ffd57ec0000 - 0x00007ffd57f63000 	C:\WINDOWS\System32\msvcp_win.dll
0x00007ffd59cc0000 - 0x00007ffd59cf2000 	C:\WINDOWS\System32\IMM32.DLL
0x00007ffd2dca0000 - 0x00007ffd2dcac000 	c:\Users\26738\.vscode\extensions\redhat.java-1.54.0-win32-x64\jre\21.0.10-win32-x86_64\bin\vcruntime140_1.dll
0x00007ffcaf7c0000 - 0x00007ffcaf84d000 	c:\Users\26738\.vscode\extensions\redhat.java-1.54.0-win32-x64\jre\21.0.10-win32-x86_64\bin\msvcp140.dll
0x00007ffc34700000 - 0x00007ffc354a1000 	c:\Users\26738\.vscode\extensions\redhat.java-1.54.0-win32-x64\jre\21.0.10-win32-x86_64\bin\server\jvm.dll
0x00007ffd57fc0000 - 0x00007ffd58076000 	C:\WINDOWS\System32\ADVAPI32.dll
0x00007ffd599d0000 - 0x00007ffd59a77000 	C:\WINDOWS\System32\sechost.dll
0x00007ffd58230000 - 0x00007ffd58348000 	C:\WINDOWS\System32\RPCRT4.dll
0x00007ffd597d0000 - 0x00007ffd59850000 	C:\WINDOWS\System32\WS2_32.dll
0x00007ffd56910000 - 0x00007ffd5696e000 	C:\WINDOWS\SYSTEM32\POWRPROF.dll
0x00007ffd511d0000 - 0x00007ffd51206000 	C:\WINDOWS\SYSTEM32\WINMM.dll
0x00007ffd4e930000 - 0x00007ffd4e93b000 	C:\WINDOWS\SYSTEM32\VERSION.dll
0x00007ffd568f0000 - 0x00007ffd56904000 	C:\WINDOWS\SYSTEM32\UMPDC.dll
0x00007ffd55820000 - 0x00007ffd5583b000 	C:\WINDOWS\SYSTEM32\kernel.appcore.dll
0x00007ffd28ba0000 - 0x00007ffd28baa000 	c:\Users\26738\.vscode\extensions\redhat.java-1.54.0-win32-x64\jre\21.0.10-win32-x86_64\bin\jimage.dll
0x00007ffd548b0000 - 0x00007ffd54af2000 	C:\WINDOWS\SYSTEM32\DBGHELP.DLL
0x00007ffd58d30000 - 0x00007ffd590b2000 	C:\WINDOWS\System32\combase.dll
0x00007ffd59b30000 - 0x00007ffd59c08000 	C:\WINDOWS\System32\OLEAUT32.dll
0x00007ffd36820000 - 0x00007ffd3685b000 	C:\WINDOWS\SYSTEM32\dbgcore.DLL
0x00007ffd56ab0000 - 0x00007ffd56b55000 	C:\WINDOWS\System32\bcryptPrimitives.dll
0x00007ffd3d020000 - 0x00007ffd3d02f000 	c:\Users\26738\.vscode\extensions\redhat.java-1.54.0-win32-x64\jre\21.0.10-win32-x86_64\bin\instrument.dll
0x00007ffce6d10000 - 0x00007ffce6d30000 	c:\Users\26738\.vscode\extensions\redhat.java-1.54.0-win32-x64\jre\21.0.10-win32-x86_64\bin\java.dll
0x00007ffd585c0000 - 0x00007ffd58d27000 	C:\WINDOWS\System32\SHELL32.dll
0x00007ffd57ab0000 - 0x00007ffd57c1a000 	C:\WINDOWS\System32\wintypes.dll
0x00007ffd56b60000 - 0x00007ffd573c8000 	C:\WINDOWS\System32\windows.storage.dll
0x00007ffd58350000 - 0x00007ffd58448000 	C:\WINDOWS\System32\SHCORE.dll
0x00007ffd58550000 - 0x00007ffd585b6000 	C:\WINDOWS\System32\shlwapi.dll
0x00007ffd569d0000 - 0x00007ffd569f9000 	C:\WINDOWS\SYSTEM32\profapi.dll
0x00007ffce6c90000 - 0x00007ffce6ca8000 	c:\Users\26738\.vscode\extensions\redhat.java-1.54.0-win32-x64\jre\21.0.10-win32-x86_64\bin\zip.dll
0x00007ffd3d010000 - 0x00007ffd3d020000 	C:\Users\26738\.vscode\extensions\redhat.java-1.54.0-win32-x64\jre\21.0.10-win32-x86_64\bin\net.dll
0x00007ffd51040000 - 0x00007ffd5116d000 	C:\WINDOWS\SYSTEM32\WINHTTP.dll
0x00007ffd55db0000 - 0x00007ffd55e1c000 	C:\WINDOWS\system32\mswsock.dll
0x00007ffd06ed0000 - 0x00007ffd06ee6000 	C:\Users\26738\.vscode\extensions\redhat.java-1.54.0-win32-x64\jre\21.0.10-win32-x86_64\bin\nio.dll
0x00007ffd276c0000 - 0x00007ffd276d0000 	c:\Users\26738\.vscode\extensions\redhat.java-1.54.0-win32-x64\jre\21.0.10-win32-x86_64\bin\verify.dll
0x00007ffcea8c0000 - 0x00007ffcea905000 	C:\Users\26738\AppData\Roaming\Code\User\globalStorage\redhat.java\1.54.0\config_win\org.eclipse.equinox.launcher\org.eclipse.equinox.launcher.win32.win32.x86_64_1.3.0.v20260203-2149\eclipse_11919.dll
0x00007ffd58090000 - 0x00007ffd58227000 	C:\WINDOWS\System32\ole32.dll
0x00007ffd560a0000 - 0x00007ffd560bb000 	C:\WINDOWS\SYSTEM32\CRYPTSP.dll
0x00007ffd55770000 - 0x00007ffd557a9000 	C:\WINDOWS\system32\rsaenh.dll
0x00007ffd55e60000 - 0x00007ffd55e93000 	C:\WINDOWS\SYSTEM32\USERENV.dll
0x00007ffd569a0000 - 0x00007ffd569ca000 	C:\WINDOWS\SYSTEM32\bcrypt.dll
0x00007ffd56090000 - 0x00007ffd5609c000 	C:\WINDOWS\SYSTEM32\CRYPTBASE.dll
0x00007ffd551e0000 - 0x00007ffd55212000 	C:\WINDOWS\SYSTEM32\IPHLPAPI.DLL
0x00007ffd59860000 - 0x00007ffd5986a000 	C:\WINDOWS\System32\NSI.dll
0x00007ffc60360000 - 0x00007ffc603a9000 	C:\Users\26738\AppData\Local\Temp\jna-47839256\jna4737545342468284611.dll
0x00007ffd58540000 - 0x00007ffd58548000 	C:\WINDOWS\System32\PSAPI.DLL
0x00007ffd51830000 - 0x00007ffd5184d000 	C:\WINDOWS\SYSTEM32\dhcpcsvc6.DLL
0x00007ffd51800000 - 0x00007ffd51825000 	C:\WINDOWS\SYSTEM32\dhcpcsvc.DLL

JVMTI agents:
c:\Users\26738\.vscode\extensions\redhat.java-1.54.0-win32-x64\lombok\lombok-1.18.39-4050.jar path:c:\Users\26738\.vscode\extensions\redhat.java-1.54.0-win32-x64\jre\21.0.10-win32-x86_64\bin\instrument.dll, loaded, initialized, instrumentlib options:none

dbghelp: loaded successfully - version: 4.0.5 - missing functions: none
symbol engine: initialized successfully - sym options: 0x614 - pdb path: .;c:\Users\26738\.vscode\extensions\redhat.java-1.54.0-win32-x64\jre\21.0.10-win32-x86_64\bin;C:\WINDOWS\SYSTEM32;C:\WINDOWS\WinSxS\amd64_microsoft.windows.common-controls_6595b64144ccf1df_6.0.26100.8115_none_3e075c82e3354f9c;c:\Users\26738\.vscode\extensions\redhat.java-1.54.0-win32-x64\jre\21.0.10-win32-x86_64\bin\server;C:\Users\26738\AppData\Roaming\Code\User\globalStorage\redhat.java\1.54.0\config_win\org.eclipse.equinox.launcher\org.eclipse.equinox.launcher.win32.win32.x86_64_1.3.0.v20260203-2149;C:\Users\26738\AppData\Local\Temp\jna-47839256

VM Arguments:
jvm_args: --add-modules=ALL-SYSTEM --add-opens=java.base/java.util=ALL-UNNAMED --add-opens=java.base/java.lang=ALL-UNNAMED --add-opens=java.base/sun.nio.fs=ALL-UNNAMED -Declipse.application=org.eclipse.jdt.ls.core.id1 -Dosgi.bundles.defaultStartLevel=4 -Declipse.product=org.eclipse.jdt.ls.core.product -Djava.import.generatesMetadataFilesAtProjectRoot=false -DDetectVMInstallationsJob.disabled=true -Dfile.encoding=utf8 -XX:+UseParallelGC -XX:GCTimeRatio=4 -XX:AdaptiveSizePolicyWeight=90 -Dsun.zip.disableMemoryMapping=true -Xmx2G -Xms100m -Xlog:disable -javaagent:c:\Users\26738\.vscode\extensions\redhat.java-1.54.0-win32-x64\lombok\lombok-1.18.39-4050.jar -XX:+HeapDumpOnOutOfMemoryError -XX:HeapDumpPath=c:\Users\26738\AppData\Roaming\Code\User\workspaceStorage\aa6ddfe8fe14924d1cf1a656ad6f9cfc\redhat.java -Daether.dependencyCollector.impl=bf 
java_command: c:\Users\26738\.vscode\extensions\redhat.java-1.54.0-win32-x64\server\plugins\org.eclipse.equinox.launcher_1.7.100.v20251111-0406.jar -configuration c:\Users\26738\AppData\Roaming\Code\User\globalStorage\redhat.java\1.54.0\config_win -data c:\Users\26738\AppData\Roaming\Code\User\workspaceStorage\aa6ddfe8fe14924d1cf1a656ad6f9cfc\redhat.java\jdt_ws --pipe=\\.\pipe\lsp-60b0a2fddf22b775d155644abc838b51-sock
java_class_path (initial): c:\Users\26738\.vscode\extensions\redhat.java-1.54.0-win32-x64\server\plugins\org.eclipse.equinox.launcher_1.7.100.v20251111-0406.jar
Launcher Type: SUN_STANDARD

[Global flags]
    uintx AdaptiveSizePolicyWeight                 = 90                                        {product} {command line}
     intx CICompilerCount                          = 12                                        {product} {ergonomic}
    uintx GCTimeRatio                              = 4                                         {product} {command line}
     bool HeapDumpOnOutOfMemoryError               = true                                   {manageable} {command line}
    ccstr HeapDumpPath                             = c:\Users\26738\AppData\Roaming\Code\User\workspaceStorage\aa6ddfe8fe14924d1cf1a656ad6f9cfc\redhat.java         {manageable} {command line}
   size_t InitialHeapSize                          = 104857600                                 {product} {command line}
   size_t MaxHeapSize                              = 2147483648                                {product} {command line}
   size_t MaxNewSize                               = 715653120                                 {product} {ergonomic}
   size_t MinHeapDeltaBytes                        = 524288                                    {product} {ergonomic}
   size_t MinHeapSize                              = 104857600                                 {product} {command line}
   size_t NewSize                                  = 34603008                                  {product} {ergonomic}
    uintx NonNMethodCodeHeapSize                   = 7602480                                {pd product} {ergonomic}
    uintx NonProfiledCodeHeapSize                  = 122027880                              {pd product} {ergonomic}
   size_t OldSize                                  = 70254592                                  {product} {ergonomic}
    uintx ProfiledCodeHeapSize                     = 122027880                              {pd product} {ergonomic}
    uintx ReservedCodeCacheSize                    = 251658240                              {pd product} {ergonomic}
     bool SegmentedCodeCache                       = true                                      {product} {ergonomic}
   size_t SoftMaxHeapSize                          = 2147483648                             {manageable} {ergonomic}
     bool UseCompressedOops                        = true                           {product lp64_product} {ergonomic}
     bool UseLargePagesIndividualAllocation        = false                                  {pd product} {ergonomic}
     bool UseParallelGC                            = true                                      {product} {command line}

Logging:
Log output configuration:
 #0: stdout all=off uptime,level,tags foldmultilines=false
 #1: stderr all=off uptime,level,tags foldmultilines=false

Release file:
JAVA_VERSION="21.0.10" 
MODULES="java.base java.compiler java.datatransfer java.xml java.prefs java.desktop java.instrument java.logging java.management java.security.sasl java.naming java.rmi java.management.rmi java.net.http java.scripting java.security.jgss java.transaction.xa java.sql java.sql.rowset java.xml.crypto java.se java.smartcardio jdk.accessibility jdk.internal.jvmstat jdk.attach jdk.charsets jdk.internal.opt jdk.zipfs jdk.compiler jdk.crypto.ec jdk.crypto.cryptoki jdk.crypto.mscapi jdk.dynalink jdk.internal.ed jdk.editpad jdk.hotspot.agent jdk.httpserver jdk.internal.le jdk.internal.vm.ci jdk.internal.vm.compiler jdk.internal.vm.compiler.management jdk.jartool jdk.javadoc jdk.jcmd jdk.management jdk.management.agent jdk.jconsole jdk.jdeps jdk.jdwp.agent jdk.jdi jdk.jfr jdk.jshell jdk.jsobject jdk.jstatd jdk.localedata jdk.management.jfr jdk.naming.dns jdk.naming.rmi jdk.net jdk.nio.mapmode jdk.random jdk.sctp jdk.security.auth jdk.security.jgss jdk.unsupported jdk.unsupported.desktop jdk.xml.dom" 

Environment Variables:
JAVA_HOME=F:\Interpreter\JAVA17
PATH=C:\Users\26738\AppData\Local\Programs\Microsoft VS Code;F:\Interpreter\JAVA17\bin;F:\Interpreter\PY\Scripts\;F:\Interpreter\PY\;F:\VM\bin\;C:\WINDOWS\system32;C:\WINDOWS;C:\WINDOWS\System32\Wbem;C:\WINDOWS\System32\WindowsPowerShell\v1.0\;C:\WINDOWS\System32\OpenSSH\;C:\Program Files\dotnet\;C:\Program Files\Microsoft SQL Server\150\Tools\Binn\;C:\Program Files\Microsoft SQL Server\Client SDK\ODBC\170\Tools\Binn\;C:\Program Files (x86)\Windows Kits\10\Windows Performance Toolkit\;C:\Program Files\Git\cmd;C:\Program Files\Docker\Docker\resources\bin;F:\MySQL\MySQL Server 8.0\bin;F:\Maven\apache-maven-3.9.15\bin;C:\Users\26738\.local\bin;F:\Interpreter\Nacos_146\nacos\bin;F:\Interpreter\Redis863\Redis-8.6.3-Windows-x64-cygwin-with-Service;F:\Interpreter\Erlang27_3_4_11\Erlang OTP\bin;F:\Interpreter\RabbitMQ Server\rabbitmq_server-4.3.0\sbin;F:\Interpreter\nvm;F:\Interpreter\nodejs;F:\Interpreter\nodejs\nodejs\node_global\node_modules\yarn\bin;F:\Interpreter\Nginx\nginx-1.22.1\;F:\MySQL\MySQL Shell 8.0\bin\;f:\Tr_code_cn\Trae CN\bin;C:\Users\26738\AppData\Local\Microsoft\WindowsApps;C:\Users\26738\.dotnet\tools;F:\IDEA\IntelliJ IDEA 2024.1.7\bin;F:\PyCharm\PyCharm 2024.1.7\bin;C:\Users\26738\AppData\Local\Programs\Microsoft VS Code\bin;F:\Cursor\cursor\resources\app\bin;C:\Program Files\mingw64\bin;F:\anac\anaconda3;F:\anac\anaconda3\Library\usr\bin;F:\anac\anaconda3\Library\mingw-w64;F:\anac\anaconda3\Library\bin;F:\anac\anaconda3\Scripts;C:\Users\26738\AppData\Local\Microsoft\WinGet\Links;F:\Interpreter\nvm;F:\Interpreter\nodejs;
USERNAME=26738
OS=Windows_NT
PROCESSOR_IDENTIFIER=Intel64 Family 6 Model 183 Stepping 1, GenuineIntel
TMP=C:\Users\26738\AppData\Local\Temp
TEMP=C:\Users\26738\AppData\Local\Temp




Periodic native trim disabled

---------------  S Y S T E M  ---------------

OS:
 Windows 11 , 64 bit Build 26100 (10.0.26100.8246)
OS uptime: 3 days 6:06 hours
Hyper-V role detected

CPU: total 20 (initial active 20) (10 cores per cpu, 2 threads per core) family 6 model 183 stepping 1 microcode 0x133, cx8, cmov, fxsr, ht, mmx, 3dnowpref, sse, sse2, sse3, ssse3, sse4.1, sse4.2, popcnt, lzcnt, tsc, tscinvbit, avx, avx2, aes, erms, clmul, bmi1, bmi2, adx, sha, fma, vzeroupper, clflush, clflushopt, clwb, hv, serialize, rdtscp, rdpid, fsrm, f16c, cet_ibt, cet_ss
Processor Information for processor 0
  Max Mhz: 2600, Current Mhz: 2600, Mhz Limit: 2600
Processor Information for processor 1
  Max Mhz: 2600, Current Mhz: 2600, Mhz Limit: 2600
Processor Information for processor 2
  Max Mhz: 2600, Current Mhz: 2600, Mhz Limit: 2600
Processor Information for processor 3
  Max Mhz: 2600, Current Mhz: 2600, Mhz Limit: 2600
Processor Information for processor 4
  Max Mhz: 2600, Current Mhz: 2600, Mhz Limit: 2600
Processor Information for processor 5
  Max Mhz: 2600, Current Mhz: 2600, Mhz Limit: 2600
Processor Information for processor 6
  Max Mhz: 2600, Current Mhz: 2600, Mhz Limit: 2600
Processor Information for processor 7
  Max Mhz: 2600, Current Mhz: 2600, Mhz Limit: 2600
Processor Information for processor 8
  Max Mhz: 2600, Current Mhz: 2600, Mhz Limit: 2600
Processor Information for processor 9
  Max Mhz: 2600, Current Mhz: 2600, Mhz Limit: 2600
Processor Information for processor 10
  Max Mhz: 2600, Current Mhz: 2600, Mhz Limit: 2600
Processor Information for processor 11
  Max Mhz: 2600, Current Mhz: 2600, Mhz Limit: 2600
Processor Information for processor 12
  Max Mhz: 2600, Current Mhz: 2600, Mhz Limit: 2600
Processor Information for processor 13
  Max Mhz: 2600, Current Mhz: 2600, Mhz Limit: 2600
Processor Information for processor 14
  Max Mhz: 2600, Current Mhz: 1505, Mhz Limit: 2600
Processor Information for processor 15
  Max Mhz: 2600, Current Mhz: 1505, Mhz Limit: 2600
Processor Information for processor 16
  Max Mhz: 2600, Current Mhz: 1505, Mhz Limit: 2600
Processor Information for processor 17
  Max Mhz: 2600, Current Mhz: 2600, Mhz Limit: 2600
Processor Information for processor 18
  Max Mhz: 2600, Current Mhz: 1505, Mhz Limit: 2600
Processor Information for processor 19
  Max Mhz: 2600, Current Mhz: 2600, Mhz Limit: 2600

Memory: 4k page, system-wide physical 16068M (768M free)
TotalPageFile size 60166M (AvailPageFile size 6M)
current process WorkingSet (physical memory assigned to process): 355M, peak: 412M
current process commit charge ("private bytes"): 451M, peak: 1665M

vm_info: OpenJDK 64-Bit Server VM (21.0.10+7-LTS) for windows-amd64 JRE (21.0.10+7-LTS), built on 2026-01-20T00:00:00Z by "admin" with MS VC++ 17.12 (VS2022)

END.
