#
# There is insufficient memory for the Java Runtime Environment to continue.
# Native memory allocation (malloc) failed to allocate 521936 bytes. Error detail: Chunk::new
# Possible reasons:
#   The system is out of physical RAM or swap space
#   This process is running with CompressedOops enabled, and the Java Heap may be blocking the growth of the native heap
# Possible solutions:
#   Reduce memory load on the system
#   Increase physical memory or swap space
#   Check if swap backing store is full
#   Decrease Java heap size (-Xmx/-Xms)
#   Decrease number of Java threads
#   Decrease Java thread stack sizes (-Xss)
#   Set larger code cache with -XX:ReservedCodeCacheSize=
#   JVM is running with Unscaled Compressed Oops mode in which the Java heap is
#     placed in the first 4GB address space. The Java Heap base address is the
#     maximum limit for the native heap growth. Please use -XX:HeapBaseMinAddress
#     to set the Java Heap base and to place the Java Heap above 4GB virtual address.
# This output file may be truncated or incomplete.
#
#  Out of Memory Error (arena.cpp:168), pid=39656, tid=39724
#
# JRE version: OpenJDK Runtime Environment Temurin-21.0.10+7 (21.0.10+7) (build 21.0.10+7-LTS)
# Java VM: OpenJDK 64-Bit Server VM Temurin-21.0.10+7 (21.0.10+7-LTS, mixed mode, sharing, tiered, compressed oops, compressed class ptrs, parallel gc, windows-amd64)
# No core dump will be written. Minidumps are not enabled by default on client versions of Windows
#

---------------  S U M M A R Y ------------

Command Line: --add-modules=ALL-SYSTEM --add-opens=java.base/java.util=ALL-UNNAMED --add-opens=java.base/java.lang=ALL-UNNAMED --add-opens=java.base/sun.nio.fs=ALL-UNNAMED -Declipse.application=org.eclipse.jdt.ls.core.id1 -Dosgi.bundles.defaultStartLevel=4 -Declipse.product=org.eclipse.jdt.ls.core.product -Djava.import.generatesMetadataFilesAtProjectRoot=false -DDetectVMInstallationsJob.disabled=true -Dfile.encoding=utf8 -XX:+UseParallelGC -XX:GCTimeRatio=4 -XX:AdaptiveSizePolicyWeight=90 -Dsun.zip.disableMemoryMapping=true -Xmx2G -Xms100m -Xlog:disable -javaagent:c:\Users\26738\.vscode\extensions\redhat.java-1.54.0-win32-x64\lombok\lombok-1.18.39-4050.jar -XX:+HeapDumpOnOutOfMemoryError -XX:HeapDumpPath=c:\Users\26738\AppData\Roaming\Code\User\workspaceStorage\aa6ddfe8fe14924d1cf1a656ad6f9cfc\redhat.java -Daether.dependencyCollector.impl=bf c:\Users\26738\.vscode\extensions\redhat.java-1.54.0-win32-x64\server\plugins\org.eclipse.equinox.launcher_1.7.100.v20251111-0406.jar -configuration c:\Users\26738\AppData\Roaming\Code\User\globalStorage\redhat.java\1.54.0\config_win -data c:\Users\26738\AppData\Roaming\Code\User\workspaceStorage\aa6ddfe8fe14924d1cf1a656ad6f9cfc\redhat.java\jdt_ws --pipe=\\.\pipe\lsp-1d737216c9b813888b8a8d07a1451e12-sock

Host: 13th Gen Intel(R) Core(TM) i7-13650HX, 20 cores, 15G,  Windows 11 , 64 bit Build 26100 (10.0.26100.8246)
Time: Sun May 17 00:25:10 2026 elapsed time: 8.001186 seconds (0d 0h 0m 8s)

---------------  T H R E A D  ---------------

Current thread (0x000001ee0dbf2130):  JavaThread "C2 CompilerThread0" daemon [_thread_in_native, id=39724, stack(0x0000005658f00000,0x0000005659000000) (1024K)]


Current CompileTask:
C2:8001 5691       4       org.eclipse.core.internal.watson.ElementTreeIterator::requestPath (100 bytes)

Stack: [0x0000005658f00000,0x0000005659000000]
Native frames: (J=compiled Java code, j=interpreted, Vv=VM code, C=native code)
V  [jvm.dll+0x6d7a39]
V  [jvm.dll+0x8b4b26]
V  [jvm.dll+0x8b70de]
V  [jvm.dll+0x8b77c3]
V  [jvm.dll+0x284346]
V  [jvm.dll+0xc66ed]
V  [jvm.dll+0xc6c31]
V  [jvm.dll+0x3bec01]
V  [jvm.dll+0x38b162]
V  [jvm.dll+0x38a5aa]
V  [jvm.dll+0x24c560]
V  [jvm.dll+0x24bb40]
V  [jvm.dll+0x1cb34e]
V  [jvm.dll+0x25b85d]
V  [jvm.dll+0x259dea]
V  [jvm.dll+0x3f857e]
V  [jvm.dll+0x85f59d]
V  [jvm.dll+0x6d626d]
C  [ucrtbase.dll+0x37b0]
C  [KERNEL32.DLL+0x2e8d7]
C  [ntdll.dll+0x8c3fc]


---------------  P R O C E S S  ---------------

Threads class SMR info:
_java_thread_list=0x000001ee71c45e10, length=32, elements={
0x000001ee0db51710, 0x000001ee671fcf60, 0x000001ee671fdac0, 0x000001ee6870e200,
0x000001ee6870f0c0, 0x000001ee68715420, 0x000001ee68715fb0, 0x000001ee0dbf2130,
0x000001ee0dc03910, 0x000001ee0dc03fe0, 0x000001ee0dc04d80, 0x000001ee0dc046b0,
0x000001ee68963b30, 0x000001ee6a628d90, 0x000001ee6f2e33d0, 0x000001ee6f309cd0,
0x000001ee6f4d27b0, 0x000001ee6f4d31f0, 0x000001ee6fa99c40, 0x000001ee6f290b10,
0x000001ee0dc061f0, 0x000001ee0dc05450, 0x000001ee6f7697b0, 0x000001ee6f7c5a50,
0x000001ee6f7c7b20, 0x000001ee6f7c7490, 0x000001ee6f7c60e0, 0x000001ee7066a080,
0x000001ee6f7c6770, 0x000001ee6f7c6e00, 0x000001ee71364120, 0x000001ee71362d70
}

Java Threads: ( => current thread )
  0x000001ee0db51710 JavaThread "main"                              [_thread_in_vm, id=39676, stack(0x0000005658500000,0x0000005658600000) (1024K)]
  0x000001ee671fcf60 JavaThread "Reference Handler"          daemon [_thread_blocked, id=39700, stack(0x0000005658900000,0x0000005658a00000) (1024K)]
  0x000001ee671fdac0 JavaThread "Finalizer"                  daemon [_thread_blocked, id=39704, stack(0x0000005658a00000,0x0000005658b00000) (1024K)]
  0x000001ee6870e200 JavaThread "Signal Dispatcher"          daemon [_thread_blocked, id=39708, stack(0x0000005658b00000,0x0000005658c00000) (1024K)]
  0x000001ee6870f0c0 JavaThread "Attach Listener"            daemon [_thread_blocked, id=39712, stack(0x0000005658c00000,0x0000005658d00000) (1024K)]
  0x000001ee68715420 JavaThread "Service Thread"             daemon [_thread_blocked, id=39716, stack(0x0000005658d00000,0x0000005658e00000) (1024K)]
  0x000001ee68715fb0 JavaThread "Monitor Deflation Thread"   daemon [_thread_blocked, id=39720, stack(0x0000005658e00000,0x0000005658f00000) (1024K)]
=>0x000001ee0dbf2130 JavaThread "C2 CompilerThread0"         daemon [_thread_in_native, id=39724, stack(0x0000005658f00000,0x0000005659000000) (1024K)]
  0x000001ee0dc03910 JavaThread "C1 CompilerThread0"         daemon [_thread_blocked, id=39728, stack(0x0000005659000000,0x0000005659100000) (1024K)]
  0x000001ee0dc03fe0 JavaThread "C1 CompilerThread1"         daemon [_thread_blocked, id=39732, stack(0x0000005659100000,0x0000005659200000) (1024K)]
  0x000001ee0dc04d80 JavaThread "C1 CompilerThread2"         daemon [_thread_blocked, id=39736, stack(0x0000005659200000,0x0000005659300000) (1024K)]
  0x000001ee0dc046b0 JavaThread "C1 CompilerThread3"         daemon [_thread_blocked, id=39740, stack(0x0000005659300000,0x0000005659400000) (1024K)]
  0x000001ee68963b30 JavaThread "Common-Cleaner"             daemon [_thread_blocked, id=39752, stack(0x0000005659600000,0x0000005659700000) (1024K)]
  0x000001ee6a628d90 JavaThread "Notification Thread"        daemon [_thread_blocked, id=39768, stack(0x0000005659700000,0x0000005659800000) (1024K)]
  0x000001ee6f2e33d0 JavaThread "Active Thread: Equinox Container: b24ba3f6-ecae-40bb-907a-e87a91a10c33"        [_thread_blocked, id=39884, stack(0x000000565a000000,0x000000565a100000) (1024K)]
  0x000001ee6f309cd0 JavaThread "Refresh Thread: Equinox Container: b24ba3f6-ecae-40bb-907a-e87a91a10c33" daemon [_thread_blocked, id=39892, stack(0x000000565a200000,0x000000565a300000) (1024K)]
  0x000001ee6f4d27b0 JavaThread "Framework Event Dispatcher: Equinox Container: b24ba3f6-ecae-40bb-907a-e87a91a10c33" daemon [_thread_blocked, id=39896, stack(0x000000565a300000,0x000000565a400000) (1024K)]
  0x000001ee6f4d31f0 JavaThread "Start Level: Equinox Container: b24ba3f6-ecae-40bb-907a-e87a91a10c33" daemon [_thread_blocked, id=39900, stack(0x000000565a400000,0x000000565a500000) (1024K)]
  0x000001ee6fa99c40 JavaThread "Bundle File Closer"         daemon [_thread_blocked, id=39920, stack(0x000000565a800000,0x000000565a900000) (1024K)]
  0x000001ee6f290b10 JavaThread "SCR Component Actor"        daemon [_thread_blocked, id=38944, stack(0x0000005659500000,0x0000005659600000) (1024K)]
  0x000001ee0dc061f0 JavaThread "C2 CompilerThread1"         daemon [_thread_in_native, id=33036, stack(0x0000005659e00000,0x0000005659f00000) (1024K)]
  0x000001ee0dc05450 JavaThread "C2 CompilerThread2"         daemon [_thread_in_native, id=22740, stack(0x0000005659f00000,0x000000565a000000) (1024K)]
  0x000001ee6f7697b0 JavaThread "Worker-JM"                         [_thread_blocked, id=18496, stack(0x000000565aa00000,0x000000565ab00000) (1024K)]
  0x000001ee6f7c5a50 JavaThread "JNA Cleaner"                daemon [_thread_blocked, id=25520, stack(0x000000565ac00000,0x000000565ad00000) (1024K)]
  0x000001ee6f7c7b20 JavaThread "Worker-0: Initialize After Load"        [_thread_in_vm, id=36972, stack(0x000000565ad00000,0x000000565ae00000) (1024K)]
  0x000001ee6f7c7490 JavaThread "Worker-1: Refreshing workspace"        [_thread_in_vm, id=7004, stack(0x000000565ae00000,0x000000565af00000) (1024K)]
  0x000001ee6f7c60e0 JavaThread "Worker-2: Repository registry initialization"        [_thread_in_Java, id=21112, stack(0x000000565b000000,0x000000565b100000) (1024K)]
  0x000001ee7066a080 JavaThread "C2 CompilerThread3"         daemon [_thread_in_native, id=35256, stack(0x000000565b100000,0x000000565b200000) (1024K)]
  0x000001ee6f7c6770 JavaThread "Java indexing"              daemon [_thread_blocked, id=20876, stack(0x000000565b200000,0x000000565b300000) (1024K)]
  0x000001ee6f7c6e00 JavaThread "Worker-3: Loading available Gradle versions"        [_thread_in_Java, id=25048, stack(0x000000565b300000,0x000000565b400000) (1024K)]
  0x000001ee71364120 JavaThread "Worker-4: LookupJDKToolchainsJob"        [_thread_in_native, id=22648, stack(0x000000565b600000,0x000000565b700000) (1024K)]
  0x000001ee71362d70 JavaThread "Worker-5"                          [_thread_blocked, id=6460, stack(0x000000565b700000,0x000000565b800000) (1024K)]
Total: 32

Other Threads:
  0x000001ee68704fa0 VMThread "VM Thread"                           [id=39696, stack(0x0000005658800000,0x0000005658900000) (1024K)]
  0x000001ee670dba00 WatcherThread "VM Periodic Task Thread"        [id=39692, stack(0x0000005658700000,0x0000005658800000) (1024K)]
  0x000001ee0db6fe60 WorkerThread "GC Thread#0"                     [id=39688, stack(0x0000005658600000,0x0000005658700000) (1024K)]
  0x000001ee6ac6ce20 WorkerThread "GC Thread#1"                     [id=39780, stack(0x0000005659800000,0x0000005659900000) (1024K)]
  0x000001ee6abda010 WorkerThread "GC Thread#2"                     [id=39784, stack(0x0000005659900000,0x0000005659a00000) (1024K)]
  0x000001ee6abda3c0 WorkerThread "GC Thread#3"                     [id=39788, stack(0x0000005659a00000,0x0000005659b00000) (1024K)]
  0x000001ee6abda770 WorkerThread "GC Thread#4"                     [id=39792, stack(0x0000005659b00000,0x0000005659c00000) (1024K)]
  0x000001ee6abdab20 WorkerThread "GC Thread#5"                     [id=39796, stack(0x0000005659c00000,0x0000005659d00000) (1024K)]
  0x000001ee6f359960 WorkerThread "GC Thread#6"                     [id=39800, stack(0x0000005659d00000,0x0000005659e00000) (1024K)]
  0x000001ee6f500320 WorkerThread "GC Thread#7"                     [id=39888, stack(0x000000565a100000,0x000000565a200000) (1024K)]
  0x000001ee6f728490 WorkerThread "GC Thread#8"                     [id=39904, stack(0x000000565a500000,0x000000565a600000) (1024K)]
  0x000001ee6f3ef280 WorkerThread "GC Thread#9"                     [id=39908, stack(0x000000565a600000,0x000000565a700000) (1024K)]
  0x000001ee6f3ef630 WorkerThread "GC Thread#10"                    [id=39912, stack(0x000000565a700000,0x000000565a800000) (1024K)]
  0x000001ee6f980610 WorkerThread "GC Thread#11"                    [id=38984, stack(0x0000005659400000,0x0000005659500000) (1024K)]
  0x000001ee6f980d70 WorkerThread "GC Thread#12"                    [id=34600, stack(0x000000565a900000,0x000000565aa00000) (1024K)]
  0x000001ee6f9814d0 WorkerThread "GC Thread#13"                    [id=15372, stack(0x000000565ab00000,0x000000565ac00000) (1024K)]
  0x000001ee6f981120 WorkerThread "GC Thread#14"                    [id=9584, stack(0x000000565af00000,0x000000565b000000) (1024K)]
Total: 17

Threads with active compile tasks:
C2 CompilerThread0  8025 5691       4       org.eclipse.core.internal.watson.ElementTreeIterator::requestPath (100 bytes)
C1 CompilerThread1  8025 5866       1       java.lang.ClassValue::version (5 bytes)
C1 CompilerThread3  8025 5867       3       java.lang.ClassValue$Entry::version (8 bytes)
C2 CompilerThread1  8025 5842   !   4       org.eclipse.osgi.internal.loader.classpath.ClasspathManager::findClassImpl (328 bytes)
C2 CompilerThread2  8025 5625       4       org.eclipse.osgi.internal.loader.BundleLoader::addExportedProvidersFor (167 bytes)
C2 CompilerThread3  8025 5843       4       org.eclipse.osgi.internal.loader.classpath.ClasspathEntry::findEntry (56 bytes)
Total: 6

VM state: not at safepoint (normal execution)

VM Mutex/Monitor currently owned by a thread: None

Heap address: 0x0000000080000000, size: 2048 MB, Compressed Oops mode: 32-bit

CDS archive(s) mapped at: [0x000001ee26000000-0x000001ee26ba0000-0x000001ee26ba0000), size 12189696, SharedBaseAddress: 0x000001ee26000000, ArchiveRelocationMode: 1.
Compressed class space mapped at: 0x000001ee27000000-0x000001ee67000000, reserved size: 1073741824
Narrow klass base: 0x000001ee26000000, Narrow klass shift: 0, Narrow klass range: 0x100000000

GC Precious Log:
 CardTable entry size: 512
 CPUs: 20 total, 20 available
 Memory: 16068M
 Large Page Support: Disabled
 NUMA Support: Disabled
 Compressed Oops: Enabled (32-bit)
 Alignments: Space 512K, Generation 512K, Heap 2M
 Heap Min Capacity: 100M
 Heap Initial Capacity: 100M
 Heap Max Capacity: 2G
 Pre-touch: Disabled
 Parallel Workers: 15

Heap:
 PSYoungGen      total 22528K, used 20759K [0x00000000d5580000, 0x00000000d6f80000, 0x0000000100000000)
  eden space 22016K, 92% used [0x00000000d5580000,0x00000000d6948e30,0x00000000d6b00000)
  from space 512K, 97% used [0x00000000d6f00000,0x00000000d6f7ce68,0x00000000d6f80000)
  to   space 2048K, 0% used [0x00000000d6b80000,0x00000000d6b80000,0x00000000d6d80000)
 ParOldGen       total 68608K, used 21392K [0x0000000080000000, 0x0000000084300000, 0x00000000d5580000)
  object space 68608K, 31% used [0x0000000080000000,0x00000000814e42a8,0x0000000084300000)
 Metaspace       used 34045K, committed 35264K, reserved 1114112K
  class space    used 3380K, committed 3904K, reserved 1048576K

Card table byte_map: [0x000001ee21510000,0x000001ee21920000] _byte_map_base: 0x000001ee21110000

Marking Bits: (ParMarkBitMap*) 0x00007ffc353c3450
 Begin Bits: [0x000001ee21bd0000, 0x000001ee23bd0000)
 End Bits:   [0x000001ee23bd0000, 0x000001ee25bd0000)

Polling page: 0x000001ee0d8f0000

Metaspace:

Usage:
  Non-class:     29.95 MB used.
      Class:      3.30 MB used.
       Both:     33.25 MB used.

Virtual space:
  Non-class space:       64.00 MB reserved,      30.62 MB ( 48%) committed,  1 nodes.
      Class space:        1.00 GB reserved,       3.81 MB ( <1%) committed,  1 nodes.
             Both:        1.06 GB reserved,      34.44 MB (  3%) committed. 

Chunk freelists:
   Non-Class:  1.03 MB
       Class:  12.14 MB
        Both:  13.17 MB

MaxMetaspaceSize: unlimited
CompressedClassSpaceSize: 1.00 GB
Initial GC threshold: 21.00 MB
Current GC threshold: 35.00 MB
CDS: on
 - commit_granule_bytes: 65536.
 - commit_granule_words: 8192.
 - virtual_space_node_default_size: 8388608.
 - enlarge_chunks_in_place: 1.
 - use_allocation_guard: 0.


Internal statistics:

num_allocs_failed_limit: 5.
num_arena_births: 888.
num_arena_deaths: 14.
num_vsnodes_births: 2.
num_vsnodes_deaths: 0.
num_space_committed: 550.
num_space_uncommitted: 0.
num_chunks_returned_to_freelist: 19.
num_chunks_taken_from_freelist: 2407.
num_chunk_merges: 4.
num_chunk_splits: 1467.
num_chunks_enlarged: 820.
num_inconsistent_stats: 0.

CodeHeap 'non-profiled nmethods': size=119168Kb used=2955Kb max_used=2955Kb free=116213Kb
 bounds [0x000001ee19ed0000, 0x000001ee1a1c0000, 0x000001ee21330000]
CodeHeap 'profiled nmethods': size=119104Kb used=12914Kb max_used=12914Kb free=106189Kb
 bounds [0x000001ee12330000, 0x000001ee12fd0000, 0x000001ee19780000]
CodeHeap 'non-nmethods': size=7488Kb used=3045Kb max_used=3092Kb free=4442Kb
 bounds [0x000001ee19780000, 0x000001ee19a90000, 0x000001ee19ed0000]
CodeCache: size=245760Kb, used=18914Kb, max_used=18961Kb, free=226844Kb
 total_blobs=6506, nmethods=5850, adapters=559, full_count=0
Compilation: enabled, stopped_count=0, restarted_count=0

Compilation events (20 events):
Event: 5.929 Thread 0x000001ee0dc03fe0 5855       3       org.objectweb.asm.tree.MethodNode::visitMaxs (11 bytes)
Event: 5.929 Thread 0x000001ee0dc03fe0 nmethod 5855 0x000001ee12fc5390 code [0x000001ee12fc5520, 0x000001ee12fc5630]
Event: 5.929 Thread 0x000001ee0dc04d80 5856       3       org.objectweb.asm.MethodVisitor::visitCode (15 bytes)
Event: 5.929 Thread 0x000001ee0dc03fe0 5857       3       org.objectweb.asm.MethodWriter::visitCode (1 bytes)
Event: 5.936 Thread 0x000001ee0dbf2130 nmethod 5073 0x000001ee1a197a10 code [0x000001ee1a198520, 0x000001ee1a1a05f0]
Event: 5.939 Thread 0x000001ee0dc061f0 nmethod 5648 0x000001ee1a1a5690 code [0x000001ee1a1a58c0, 0x000001ee1a1a5fa0]
Event: 5.941 Thread 0x000001ee0dc061f0 5694       4       org.eclipse.osgi.internal.debug.Debug::loaderWithClass (40 bytes)
Event: 5.945 Thread 0x000001ee7066a080 nmethod 5414 0x000001ee1a1a6510 code [0x000001ee1a1a6c20, 0x000001ee1a1ab368]
Event: 5.945 Thread 0x000001ee0dbf2130 5691       4       org.eclipse.core.internal.watson.ElementTreeIterator::requestPath (100 bytes)
Event: 5.951 Thread 0x000001ee7066a080 5775       4       jdk.internal.org.objectweb.asm.SymbolTable::addType (81 bytes)
Event: 5.956 Thread 0x000001ee7066a080 nmethod 5775 0x000001ee1a1af290 code [0x000001ee1a1af460, 0x000001ee1a1af888]
Event: 5.957 Thread 0x000001ee7066a080 5843       4       org.eclipse.osgi.internal.loader.classpath.ClasspathEntry::findEntry (56 bytes)
Event: 5.970 Thread 0x000001ee0dc061f0 nmethod 5694 0x000001ee1a1afb10 code [0x000001ee1a1afdc0, 0x000001ee1a1b0ce8]
Event: 5.971 Thread 0x000001ee0dc061f0 5789       4       java.lang.PublicMethods$Key::matches (31 bytes)
Event: 5.974 Thread 0x000001ee0dc061f0 nmethod 5789 0x000001ee1a1b1710 code [0x000001ee1a1b18c0, 0x000001ee1a1b1ae8]
Event: 5.974 Thread 0x000001ee0dc061f0 5688       4       org.eclipse.core.internal.resources.Resource::getFlags (13 bytes)
Event: 5.975 Thread 0x000001ee0dc061f0 nmethod 5688 0x000001ee1a1b1c10 code [0x000001ee1a1b1da0, 0x000001ee1a1b1e38]
Event: 5.975 Thread 0x000001ee0dc061f0 5657       4       org.codehaus.plexus.util.xml.pull.MXParser::more (106 bytes)
Event: 5.978 Thread 0x000001ee0dc061f0 nmethod 5657 0x000001ee1a1b1f10 code [0x000001ee1a1b20a0, 0x000001ee1a1b21f8]
Event: 5.978 Thread 0x000001ee0dc061f0 5842   !   4       org.eclipse.osgi.internal.loader.classpath.ClasspathManager::findClassImpl (328 bytes)

GC Heap History (20 events):
Event: 4.182 GC heap before
{Heap before GC invocations=8 (full 0):
 PSYoungGen      total 28672K, used 28354K [0x00000000d5580000, 0x00000000d7800000, 0x0000000100000000)
  eden space 23040K, 100% used [0x00000000d5580000,0x00000000d6c00000,0x00000000d6c00000)
  from space 5632K, 94% used [0x00000000d6c80000,0x00000000d71b0b78,0x00000000d7200000)
  to   space 6144K, 0% used [0x00000000d7200000,0x00000000d7200000,0x00000000d7800000)
 ParOldGen       total 68608K, used 10867K [0x0000000080000000, 0x0000000084300000, 0x00000000d5580000)
  object space 68608K, 15% used [0x0000000080000000,0x0000000080a9cf38,0x0000000084300000)
 Metaspace       used 18221K, committed 18944K, reserved 1114112K
  class space    used 1887K, committed 2176K, reserved 1048576K
}
Event: 4.184 GC heap after
{Heap after GC invocations=8 (full 0):
 PSYoungGen      total 26624K, used 4083K [0x00000000d5580000, 0x00000000d7600000, 0x0000000100000000)
  eden space 22528K, 0% used [0x00000000d5580000,0x00000000d5580000,0x00000000d6b80000)
  from space 4096K, 99% used [0x00000000d7200000,0x00000000d75fcc40,0x00000000d7600000)
  to   space 5120K, 0% used [0x00000000d6c00000,0x00000000d6c00000,0x00000000d7100000)
 ParOldGen       total 68608K, used 12540K [0x0000000080000000, 0x0000000084300000, 0x00000000d5580000)
  object space 68608K, 18% used [0x0000000080000000,0x0000000080c3f240,0x0000000084300000)
 Metaspace       used 18221K, committed 18944K, reserved 1114112K
  class space    used 1887K, committed 2176K, reserved 1048576K
}
Event: 4.439 GC heap before
{Heap before GC invocations=9 (full 0):
 PSYoungGen      total 26624K, used 26611K [0x00000000d5580000, 0x00000000d7600000, 0x0000000100000000)
  eden space 22528K, 100% used [0x00000000d5580000,0x00000000d6b80000,0x00000000d6b80000)
  from space 4096K, 99% used [0x00000000d7200000,0x00000000d75fcc40,0x00000000d7600000)
  to   space 5120K, 0% used [0x00000000d6c00000,0x00000000d6c00000,0x00000000d7100000)
 ParOldGen       total 68608K, used 12540K [0x0000000080000000, 0x0000000084300000, 0x00000000d5580000)
  object space 68608K, 18% used [0x0000000080000000,0x0000000080c3f240,0x0000000084300000)
 Metaspace       used 20105K, committed 20928K, reserved 1114112K
  class space    used 2100K, committed 2496K, reserved 1048576K
}
Event: 4.441 GC heap after
{Heap after GC invocations=9 (full 0):
 PSYoungGen      total 26112K, used 3849K [0x00000000d5580000, 0x00000000d7300000, 0x0000000100000000)
  eden space 22016K, 0% used [0x00000000d5580000,0x00000000d5580000,0x00000000d6b00000)
  from space 4096K, 93% used [0x00000000d6c00000,0x00000000d6fc2418,0x00000000d7000000)
  to   space 3072K, 0% used [0x00000000d7000000,0x00000000d7000000,0x00000000d7300000)
 ParOldGen       total 68608K, used 14045K [0x0000000080000000, 0x0000000084300000, 0x00000000d5580000)
  object space 68608K, 20% used [0x0000000080000000,0x0000000080db7538,0x0000000084300000)
 Metaspace       used 20105K, committed 20928K, reserved 1114112K
  class space    used 2100K, committed 2496K, reserved 1048576K
}
Event: 4.471 GC heap before
{Heap before GC invocations=10 (full 0):
 PSYoungGen      total 26112K, used 7041K [0x00000000d5580000, 0x00000000d7300000, 0x0000000100000000)
  eden space 22016K, 14% used [0x00000000d5580000,0x00000000d589e028,0x00000000d6b00000)
  from space 4096K, 93% used [0x00000000d6c00000,0x00000000d6fc2418,0x00000000d7000000)
  to   space 3072K, 0% used [0x00000000d7000000,0x00000000d7000000,0x00000000d7300000)
 ParOldGen       total 68608K, used 14045K [0x0000000080000000, 0x0000000084300000, 0x00000000d5580000)
  object space 68608K, 20% used [0x0000000080000000,0x0000000080db7538,0x0000000084300000)
 Metaspace       used 20641K, committed 21504K, reserved 1114112K
  class space    used 2163K, committed 2560K, reserved 1048576K
}
Event: 4.473 GC heap after
{Heap after GC invocations=10 (full 0):
 PSYoungGen      total 24064K, used 1639K [0x00000000d5580000, 0x00000000d7200000, 0x0000000100000000)
  eden space 22016K, 0% used [0x00000000d5580000,0x00000000d5580000,0x00000000d6b00000)
  from space 2048K, 80% used [0x00000000d7000000,0x00000000d7199d48,0x00000000d7200000)
  to   space 2560K, 0% used [0x00000000d6d00000,0x00000000d6d00000,0x00000000d6f80000)
 ParOldGen       total 68608K, used 16265K [0x0000000080000000, 0x0000000084300000, 0x00000000d5580000)
  object space 68608K, 23% used [0x0000000080000000,0x0000000080fe27a0,0x0000000084300000)
 Metaspace       used 20641K, committed 21504K, reserved 1114112K
  class space    used 2163K, committed 2560K, reserved 1048576K
}
Event: 4.473 GC heap before
{Heap before GC invocations=11 (full 1):
 PSYoungGen      total 24064K, used 1639K [0x00000000d5580000, 0x00000000d7200000, 0x0000000100000000)
  eden space 22016K, 0% used [0x00000000d5580000,0x00000000d5580000,0x00000000d6b00000)
  from space 2048K, 80% used [0x00000000d7000000,0x00000000d7199d48,0x00000000d7200000)
  to   space 2560K, 0% used [0x00000000d6d00000,0x00000000d6d00000,0x00000000d6f80000)
 ParOldGen       total 68608K, used 16265K [0x0000000080000000, 0x0000000084300000, 0x00000000d5580000)
  object space 68608K, 23% used [0x0000000080000000,0x0000000080fe27a0,0x0000000084300000)
 Metaspace       used 20641K, committed 21504K, reserved 1114112K
  class space    used 2163K, committed 2560K, reserved 1048576K
}
Event: 4.501 GC heap after
{Heap after GC invocations=11 (full 1):
 PSYoungGen      total 24064K, used 0K [0x00000000d5580000, 0x00000000d7200000, 0x0000000100000000)
  eden space 22016K, 0% used [0x00000000d5580000,0x00000000d5580000,0x00000000d6b00000)
  from space 2048K, 0% used [0x00000000d7000000,0x00000000d7000000,0x00000000d7200000)
  to   space 2560K, 0% used [0x00000000d6d00000,0x00000000d6d00000,0x00000000d6f80000)
 ParOldGen       total 68608K, used 15602K [0x0000000080000000, 0x0000000084300000, 0x00000000d5580000)
  object space 68608K, 22% used [0x0000000080000000,0x0000000080f3c868,0x0000000084300000)
 Metaspace       used 20629K, committed 21504K, reserved 1114112K
  class space    used 2159K, committed 2560K, reserved 1048576K
}
Event: 4.826 GC heap before
{Heap before GC invocations=12 (full 1):
 PSYoungGen      total 24064K, used 22016K [0x00000000d5580000, 0x00000000d7200000, 0x0000000100000000)
  eden space 22016K, 100% used [0x00000000d5580000,0x00000000d6b00000,0x00000000d6b00000)
  from space 2048K, 0% used [0x00000000d7000000,0x00000000d7000000,0x00000000d7200000)
  to   space 2560K, 0% used [0x00000000d6d00000,0x00000000d6d00000,0x00000000d6f80000)
 ParOldGen       total 68608K, used 15602K [0x0000000080000000, 0x0000000084300000, 0x00000000d5580000)
  object space 68608K, 22% used [0x0000000080000000,0x0000000080f3c868,0x0000000084300000)
 Metaspace       used 22951K, committed 23936K, reserved 1114112K
  class space    used 2382K, committed 2816K, reserved 1048576K
}
Event: 4.828 GC heap after
{Heap after GC invocations=12 (full 1):
 PSYoungGen      total 24576K, used 2349K [0x00000000d5580000, 0x00000000d7080000, 0x0000000100000000)
  eden space 22016K, 0% used [0x00000000d5580000,0x00000000d5580000,0x00000000d6b00000)
  from space 2560K, 91% used [0x00000000d6d00000,0x00000000d6f4b5a0,0x00000000d6f80000)
  to   space 1024K, 0% used [0x00000000d6f80000,0x00000000d6f80000,0x00000000d7080000)
 ParOldGen       total 68608K, used 15610K [0x0000000080000000, 0x0000000084300000, 0x00000000d5580000)
  object space 68608K, 22% used [0x0000000080000000,0x0000000080f3e868,0x0000000084300000)
 Metaspace       used 22951K, committed 23936K, reserved 1114112K
  class space    used 2382K, committed 2816K, reserved 1048576K
}
Event: 4.942 GC heap before
{Heap before GC invocations=13 (full 1):
 PSYoungGen      total 24576K, used 24338K [0x00000000d5580000, 0x00000000d7080000, 0x0000000100000000)
  eden space 22016K, 99% used [0x00000000d5580000,0x00000000d6af9450,0x00000000d6b00000)
  from space 2560K, 91% used [0x00000000d6d00000,0x00000000d6f4b5a0,0x00000000d6f80000)
  to   space 1024K, 0% used [0x00000000d6f80000,0x00000000d6f80000,0x00000000d7080000)
 ParOldGen       total 68608K, used 15610K [0x0000000080000000, 0x0000000084300000, 0x00000000d5580000)
  object space 68608K, 22% used [0x0000000080000000,0x0000000080f3e868,0x0000000084300000)
 Metaspace       used 24712K, committed 25664K, reserved 1114112K
  class space    used 2470K, committed 2880K, reserved 1048576K
}
Event: 4.944 GC heap after
{Heap after GC invocations=13 (full 1):
 PSYoungGen      total 22528K, used 454K [0x00000000d5580000, 0x00000000d7000000, 0x0000000100000000)
  eden space 22016K, 0% used [0x00000000d5580000,0x00000000d5580000,0x00000000d6b00000)
  from space 512K, 88% used [0x00000000d6f80000,0x00000000d6ff18d0,0x00000000d7000000)
  to   space 1536K, 0% used [0x00000000d6d00000,0x00000000d6d00000,0x00000000d6e80000)
 ParOldGen       total 68608K, used 17691K [0x0000000080000000, 0x0000000084300000, 0x00000000d5580000)
  object space 68608K, 25% used [0x0000000080000000,0x0000000081146f38,0x0000000084300000)
 Metaspace       used 24712K, committed 25664K, reserved 1114112K
  class space    used 2470K, committed 2880K, reserved 1048576K
}
Event: 5.143 GC heap before
{Heap before GC invocations=14 (full 1):
 PSYoungGen      total 22528K, used 22440K [0x00000000d5580000, 0x00000000d7000000, 0x0000000100000000)
  eden space 22016K, 99% used [0x00000000d5580000,0x00000000d6af8b08,0x00000000d6b00000)
  from space 512K, 88% used [0x00000000d6f80000,0x00000000d6ff18d0,0x00000000d7000000)
  to   space 1536K, 0% used [0x00000000d6d00000,0x00000000d6d00000,0x00000000d6e80000)
 ParOldGen       total 68608K, used 17691K [0x0000000080000000, 0x0000000084300000, 0x00000000d5580000)
  object space 68608K, 25% used [0x0000000080000000,0x0000000081146f38,0x0000000084300000)
 Metaspace       used 26949K, committed 27904K, reserved 1114112K
  class space    used 2651K, committed 3072K, reserved 1048576K
}
Event: 5.144 GC heap after
{Heap after GC invocations=14 (full 1):
 PSYoungGen      total 23552K, used 472K [0x00000000d5580000, 0x00000000d7000000, 0x0000000100000000)
  eden space 22016K, 0% used [0x00000000d5580000,0x00000000d5580000,0x00000000d6b00000)
  from space 1536K, 30% used [0x00000000d6d00000,0x00000000d6d76090,0x00000000d6e80000)
  to   space 1024K, 0% used [0x00000000d6f00000,0x00000000d6f00000,0x00000000d7000000)
 ParOldGen       total 68608K, used 17835K [0x0000000080000000, 0x0000000084300000, 0x00000000d5580000)
  object space 68608K, 25% used [0x0000000080000000,0x000000008116af38,0x0000000084300000)
 Metaspace       used 26949K, committed 27904K, reserved 1114112K
  class space    used 2651K, committed 3072K, reserved 1048576K
}
Event: 5.267 GC heap before
{Heap before GC invocations=15 (full 1):
 PSYoungGen      total 23552K, used 22488K [0x00000000d5580000, 0x00000000d7000000, 0x0000000100000000)
  eden space 22016K, 100% used [0x00000000d5580000,0x00000000d6b00000,0x00000000d6b00000)
  from space 1536K, 30% used [0x00000000d6d00000,0x00000000d6d76090,0x00000000d6e80000)
  to   space 1024K, 0% used [0x00000000d6f00000,0x00000000d6f00000,0x00000000d7000000)
 ParOldGen       total 68608K, used 17835K [0x0000000080000000, 0x0000000084300000, 0x00000000d5580000)
  object space 68608K, 25% used [0x0000000080000000,0x000000008116af38,0x0000000084300000)
 Metaspace       used 28051K, committed 29056K, reserved 1114112K
  class space    used 2729K, committed 3200K, reserved 1048576K
}
Event: 5.269 GC heap after
{Heap after GC invocations=15 (full 1):
 PSYoungGen      total 23040K, used 686K [0x00000000d5580000, 0x00000000d7000000, 0x0000000100000000)
  eden space 22016K, 0% used [0x00000000d5580000,0x00000000d5580000,0x00000000d6b00000)
  from space 1024K, 67% used [0x00000000d6f00000,0x00000000d6fab8a0,0x00000000d7000000)
  to   space 1024K, 0% used [0x00000000d6e00000,0x00000000d6e00000,0x00000000d6f00000)
 ParOldGen       total 68608K, used 19572K [0x0000000080000000, 0x0000000084300000, 0x00000000d5580000)
  object space 68608K, 28% used [0x0000000080000000,0x000000008131d2b0,0x0000000084300000)
 Metaspace       used 28051K, committed 29056K, reserved 1114112K
  class space    used 2729K, committed 3200K, reserved 1048576K
}
Event: 5.500 GC heap before
{Heap before GC invocations=16 (full 1):
 PSYoungGen      total 23040K, used 22702K [0x00000000d5580000, 0x00000000d7000000, 0x0000000100000000)
  eden space 22016K, 100% used [0x00000000d5580000,0x00000000d6b00000,0x00000000d6b00000)
  from space 1024K, 67% used [0x00000000d6f00000,0x00000000d6fab8a0,0x00000000d7000000)
  to   space 1024K, 0% used [0x00000000d6e00000,0x00000000d6e00000,0x00000000d6f00000)
 ParOldGen       total 68608K, used 19572K [0x0000000080000000, 0x0000000084300000, 0x00000000d5580000)
  object space 68608K, 28% used [0x0000000080000000,0x000000008131d2b0,0x0000000084300000)
 Metaspace       used 29488K, committed 30464K, reserved 1114112K
  class space    used 2848K, committed 3264K, reserved 1048576K
}
Event: 5.501 GC heap after
{Heap after GC invocations=16 (full 1):
 PSYoungGen      total 23040K, used 996K [0x00000000d5580000, 0x00000000d6f80000, 0x0000000100000000)
  eden space 22016K, 0% used [0x00000000d5580000,0x00000000d5580000,0x00000000d6b00000)
  from space 1024K, 97% used [0x00000000d6e00000,0x00000000d6ef91b8,0x00000000d6f00000)
  to   space 512K, 0% used [0x00000000d6f00000,0x00000000d6f00000,0x00000000d6f80000)
 ParOldGen       total 68608K, used 19970K [0x0000000080000000, 0x0000000084300000, 0x00000000d5580000)
  object space 68608K, 29% used [0x0000000080000000,0x0000000081380ad0,0x0000000084300000)
 Metaspace       used 29488K, committed 30464K, reserved 1114112K
  class space    used 2848K, committed 3264K, reserved 1048576K
}
Event: 5.747 GC heap before
{Heap before GC invocations=17 (full 1):
 PSYoungGen      total 23040K, used 23012K [0x00000000d5580000, 0x00000000d6f80000, 0x0000000100000000)
  eden space 22016K, 100% used [0x00000000d5580000,0x00000000d6b00000,0x00000000d6b00000)
  from space 1024K, 97% used [0x00000000d6e00000,0x00000000d6ef91b8,0x00000000d6f00000)
  to   space 512K, 0% used [0x00000000d6f00000,0x00000000d6f00000,0x00000000d6f80000)
 ParOldGen       total 68608K, used 19970K [0x0000000080000000, 0x0000000084300000, 0x00000000d5580000)
  object space 68608K, 29% used [0x0000000080000000,0x0000000081380ad0,0x0000000084300000)
 Metaspace       used 31925K, committed 33088K, reserved 1114112K
  class space    used 3120K, committed 3648K, reserved 1048576K
}
Event: 5.749 GC heap after
{Heap after GC invocations=17 (full 1):
 PSYoungGen      total 22528K, used 499K [0x00000000d5580000, 0x00000000d6f80000, 0x0000000100000000)
  eden space 22016K, 0% used [0x00000000d5580000,0x00000000d5580000,0x00000000d6b00000)
  from space 512K, 97% used [0x00000000d6f00000,0x00000000d6f7ce68,0x00000000d6f80000)
  to   space 2048K, 0% used [0x00000000d6b80000,0x00000000d6b80000,0x00000000d6d80000)
 ParOldGen       total 68608K, used 21392K [0x0000000080000000, 0x0000000084300000, 0x00000000d5580000)
  object space 68608K, 31% used [0x0000000080000000,0x00000000814e42a8,0x0000000084300000)
 Metaspace       used 31925K, committed 33088K, reserved 1114112K
  class space    used 3120K, committed 3648K, reserved 1048576K
}

Dll operation events (10 events):
Event: 0.006 Loaded shared library c:\Users\26738\.vscode\extensions\redhat.java-1.54.0-win32-x64\jre\21.0.10-win32-x86_64\bin\java.dll
Event: 0.023 Loaded shared library c:\Users\26738\.vscode\extensions\redhat.java-1.54.0-win32-x64\jre\21.0.10-win32-x86_64\bin\zip.dll
Event: 0.058 Loaded shared library C:\Users\26738\.vscode\extensions\redhat.java-1.54.0-win32-x64\jre\21.0.10-win32-x86_64\bin\instrument.dll
Event: 0.060 Loaded shared library C:\Users\26738\.vscode\extensions\redhat.java-1.54.0-win32-x64\jre\21.0.10-win32-x86_64\bin\net.dll
Event: 0.062 Loaded shared library C:\Users\26738\.vscode\extensions\redhat.java-1.54.0-win32-x64\jre\21.0.10-win32-x86_64\bin\nio.dll
Event: 0.064 Loaded shared library C:\Users\26738\.vscode\extensions\redhat.java-1.54.0-win32-x64\jre\21.0.10-win32-x86_64\bin\zip.dll
Event: 0.075 Loaded shared library C:\Users\26738\.vscode\extensions\redhat.java-1.54.0-win32-x64\jre\21.0.10-win32-x86_64\bin\jimage.dll
Event: 0.122 Loaded shared library c:\Users\26738\.vscode\extensions\redhat.java-1.54.0-win32-x64\jre\21.0.10-win32-x86_64\bin\verify.dll
Event: 0.722 Loaded shared library C:\Users\26738\AppData\Roaming\Code\User\globalStorage\redhat.java\1.54.0\config_win\org.eclipse.equinox.launcher\org.eclipse.equinox.launcher.win32.win32.x86_64_1.3.0.v20260203-2149\eclipse_11919.dll
Event: 3.998 Loaded shared library C:\Users\26738\AppData\Local\Temp\jna-47839256\jna15749513777124163786.dll

Deoptimization events (20 events):
Event: 5.790 Thread 0x000001ee6f7c7490 Uncommon trap: trap_request=0xffffff45 fr.pc=0x000001ee1a0dd688 relative=0x0000000000001e28
Event: 5.790 Thread 0x000001ee6f7c7490 Uncommon trap: reason=unstable_if action=reinterpret pc=0x000001ee1a0dd688 method=sun.nio.fs.WindowsPathParser.nextNonSlash(Ljava/lang/String;II)I @ 2 c2
Event: 5.790 Thread 0x000001ee6f7c7490 DEOPT PACKING pc=0x000001ee1a0dd688 sp=0x000000565aefd100
Event: 5.790 Thread 0x000001ee6f7c7490 DEOPT UNPACKING pc=0x000001ee197d3aa2 sp=0x000000565aefd080 mode 2
Event: 5.791 Thread 0x000001ee6f7c7490 DEOPT PACKING pc=0x000001ee12d956b4 sp=0x000000565aefdf70
Event: 5.791 Thread 0x000001ee6f7c7490 DEOPT UNPACKING pc=0x000001ee197d4242 sp=0x000000565aefd468 mode 0
Event: 5.838 Thread 0x000001ee6f4d31f0 Uncommon trap: trap_request=0xffffffde fr.pc=0x000001ee1a0c9014 relative=0x00000000000000b4
Event: 5.838 Thread 0x000001ee6f4d31f0 Uncommon trap: reason=class_check action=maybe_recompile pc=0x000001ee1a0c9014 method=java.lang.invoke.LambdaForm$MH/0x000001ee270b4400.invoke(Ljava/lang/Object;Ljava/lang/Object;)I @ 11 c2
Event: 5.838 Thread 0x000001ee6f4d31f0 DEOPT PACKING pc=0x000001ee1a0c9014 sp=0x000000565a4fcb90
Event: 5.838 Thread 0x000001ee6f4d31f0 DEOPT UNPACKING pc=0x000001ee197d3aa2 sp=0x000000565a4fcb18 mode 2
Event: 5.849 Thread 0x000001ee6f4d31f0 DEOPT PACKING pc=0x000001ee12847d64 sp=0x000000565a4fde70
Event: 5.849 Thread 0x000001ee6f4d31f0 DEOPT UNPACKING pc=0x000001ee197d4242 sp=0x000000565a4fd408 mode 0
Event: 5.856 Thread 0x000001ee6f4d31f0 Uncommon trap: trap_request=0xffffff45 fr.pc=0x000001ee1a0fcb88 relative=0x00000000000006e8
Event: 5.856 Thread 0x000001ee6f4d31f0 Uncommon trap: reason=unstable_if action=reinterpret pc=0x000001ee1a0fcb88 method=java.util.concurrent.locks.ReentrantReadWriteLock$Sync.tryReleaseShared(I)Z @ 129 c2
Event: 5.856 Thread 0x000001ee6f4d31f0 DEOPT PACKING pc=0x000001ee1a0fcb88 sp=0x000000565a4fe620
Event: 5.856 Thread 0x000001ee6f4d31f0 DEOPT UNPACKING pc=0x000001ee197d3aa2 sp=0x000000565a4fe428 mode 2
Event: 5.914 Thread 0x000001ee0db51710 Uncommon trap: trap_request=0xffffff45 fr.pc=0x000001ee1a0faedc relative=0x000000000000017c
Event: 5.914 Thread 0x000001ee0db51710 Uncommon trap: reason=unstable_if action=reinterpret pc=0x000001ee1a0faedc method=java.util.concurrent.locks.ReentrantReadWriteLock$Sync.tryReleaseShared(I)Z @ 129 c2
Event: 5.914 Thread 0x000001ee0db51710 DEOPT PACKING pc=0x000001ee1a0faedc sp=0x00000056585fa620
Event: 5.914 Thread 0x000001ee0db51710 DEOPT UNPACKING pc=0x000001ee197d3aa2 sp=0x00000056585fa598 mode 2

Classes loaded (20 events):
Event: 5.768 Loading class java/util/concurrent/atomic/AtomicReferenceFieldUpdater$AtomicReferenceFieldUpdaterImpl$1
Event: 5.768 Loading class java/util/concurrent/atomic/AtomicReferenceFieldUpdater$AtomicReferenceFieldUpdaterImpl$1 done
Event: 5.788 Loading class java/io/UncheckedIOException
Event: 5.788 Loading class java/io/UncheckedIOException done
Event: 5.807 Loading class sun/nio/fs/WindowsException
Event: 5.808 Loading class sun/nio/fs/WindowsException done
Event: 5.822 Loading class sun/net/www/protocol/https/Handler
Event: 5.822 Loading class sun/net/www/protocol/http/Handler
Event: 5.822 Loading class sun/net/www/protocol/http/Handler done
Event: 5.822 Loading class sun/net/www/protocol/https/Handler done
Event: 5.846 Loading class java/lang/Runtime$VersionPattern
Event: 5.847 Loading class java/lang/Runtime$VersionPattern done
Event: 5.873 Loading class java/io/FilterReader
Event: 5.873 Loading class java/io/FilterReader done
Event: 5.890 Loading class java/util/concurrent/Executors$DefaultThreadFactory
Event: 5.890 Loading class java/util/concurrent/Executors$DefaultThreadFactory done
Event: 5.923 Loading class java/lang/ProcessHandle
Event: 5.923 Loading class java/lang/ProcessHandle done
Event: 5.923 Loading class java/lang/ProcessHandleImpl
Event: 6.927 Loading class java/lang/ProcessHandleImpl done

Classes unloaded (7 events):
Event: 4.479 Thread 0x000001ee68704fa0 Unloading class 0x000001ee271ad000 'java/lang/invoke/LambdaForm$MH+0x000001ee271ad000'
Event: 4.479 Thread 0x000001ee68704fa0 Unloading class 0x000001ee271acc00 'java/lang/invoke/LambdaForm$MH+0x000001ee271acc00'
Event: 4.479 Thread 0x000001ee68704fa0 Unloading class 0x000001ee271ac800 'java/lang/invoke/LambdaForm$MH+0x000001ee271ac800'
Event: 4.479 Thread 0x000001ee68704fa0 Unloading class 0x000001ee271ac400 'java/lang/invoke/LambdaForm$MH+0x000001ee271ac400'
Event: 4.479 Thread 0x000001ee68704fa0 Unloading class 0x000001ee271ac000 'java/lang/invoke/LambdaForm$BMH+0x000001ee271ac000'
Event: 4.479 Thread 0x000001ee68704fa0 Unloading class 0x000001ee271abc00 'java/lang/invoke/LambdaForm$DMH+0x000001ee271abc00'
Event: 4.479 Thread 0x000001ee68704fa0 Unloading class 0x000001ee271aac00 'java/lang/invoke/LambdaForm$DMH+0x000001ee271aac00'

Classes redefined (0 events):
No events

Internal exceptions (20 events):
Event: 5.828 Thread 0x000001ee6f7c7490 Exception <a 'sun/nio/fs/WindowsException'{0x00000000d5d86e10}> (0x00000000d5d86e10) 
thrown [s\src\hotspot\share\prims\jni.cpp, line 520]
Event: 5.833 Thread 0x000001ee6f7c7490 Exception <a 'java/lang/NoSuchMethodError'{0x00000000d5d9bef0}: 'void java.lang.invoke.DirectMethodHandle$Holder.invokeVirtual(java.lang.Object, java.lang.Object, java.lang.Object, java.lang.Object)'> (0x00000000d5d9bef0) 
thrown [s\src\hotspot\share\interpreter\linkResolver.cpp, line 773]
Event: 5.838 Thread 0x000001ee6f4d31f0 Exception <a 'java/lang/UnsatisfiedLinkError'{0x00000000d5df24d8}: 找不到指定的程序。
> (0x00000000d5df24d8) 
thrown [s\src\hotspot\share\prims\jni.cpp, line 539]
Event: 5.841 Thread 0x000001ee6f7c7490 Exception <a 'sun/nio/fs/WindowsException'{0x00000000d5e63af8}> (0x00000000d5e63af8) 
thrown [s\src\hotspot\share\prims\jni.cpp, line 520]
Event: 5.841 Thread 0x000001ee6f7c7490 Exception <a 'sun/nio/fs/WindowsException'{0x00000000d5e64600}> (0x00000000d5e64600) 
thrown [s\src\hotspot\share\prims\jni.cpp, line 520]
Event: 5.843 Thread 0x000001ee6f7c7490 Exception <a 'sun/nio/fs/WindowsException'{0x00000000d5e6db40}> (0x00000000d5e6db40) 
thrown [s\src\hotspot\share\prims\jni.cpp, line 520]
Event: 5.843 Thread 0x000001ee6f7c7490 Exception <a 'sun/nio/fs/WindowsException'{0x00000000d5e6e3a0}> (0x00000000d5e6e3a0) 
thrown [s\src\hotspot\share\prims\jni.cpp, line 520]
Event: 5.844 Thread 0x000001ee6f7c7490 Exception <a 'sun/nio/fs/WindowsException'{0x00000000d5ea2238}> (0x00000000d5ea2238) 
thrown [s\src\hotspot\share\prims\jni.cpp, line 520]
Event: 5.844 Thread 0x000001ee6f7c7490 Exception <a 'sun/nio/fs/WindowsException'{0x00000000d5ea2d40}> (0x00000000d5ea2d40) 
thrown [s\src\hotspot\share\prims\jni.cpp, line 520]
Event: 5.845 Thread 0x000001ee6f7c7490 Exception <a 'sun/nio/fs/WindowsException'{0x00000000d5ea5d30}> (0x00000000d5ea5d30) 
thrown [s\src\hotspot\share\prims\jni.cpp, line 520]
Event: 5.845 Thread 0x000001ee6f7c7490 Exception <a 'sun/nio/fs/WindowsException'{0x00000000d5ea6590}> (0x00000000d5ea6590) 
thrown [s\src\hotspot\share\prims\jni.cpp, line 520]
Event: 5.846 Thread 0x000001ee6f7c7490 Exception <a 'sun/nio/fs/WindowsException'{0x00000000d5eb5a78}> (0x00000000d5eb5a78) 
thrown [s\src\hotspot\share\prims\jni.cpp, line 520]
Event: 5.846 Thread 0x000001ee6f7c7490 Exception <a 'sun/nio/fs/WindowsException'{0x00000000d5eb62d0}> (0x00000000d5eb62d0) 
thrown [s\src\hotspot\share\prims\jni.cpp, line 520]
Event: 5.847 Thread 0x000001ee6f7c7490 Exception <a 'sun/nio/fs/WindowsException'{0x00000000d5ebc348}> (0x00000000d5ebc348) 
thrown [s\src\hotspot\share\prims\jni.cpp, line 520]
Event: 5.847 Thread 0x000001ee6f7c7490 Exception <a 'sun/nio/fs/WindowsException'{0x00000000d5ebc8f8}> (0x00000000d5ebc8f8) 
thrown [s\src\hotspot\share\prims\jni.cpp, line 520]
Event: 5.867 Thread 0x000001ee6f7c7490 Exception <a 'sun/nio/fs/WindowsException'{0x00000000d5fe3e28}> (0x00000000d5fe3e28) 
thrown [s\src\hotspot\share\prims\jni.cpp, line 520]
Event: 5.867 Thread 0x000001ee6f7c7490 Exception <a 'sun/nio/fs/WindowsException'{0x00000000d5fe4688}> (0x00000000d5fe4688) 
thrown [s\src\hotspot\share\prims\jni.cpp, line 520]
Event: 5.876 Thread 0x000001ee6f7c7490 Exception <a 'sun/nio/fs/WindowsException'{0x00000000d6170c10}> (0x00000000d6170c10) 
thrown [s\src\hotspot\share\prims\jni.cpp, line 520]
Event: 5.876 Thread 0x000001ee6f7c7490 Exception <a 'sun/nio/fs/WindowsException'{0x00000000d61711c0}> (0x00000000d61711c0) 
thrown [s\src\hotspot\share\prims\jni.cpp, line 520]
Event: 5.884 Thread 0x000001ee6f7c7490 Exception <a 'java/io/FileNotFoundException'{0x00000000d6299ed0}> (0x00000000d6299ed0) 
thrown [s\src\hotspot\share\prims\jni.cpp, line 520]

ZGC Phase Switch (0 events):
No events

VM Operations (20 events):
Event: 4.944 Executing safepoint VM operation: ParallelGCFailedAllocation (Allocation Failure) done
Event: 5.143 Executing safepoint VM operation: ParallelGCFailedAllocation (Allocation Failure)
Event: 5.144 Executing safepoint VM operation: ParallelGCFailedAllocation (Allocation Failure) done
Event: 5.267 Executing safepoint VM operation: ParallelGCFailedAllocation (Allocation Failure)
Event: 5.269 Executing safepoint VM operation: ParallelGCFailedAllocation (Allocation Failure) done
Event: 5.436 Executing non-safepoint VM operation: HandshakeAllThreads (Deoptimize)
Event: 5.436 Executing non-safepoint VM operation: HandshakeAllThreads (Deoptimize) done
Event: 5.500 Executing safepoint VM operation: ParallelGCFailedAllocation (Allocation Failure)
Event: 5.501 Executing safepoint VM operation: ParallelGCFailedAllocation (Allocation Failure) done
Event: 5.577 Executing non-safepoint VM operation: HandshakeAllThreads (Deoptimize)
Event: 5.577 Executing non-safepoint VM operation: HandshakeAllThreads (Deoptimize) done
Event: 5.587 Executing non-safepoint VM operation: HandshakeAllThreads (Deoptimize)
Event: 5.587 Executing non-safepoint VM operation: HandshakeAllThreads (Deoptimize) done
Event: 5.694 Executing non-safepoint VM operation: HandshakeAllThreads (Deoptimize)
Event: 5.694 Executing non-safepoint VM operation: HandshakeAllThreads (Deoptimize) done
Event: 5.747 Executing safepoint VM operation: ParallelGCFailedAllocation (Allocation Failure)
Event: 5.749 Executing safepoint VM operation: ParallelGCFailedAllocation (Allocation Failure) done
Event: 5.787 Executing non-safepoint VM operation: HandshakeAllThreads (Deoptimize)
Event: 5.787 Executing non-safepoint VM operation: HandshakeAllThreads (Deoptimize) done
Event: 6.800 Executing safepoint VM operation: Cleanup

Memory protections (0 events):
No events

Nmethod flushes (0 events):
No events

Events (20 events):
Event: 1.212 Thread 0x000001ee0dc061f0 Thread exited: 0x000001ee0dc061f0
Event: 1.212 Thread 0x000001ee0dc05b20 Thread exited: 0x000001ee0dc05b20
Event: 1.212 Thread 0x000001ee0dc02b70 Thread exited: 0x000001ee0dc02b70
Event: 3.167 Thread 0x000001ee6f4d31f0 Thread added: 0x000001ee6f290b10
Event: 3.243 Thread 0x000001ee0dc03910 Thread added: 0x000001ee0dc061f0
Event: 3.244 Thread 0x000001ee0dc03910 Thread added: 0x000001ee0dc05450
Event: 3.244 Thread 0x000001ee0dc03910 Thread added: 0x000001ee0dc05b20
Event: 3.482 Thread 0x000001ee6f4d31f0 Thread added: 0x000001ee6f7697b0
Event: 3.532 Thread 0x000001ee0dc05b20 Thread exited: 0x000001ee0dc05b20
Event: 3.713 Thread 0x000001ee0dc04d80 Thread added: 0x000001ee0dc05b20
Event: 4.002 Thread 0x000001ee0dc05b20 Thread exited: 0x000001ee0dc05b20
Event: 4.026 Thread 0x000001ee6f4d31f0 Thread added: 0x000001ee6f7c5a50
Event: 4.092 Thread 0x000001ee6f4d31f0 Thread added: 0x000001ee6f7c7b20
Event: 4.115 Thread 0x000001ee6f4d31f0 Thread added: 0x000001ee6f7c7490
Event: 4.329 Thread 0x000001ee6f7c7490 Thread added: 0x000001ee6f7c60e0
Event: 4.557 Thread 0x000001ee0dc03fe0 Thread added: 0x000001ee7066a080
Event: 5.410 Thread 0x000001ee6f4d31f0 Thread added: 0x000001ee6f7c6770
Event: 5.684 Thread 0x000001ee6f7c60e0 Thread added: 0x000001ee6f7c6e00
Event: 5.909 Thread 0x000001ee6f7c6e00 Thread added: 0x000001ee71364120
Event: 5.913 Thread 0x000001ee71364120 Thread added: 0x000001ee71362d70


Dynamic libraries:
0x00007ff7ff860000 - 0x00007ff7ff86e000 	c:\Users\26738\.vscode\extensions\redhat.java-1.54.0-win32-x64\jre\21.0.10-win32-x86_64\bin\java.exe
0x00007ffd5a1e0000 - 0x00007ffd5a447000 	C:\WINDOWS\SYSTEM32\ntdll.dll
0x00007ffd592d0000 - 0x00007ffd59399000 	C:\WINDOWS\System32\KERNEL32.DLL
0x00007ffd576b0000 - 0x00007ffd57aa4000 	C:\WINDOWS\System32\KERNELBASE.dll
0x00007ffd57ce0000 - 0x00007ffd57e2b000 	C:\WINDOWS\System32\ucrtbase.dll
0x00007ffce7750000 - 0x00007ffce7768000 	c:\Users\26738\.vscode\extensions\redhat.java-1.54.0-win32-x64\jre\21.0.10-win32-x86_64\bin\jli.dll
0x00007ffcee180000 - 0x00007ffcee19e000 	c:\Users\26738\.vscode\extensions\redhat.java-1.54.0-win32-x64\jre\21.0.10-win32-x86_64\bin\VCRUNTIME140.dll
0x00007ffd59580000 - 0x00007ffd59745000 	C:\WINDOWS\System32\USER32.dll
0x00007ffd30ee0000 - 0x00007ffd31173000 	C:\WINDOWS\WinSxS\amd64_microsoft.windows.common-controls_6595b64144ccf1df_6.0.26100.8115_none_3e075c82e3354f9c\COMCTL32.dll
0x00007ffd57550000 - 0x00007ffd57577000 	C:\WINDOWS\System32\win32u.dll
0x00007ffd59c10000 - 0x00007ffd59cb9000 	C:\WINDOWS\System32\msvcrt.dll
0x00007ffd58510000 - 0x00007ffd5853b000 	C:\WINDOWS\System32\GDI32.dll
0x00007ffd57580000 - 0x00007ffd576ab000 	C:\WINDOWS\System32\gdi32full.dll
0x00007ffd57ec0000 - 0x00007ffd57f63000 	C:\WINDOWS\System32\msvcp_win.dll
0x00007ffd59cc0000 - 0x00007ffd59cf2000 	C:\WINDOWS\System32\IMM32.DLL
0x00007ffd2dca0000 - 0x00007ffd2dcac000 	c:\Users\26738\.vscode\extensions\redhat.java-1.54.0-win32-x64\jre\21.0.10-win32-x86_64\bin\vcruntime140_1.dll
0x00007ffcaf7c0000 - 0x00007ffcaf84d000 	c:\Users\26738\.vscode\extensions\redhat.java-1.54.0-win32-x64\jre\21.0.10-win32-x86_64\bin\msvcp140.dll
0x00007ffc34700000 - 0x00007ffc354a1000 	c:\Users\26738\.vscode\extensions\redhat.java-1.54.0-win32-x64\jre\21.0.10-win32-x86_64\bin\server\jvm.dll
0x00007ffd57fc0000 - 0x00007ffd58076000 	C:\WINDOWS\System32\ADVAPI32.dll
0x00007ffd599d0000 - 0x00007ffd59a77000 	C:\WINDOWS\System32\sechost.dll
0x00007ffd58230000 - 0x00007ffd58348000 	C:\WINDOWS\System32\RPCRT4.dll
0x00007ffd597d0000 - 0x00007ffd59850000 	C:\WINDOWS\System32\WS2_32.dll
0x00007ffd56910000 - 0x00007ffd5696e000 	C:\WINDOWS\SYSTEM32\POWRPROF.dll
0x00007ffd511d0000 - 0x00007ffd51206000 	C:\WINDOWS\SYSTEM32\WINMM.dll
0x00007ffd4e930000 - 0x00007ffd4e93b000 	C:\WINDOWS\SYSTEM32\VERSION.dll
0x00007ffd568f0000 - 0x00007ffd56904000 	C:\WINDOWS\SYSTEM32\UMPDC.dll
0x00007ffd55820000 - 0x00007ffd5583b000 	C:\WINDOWS\SYSTEM32\kernel.appcore.dll
0x00007ffd28ba0000 - 0x00007ffd28baa000 	c:\Users\26738\.vscode\extensions\redhat.java-1.54.0-win32-x64\jre\21.0.10-win32-x86_64\bin\jimage.dll
0x00007ffd548b0000 - 0x00007ffd54af2000 	C:\WINDOWS\SYSTEM32\DBGHELP.DLL
0x00007ffd58d30000 - 0x00007ffd590b2000 	C:\WINDOWS\System32\combase.dll
0x00007ffd59b30000 - 0x00007ffd59c08000 	C:\WINDOWS\System32\OLEAUT32.dll
0x00007ffd36820000 - 0x00007ffd3685b000 	C:\WINDOWS\SYSTEM32\dbgcore.DLL
0x00007ffd56ab0000 - 0x00007ffd56b55000 	C:\WINDOWS\System32\bcryptPrimitives.dll
0x00007ffd3d020000 - 0x00007ffd3d02f000 	c:\Users\26738\.vscode\extensions\redhat.java-1.54.0-win32-x64\jre\21.0.10-win32-x86_64\bin\instrument.dll
0x00007ffce6d10000 - 0x00007ffce6d30000 	c:\Users\26738\.vscode\extensions\redhat.java-1.54.0-win32-x64\jre\21.0.10-win32-x86_64\bin\java.dll
0x00007ffd585c0000 - 0x00007ffd58d27000 	C:\WINDOWS\System32\SHELL32.dll
0x00007ffd57ab0000 - 0x00007ffd57c1a000 	C:\WINDOWS\System32\wintypes.dll
0x00007ffd56b60000 - 0x00007ffd573c8000 	C:\WINDOWS\System32\windows.storage.dll
0x00007ffd58350000 - 0x00007ffd58448000 	C:\WINDOWS\System32\SHCORE.dll
0x00007ffd58550000 - 0x00007ffd585b6000 	C:\WINDOWS\System32\shlwapi.dll
0x00007ffd569d0000 - 0x00007ffd569f9000 	C:\WINDOWS\SYSTEM32\profapi.dll
0x00007ffce6c90000 - 0x00007ffce6ca8000 	c:\Users\26738\.vscode\extensions\redhat.java-1.54.0-win32-x64\jre\21.0.10-win32-x86_64\bin\zip.dll
0x00007ffd3d010000 - 0x00007ffd3d020000 	C:\Users\26738\.vscode\extensions\redhat.java-1.54.0-win32-x64\jre\21.0.10-win32-x86_64\bin\net.dll
0x00007ffd51040000 - 0x00007ffd5116d000 	C:\WINDOWS\SYSTEM32\WINHTTP.dll
0x00007ffd55db0000 - 0x00007ffd55e1c000 	C:\WINDOWS\system32\mswsock.dll
0x00007ffd06ed0000 - 0x00007ffd06ee6000 	C:\Users\26738\.vscode\extensions\redhat.java-1.54.0-win32-x64\jre\21.0.10-win32-x86_64\bin\nio.dll
0x00007ffd27e80000 - 0x00007ffd27e90000 	c:\Users\26738\.vscode\extensions\redhat.java-1.54.0-win32-x64\jre\21.0.10-win32-x86_64\bin\verify.dll
0x00007ffcea8c0000 - 0x00007ffcea905000 	C:\Users\26738\AppData\Roaming\Code\User\globalStorage\redhat.java\1.54.0\config_win\org.eclipse.equinox.launcher\org.eclipse.equinox.launcher.win32.win32.x86_64_1.3.0.v20260203-2149\eclipse_11919.dll
0x00007ffd58090000 - 0x00007ffd58227000 	C:\WINDOWS\System32\ole32.dll
0x00007ffd560a0000 - 0x00007ffd560bb000 	C:\WINDOWS\SYSTEM32\CRYPTSP.dll
0x00007ffd55770000 - 0x00007ffd557a9000 	C:\WINDOWS\system32\rsaenh.dll
0x00007ffd55e60000 - 0x00007ffd55e93000 	C:\WINDOWS\SYSTEM32\USERENV.dll
0x00007ffd569a0000 - 0x00007ffd569ca000 	C:\WINDOWS\SYSTEM32\bcrypt.dll
0x00007ffd56090000 - 0x00007ffd5609c000 	C:\WINDOWS\SYSTEM32\CRYPTBASE.dll
0x00007ffd551e0000 - 0x00007ffd55212000 	C:\WINDOWS\SYSTEM32\IPHLPAPI.DLL
0x00007ffd59860000 - 0x00007ffd5986a000 	C:\WINDOWS\System32\NSI.dll
0x00007ffc60360000 - 0x00007ffc603a9000 	C:\Users\26738\AppData\Local\Temp\jna-47839256\jna15749513777124163786.dll
0x00007ffd58540000 - 0x00007ffd58548000 	C:\WINDOWS\System32\PSAPI.DLL
0x00007ffd51830000 - 0x00007ffd5184d000 	C:\WINDOWS\SYSTEM32\dhcpcsvc6.DLL
0x00007ffd51800000 - 0x00007ffd51825000 	C:\WINDOWS\SYSTEM32\dhcpcsvc.DLL

JVMTI agents:
c:\Users\26738\.vscode\extensions\redhat.java-1.54.0-win32-x64\lombok\lombok-1.18.39-4050.jar path:c:\Users\26738\.vscode\extensions\redhat.java-1.54.0-win32-x64\jre\21.0.10-win32-x86_64\bin\instrument.dll, loaded, initialized, instrumentlib options:none

dbghelp: loaded successfully - version: 4.0.5 - missing functions: none
symbol engine: initialized successfully - sym options: 0x614 - pdb path: .;c:\Users\26738\.vscode\extensions\redhat.java-1.54.0-win32-x64\jre\21.0.10-win32-x86_64\bin;C:\WINDOWS\SYSTEM32;C:\WINDOWS\WinSxS\amd64_microsoft.windows.common-controls_6595b64144ccf1df_6.0.26100.8115_none_3e075c82e3354f9c;c:\Users\26738\.vscode\extensions\redhat.java-1.54.0-win32-x64\jre\21.0.10-win32-x86_64\bin\server;C:\Users\26738\AppData\Roaming\Code\User\globalStorage\redhat.java\1.54.0\config_win\org.eclipse.equinox.launcher\org.eclipse.equinox.launcher.win32.win32.x86_64_1.3.0.v20260203-2149;C:\Users\26738\AppData\Local\Temp\jna-47839256

VM Arguments:
jvm_args: --add-modules=ALL-SYSTEM --add-opens=java.base/java.util=ALL-UNNAMED --add-opens=java.base/java.lang=ALL-UNNAMED --add-opens=java.base/sun.nio.fs=ALL-UNNAMED -Declipse.application=org.eclipse.jdt.ls.core.id1 -Dosgi.bundles.defaultStartLevel=4 -Declipse.product=org.eclipse.jdt.ls.core.product -Djava.import.generatesMetadataFilesAtProjectRoot=false -DDetectVMInstallationsJob.disabled=true -Dfile.encoding=utf8 -XX:+UseParallelGC -XX:GCTimeRatio=4 -XX:AdaptiveSizePolicyWeight=90 -Dsun.zip.disableMemoryMapping=true -Xmx2G -Xms100m -Xlog:disable -javaagent:c:\Users\26738\.vscode\extensions\redhat.java-1.54.0-win32-x64\lombok\lombok-1.18.39-4050.jar -XX:+HeapDumpOnOutOfMemoryError -XX:HeapDumpPath=c:\Users\26738\AppData\Roaming\Code\User\workspaceStorage\aa6ddfe8fe14924d1cf1a656ad6f9cfc\redhat.java -Daether.dependencyCollector.impl=bf 
java_command: c:\Users\26738\.vscode\extensions\redhat.java-1.54.0-win32-x64\server\plugins\org.eclipse.equinox.launcher_1.7.100.v20251111-0406.jar -configuration c:\Users\26738\AppData\Roaming\Code\User\globalStorage\redhat.java\1.54.0\config_win -data c:\Users\26738\AppData\Roaming\Code\User\workspaceStorage\aa6ddfe8fe14924d1cf1a656ad6f9cfc\redhat.java\jdt_ws --pipe=\\.\pipe\lsp-1d737216c9b813888b8a8d07a1451e12-sock
java_class_path (initial): c:\Users\26738\.vscode\extensions\redhat.java-1.54.0-win32-x64\server\plugins\org.eclipse.equinox.launcher_1.7.100.v20251111-0406.jar
Launcher Type: SUN_STANDARD

[Global flags]
    uintx AdaptiveSizePolicyWeight                 = 90                                        {product} {command line}
     intx CICompilerCount                          = 12                                        {product} {ergonomic}
    uintx GCTimeRatio                              = 4                                         {product} {command line}
     bool HeapDumpOnOutOfMemoryError               = true                                   {manageable} {command line}
    ccstr HeapDumpPath                             = c:\Users\26738\AppData\Roaming\Code\User\workspaceStorage\aa6ddfe8fe14924d1cf1a656ad6f9cfc\redhat.java         {manageable} {command line}
   size_t InitialHeapSize                          = 104857600                                 {product} {command line}
   size_t MaxHeapSize                              = 2147483648                                {product} {command line}
   size_t MaxNewSize                               = 715653120                                 {product} {ergonomic}
   size_t MinHeapDeltaBytes                        = 524288                                    {product} {ergonomic}
   size_t MinHeapSize                              = 104857600                                 {product} {command line}
   size_t NewSize                                  = 34603008                                  {product} {ergonomic}
    uintx NonNMethodCodeHeapSize                   = 7602480                                {pd product} {ergonomic}
    uintx NonProfiledCodeHeapSize                  = 122027880                              {pd product} {ergonomic}
   size_t OldSize                                  = 70254592                                  {product} {ergonomic}
    uintx ProfiledCodeHeapSize                     = 122027880                              {pd product} {ergonomic}
    uintx ReservedCodeCacheSize                    = 251658240                              {pd product} {ergonomic}
     bool SegmentedCodeCache                       = true                                      {product} {ergonomic}
   size_t SoftMaxHeapSize                          = 2147483648                             {manageable} {ergonomic}
     bool UseCompressedOops                        = true                           {product lp64_product} {ergonomic}
     bool UseLargePagesIndividualAllocation        = false                                  {pd product} {ergonomic}
     bool UseParallelGC                            = true                                      {product} {command line}

Logging:
Log output configuration:
 #0: stdout all=off uptime,level,tags foldmultilines=false
 #1: stderr all=off uptime,level,tags foldmultilines=false

Release file:
JAVA_VERSION="21.0.10" 
MODULES="java.base java.compiler java.datatransfer java.xml java.prefs java.desktop java.instrument java.logging java.management java.security.sasl java.naming java.rmi java.management.rmi java.net.http java.scripting java.security.jgss java.transaction.xa java.sql java.sql.rowset java.xml.crypto java.se java.smartcardio jdk.accessibility jdk.internal.jvmstat jdk.attach jdk.charsets jdk.internal.opt jdk.zipfs jdk.compiler jdk.crypto.ec jdk.crypto.cryptoki jdk.crypto.mscapi jdk.dynalink jdk.internal.ed jdk.editpad jdk.hotspot.agent jdk.httpserver jdk.internal.le jdk.internal.vm.ci jdk.internal.vm.compiler jdk.internal.vm.compiler.management jdk.jartool jdk.javadoc jdk.jcmd jdk.management jdk.management.agent jdk.jconsole jdk.jdeps jdk.jdwp.agent jdk.jdi jdk.jfr jdk.jshell jdk.jsobject jdk.jstatd jdk.localedata jdk.management.jfr jdk.naming.dns jdk.naming.rmi jdk.net jdk.nio.mapmode jdk.random jdk.sctp jdk.security.auth jdk.security.jgss jdk.unsupported jdk.unsupported.desktop jdk.xml.dom" 

Environment Variables:
JAVA_HOME=F:\Interpreter\JAVA17
PATH=C:\Users\26738\AppData\Local\Programs\Microsoft VS Code;F:\Interpreter\JAVA17\bin;F:\Interpreter\PY\Scripts\;F:\Interpreter\PY\;F:\VM\bin\;C:\WINDOWS\system32;C:\WINDOWS;C:\WINDOWS\System32\Wbem;C:\WINDOWS\System32\WindowsPowerShell\v1.0\;C:\WINDOWS\System32\OpenSSH\;C:\Program Files\dotnet\;C:\Program Files\Microsoft SQL Server\150\Tools\Binn\;C:\Program Files\Microsoft SQL Server\Client SDK\ODBC\170\Tools\Binn\;C:\Program Files (x86)\Windows Kits\10\Windows Performance Toolkit\;C:\Program Files\Git\cmd;C:\Program Files\Docker\Docker\resources\bin;F:\MySQL\MySQL Server 8.0\bin;F:\Maven\apache-maven-3.9.15\bin;C:\Users\26738\.local\bin;F:\Interpreter\Nacos_146\nacos\bin;F:\Interpreter\Redis863\Redis-8.6.3-Windows-x64-cygwin-with-Service;F:\Interpreter\Erlang27_3_4_11\Erlang OTP\bin;F:\Interpreter\RabbitMQ Server\rabbitmq_server-4.3.0\sbin;F:\Interpreter\nvm;F:\Interpreter\nodejs;F:\Interpreter\nodejs\nodejs\node_global\node_modules\yarn\bin;F:\Interpreter\Nginx\nginx-1.22.1\;F:\MySQL\MySQL Shell 8.0\bin\;f:\Tr_code_cn\Trae CN\bin;C:\Users\26738\AppData\Local\Microsoft\WindowsApps;C:\Users\26738\.dotnet\tools;F:\IDEA\IntelliJ IDEA 2024.1.7\bin;F:\PyCharm\PyCharm 2024.1.7\bin;C:\Users\26738\AppData\Local\Programs\Microsoft VS Code\bin;F:\Cursor\cursor\resources\app\bin;C:\Program Files\mingw64\bin;F:\anac\anaconda3;F:\anac\anaconda3\Library\usr\bin;F:\anac\anaconda3\Library\mingw-w64;F:\anac\anaconda3\Library\bin;F:\anac\anaconda3\Scripts;C:\Users\26738\AppData\Local\Microsoft\WinGet\Links;F:\Interpreter\nvm;F:\Interpreter\nodejs;
USERNAME=26738
OS=Windows_NT
PROCESSOR_IDENTIFIER=Intel64 Family 6 Model 183 Stepping 1, GenuineIntel
TMP=C:\Users\26738\AppData\Local\Temp
TEMP=C:\Users\26738\AppData\Local\Temp




Periodic native trim disabled

---------------  S Y S T E M  ---------------

OS:
 Windows 11 , 64 bit Build 26100 (10.0.26100.8246)
OS uptime: 3 days 6:07 hours
Hyper-V role detected

CPU: total 20 (initial active 20) (10 cores per cpu, 2 threads per core) family 6 model 183 stepping 1 microcode 0x133, cx8, cmov, fxsr, ht, mmx, 3dnowpref, sse, sse2, sse3, ssse3, sse4.1, sse4.2, popcnt, lzcnt, tsc, tscinvbit, avx, avx2, aes, erms, clmul, bmi1, bmi2, adx, sha, fma, vzeroupper, clflush, clflushopt, clwb, hv, serialize, rdtscp, rdpid, fsrm, f16c, cet_ibt, cet_ss
Processor Information for processor 0
  Max Mhz: 2600, Current Mhz: 2600, Mhz Limit: 2600
Processor Information for processor 1
  Max Mhz: 2600, Current Mhz: 1496, Mhz Limit: 2600
Processor Information for processor 2
  Max Mhz: 2600, Current Mhz: 2600, Mhz Limit: 2600
Processor Information for processor 3
  Max Mhz: 2600, Current Mhz: 1496, Mhz Limit: 2600
Processor Information for processor 4
  Max Mhz: 2600, Current Mhz: 2600, Mhz Limit: 2600
Processor Information for processor 5
  Max Mhz: 2600, Current Mhz: 1496, Mhz Limit: 2600
Processor Information for processor 6
  Max Mhz: 2600, Current Mhz: 2600, Mhz Limit: 2600
Processor Information for processor 7
  Max Mhz: 2600, Current Mhz: 1496, Mhz Limit: 2600
Processor Information for processor 8
  Max Mhz: 2600, Current Mhz: 2600, Mhz Limit: 2600
Processor Information for processor 9
  Max Mhz: 2600, Current Mhz: 1496, Mhz Limit: 2600
Processor Information for processor 10
  Max Mhz: 2600, Current Mhz: 2600, Mhz Limit: 2600
Processor Information for processor 11
  Max Mhz: 2600, Current Mhz: 1496, Mhz Limit: 2600
Processor Information for processor 12
  Max Mhz: 2600, Current Mhz: 2600, Mhz Limit: 2600
Processor Information for processor 13
  Max Mhz: 2600, Current Mhz: 2600, Mhz Limit: 2600
Processor Information for processor 14
  Max Mhz: 2600, Current Mhz: 2600, Mhz Limit: 2600
Processor Information for processor 15
  Max Mhz: 2600, Current Mhz: 2600, Mhz Limit: 2600
Processor Information for processor 16
  Max Mhz: 2600, Current Mhz: 2600, Mhz Limit: 2600
Processor Information for processor 17
  Max Mhz: 2600, Current Mhz: 2600, Mhz Limit: 2600
Processor Information for processor 18
  Max Mhz: 2600, Current Mhz: 2600, Mhz Limit: 2600
Processor Information for processor 19
  Max Mhz: 2600, Current Mhz: 2600, Mhz Limit: 2600

Memory: 4k page, system-wide physical 16068M (795M free)
TotalPageFile size 60166M (AvailPageFile size 30M)
current process WorkingSet (physical memory assigned to process): 205M, peak: 220M
current process commit charge ("private bytes"): 348M, peak: 362M

vm_info: OpenJDK 64-Bit Server VM (21.0.10+7-LTS) for windows-amd64 JRE (21.0.10+7-LTS), built on 2026-01-20T00:00:00Z by "admin" with MS VC++ 17.12 (VS2022)

END.
